Archive member included to satisfy reference by file (symbol)

c:/progra~2/armgnu~1/12dbab~1.2re/bin/../lib/gcc/arm-none-eabi/12.2.1/thumb/v7e-m/nofp\libg.a(libc_a-exit.o)
                              c:/progra~2/armgnu~1/12dbab~1.2re/bin/../lib/gcc/arm-none-eabi/12.2.1/thumb/v7e-m/nofp/crt0.o (exit)
c:/progra~2/armgnu~1/12dbab~1.2re/bin/../lib/gcc/arm-none-eabi/12.2.1/thumb/v7e-m/nofp\libg.a(libc_a-findfp.o)
                              c:/progra~2/armgnu~1/12dbab~1.2re/bin/../lib/gcc/arm-none-eabi/12.2.1/thumb/v7e-m/nofp\libg.a(libc_a-exit.o) (__stdio_exit_handler)
c:/progra~2/armgnu~1/12dbab~1.2re/bin/../lib/gcc/arm-none-eabi/12.2.1/thumb/v7e-m/nofp\libg.a(libc_a-fwalk.o)
                              c:/progra~2/armgnu~1/12dbab~1.2re/bin/../lib/gcc/arm-none-eabi/12.2.1/thumb/v7e-m/nofp\libg.a(libc_a-findfp.o) (_fwalk_sglue)
c:/progra~2/armgnu~1/12dbab~1.2re/bin/../lib/gcc/arm-none-eabi/12.2.1/thumb/v7e-m/nofp\libg.a(libc_a-stdio.o)
                              c:/progra~2/armgnu~1/12dbab~1.2re/bin/../lib/gcc/arm-none-eabi/12.2.1/thumb/v7e-m/nofp\libg.a(libc_a-findfp.o) (__sread)
c:/progra~2/armgnu~1/12dbab~1.2re/bin/../lib/gcc/arm-none-eabi/12.2.1/thumb/v7e-m/nofp\libg.a(libc_a-memset.o)
                              c:/progra~2/armgnu~1/12dbab~1.2re/bin/../lib/gcc/arm-none-eabi/12.2.1/thumb/v7e-m/nofp/crt0.o (memset)
c:/progra~2/armgnu~1/12dbab~1.2re/bin/../lib/gcc/arm-none-eabi/12.2.1/thumb/v7e-m/nofp\libg.a(libc_a-closer.o)
                              c:/progra~2/armgnu~1/12dbab~1.2re/bin/../lib/gcc/arm-none-eabi/12.2.1/thumb/v7e-m/nofp\libg.a(libc_a-stdio.o) (_close_r)
c:/progra~2/armgnu~1/12dbab~1.2re/bin/../lib/gcc/arm-none-eabi/12.2.1/thumb/v7e-m/nofp\libg.a(libc_a-reent.o)
                              c:/progra~2/armgnu~1/12dbab~1.2re/bin/../lib/gcc/arm-none-eabi/12.2.1/thumb/v7e-m/nofp\libg.a(libc_a-closer.o) (errno)
c:/progra~2/armgnu~1/12dbab~1.2re/bin/../lib/gcc/arm-none-eabi/12.2.1/thumb/v7e-m/nofp\libg.a(libc_a-impure.o)
                              c:/progra~2/armgnu~1/12dbab~1.2re/bin/../lib/gcc/arm-none-eabi/12.2.1/thumb/v7e-m/nofp\libg.a(libc_a-reent.o) (_impure_ptr)
c:/progra~2/armgnu~1/12dbab~1.2re/bin/../lib/gcc/arm-none-eabi/12.2.1/thumb/v7e-m/nofp\libg.a(libc_a-lseekr.o)
                              c:/progra~2/armgnu~1/12dbab~1.2re/bin/../lib/gcc/arm-none-eabi/12.2.1/thumb/v7e-m/nofp\libg.a(libc_a-stdio.o) (_lseek_r)
c:/progra~2/armgnu~1/12dbab~1.2re/bin/../lib/gcc/arm-none-eabi/12.2.1/thumb/v7e-m/nofp\libg.a(libc_a-readr.o)
                              c:/progra~2/armgnu~1/12dbab~1.2re/bin/../lib/gcc/arm-none-eabi/12.2.1/thumb/v7e-m/nofp\libg.a(libc_a-stdio.o) (_read_r)
c:/progra~2/armgnu~1/12dbab~1.2re/bin/../lib/gcc/arm-none-eabi/12.2.1/thumb/v7e-m/nofp\libg.a(libc_a-writer.o)
                              c:/progra~2/armgnu~1/12dbab~1.2re/bin/../lib/gcc/arm-none-eabi/12.2.1/thumb/v7e-m/nofp\libg.a(libc_a-stdio.o) (_write_r)
c:/progra~2/armgnu~1/12dbab~1.2re/bin/../lib/gcc/arm-none-eabi/12.2.1/thumb/v7e-m/nofp\libg.a(libc_a-errno.o)
                              CMakeFiles/SpaceInvaders.elf.dir/Core/Src/syscalls.c.obj (__errno)
c:/progra~2/armgnu~1/12dbab~1.2re/bin/../lib/gcc/arm-none-eabi/12.2.1/thumb/v7e-m/nofp\libg.a(libc_a-init.o)
                              c:/progra~2/armgnu~1/12dbab~1.2re/bin/../lib/gcc/arm-none-eabi/12.2.1/thumb/v7e-m/nofp/crt0.o (__libc_init_array)
c:/progra~2/armgnu~1/12dbab~1.2re/bin/../lib/gcc/arm-none-eabi/12.2.1/thumb/v7e-m/nofp\libg.a(libc_a-lock.o)
                              c:/progra~2/armgnu~1/12dbab~1.2re/bin/../lib/gcc/arm-none-eabi/12.2.1/thumb/v7e-m/nofp\libg.a(libc_a-findfp.o) (__retarget_lock_init_recursive)
c:/progra~2/armgnu~1/12dbab~1.2re/bin/../lib/gcc/arm-none-eabi/12.2.1/thumb/v7e-m/nofp\libg.a(libc_a-strlen.o)
                              CMakeFiles/SpaceInvaders.elf.dir/Core/Src/LiquidCrystal.c.obj (strlen)
c:/progra~2/armgnu~1/12dbab~1.2re/bin/../lib/gcc/arm-none-eabi/12.2.1/thumb/v7e-m/nofp\libg.a(libc_a-__call_atexit.o)
                              c:/progra~2/armgnu~1/12dbab~1.2re/bin/../lib/gcc/arm-none-eabi/12.2.1/thumb/v7e-m/nofp\libg.a(libc_a-exit.o) (__call_exitprocs)
c:/progra~2/armgnu~1/12dbab~1.2re/bin/../lib/gcc/arm-none-eabi/12.2.1/thumb/v7e-m/nofp\libg.a(libc_a-atexit.o)
                              c:/progra~2/armgnu~1/12dbab~1.2re/bin/../lib/gcc/arm-none-eabi/12.2.1/thumb/v7e-m/nofp\libg.a(libc_a-__call_atexit.o) (atexit)
c:/progra~2/armgnu~1/12dbab~1.2re/bin/../lib/gcc/arm-none-eabi/12.2.1/thumb/v7e-m/nofp\libg.a(libc_a-freer.o)
                              c:/progra~2/armgnu~1/12dbab~1.2re/bin/../lib/gcc/arm-none-eabi/12.2.1/thumb/v7e-m/nofp\libg.a(libc_a-reent.o) (_free_r)
c:/progra~2/armgnu~1/12dbab~1.2re/bin/../lib/gcc/arm-none-eabi/12.2.1/thumb/v7e-m/nofp\libg.a(libc_a-mallocr.o)
                              c:/progra~2/armgnu~1/12dbab~1.2re/bin/../lib/gcc/arm-none-eabi/12.2.1/thumb/v7e-m/nofp\libg.a(libc_a-findfp.o) (_malloc_r)
[...]
Memory Configuration

Name             Origin             Length             Attributes
CCMRAM           0x10000000         0x00002000         xrw
RAM              0x20000000         0x0000a000         xrw
FLASH            0x08000000         0x00040000         xr
*default*        0x00000000         0xffffffff

Linker script and memory map

LOAD c:/progra~2/armgnu~1/12dbab~1.2re/bin/../lib/gcc/arm-none-eabi/12.2.1/thumb/v7e-m/nofp/crti.o
LOAD c:/progra~2/armgnu~1/12dbab~1.2re/bin/../lib/gcc/arm-none-eabi/12.2.1/thumb/v7e-m/nofp/crtbegin.o
LOAD c:/progra~2/armgnu~1/12dbab~1.2re/bin/../lib/gcc/arm-none-eabi/12.2.1/thumb/v7e-m/nofp/crt0.o
LOAD CMakeFiles/SpaceInvaders.elf.dir/Core/Src/LiquidCrystal.c.obj
LOAD CMakeFiles/SpaceInvaders.elf.dir/Core/Src/main.c.obj
LOAD CMakeFiles/SpaceInvaders.elf.dir/Core/Src/stm32f3xx_hal_msp.c.obj
LOAD CMakeFiles/SpaceInvaders.elf.dir/Core/Src/stm32f3xx_it.c.obj
LOAD CMakeFiles/SpaceInvaders.elf.dir/Core/Src/syscalls.c.obj
LOAD CMakeFiles/SpaceInvaders.elf.dir/Core/Src/sysmem.c.obj
LOAD CMakeFiles/SpaceInvaders.elf.dir/Core/Src/system_stm32f3xx.c.obj
LOAD CMakeFiles/SpaceInvaders.elf.dir/Core/Startup/startup_stm32f303vctx.s.obj
LOAD CMakeFiles/SpaceInvaders.elf.dir/Drivers/STM32F3xx_HAL_Driver/Src/stm32f3xx_hal.c.obj
LOAD CMakeFiles/SpaceInvaders.elf.dir/Drivers/STM32F3xx_HAL_Driver/Src/stm32f3xx_hal_cortex.c.obj
LOAD CMakeFiles/SpaceInvaders.elf.dir/Drivers/STM32F3xx_HAL_Driver/Src/stm32f3xx_hal_dma.c.obj
LOAD CMakeFiles/SpaceInvaders.elf.dir/Drivers/STM32F3xx_HAL_Driver/Src/stm32f3xx_hal_exti.c.obj
LOAD CMakeFiles/SpaceInvaders.elf.dir/Drivers/STM32F3xx_HAL_Driver/Src/stm32f3xx_hal_flash.c.obj
LOAD CMakeFiles/SpaceInvaders.elf.dir/Drivers/STM32F3xx_HAL_Driver/Src/stm32f3xx_hal_flash_ex.c.obj
LOAD CMakeFiles/SpaceInvaders.elf.dir/Drivers/STM32F3xx_HAL_Driver/Src/stm32f3xx_hal_gpio.c.obj
LOAD CMakeFiles/SpaceInvaders.elf.dir/Drivers/STM32F3xx_HAL_Driver/Src/stm32f3xx_hal_i2c.c.obj
LOAD CMakeFiles/SpaceInvaders.elf.dir/Drivers/STM32F3xx_HAL_Driver/Src/stm32f3xx_hal_i2c_ex.c.obj
LOAD CMakeFiles/SpaceInvaders.elf.dir/Drivers/STM32F3xx_HAL_Driver/Src/stm32f3xx_hal_pcd.c.obj
LOAD CMakeFiles/SpaceInvaders.elf.dir/Drivers/STM32F3xx_HAL_Driver/Src/stm32f3xx_hal_pcd_ex.c.obj
LOAD CMakeFiles/SpaceInvaders.elf.dir/Drivers/STM32F3xx_HAL_Driver/Src/stm32f3xx_hal_pwr.c.obj
LOAD CMakeFiles/SpaceInvaders.elf.dir/Drivers/STM32F3xx_HAL_Driver/Src/stm32f3xx_hal_pwr_ex.c.obj
LOAD CMakeFiles/SpaceInvaders.elf.dir/Drivers/STM32F3xx_HAL_Driver/Src/stm32f3xx_hal_rcc.c.obj
LOAD CMakeFiles/SpaceInvaders.elf.dir/Drivers/STM32F3xx_HAL_Driver/Src/stm32f3xx_hal_rcc_ex.c.obj
LOAD CMakeFiles/SpaceInvaders.elf.dir/Drivers/STM32F3xx_HAL_Driver/Src/stm32f3xx_hal_spi.c.obj
LOAD CMakeFiles/SpaceInvaders.elf.dir/Drivers/STM32F3xx_HAL_Driver/Src/stm32f3xx_hal_spi_ex.c.obj
LOAD CMakeFiles/SpaceInvaders.elf.dir/Drivers/STM32F3xx_HAL_Driver/Src/stm32f3xx_hal_tim.c.obj
LOAD CMakeFiles/SpaceInvaders.elf.dir/Drivers/STM32F3xx_HAL_Driver/Src/stm32f3xx_hal_tim_ex.c.obj
LOAD CMakeFiles/SpaceInvaders.elf.dir/Drivers/STM32F3xx_HAL_Driver/Src/stm32f3xx_ll_usb.c.obj
START GROUP
LOAD c:/progra~2/armgnu~1/12dbab~1.2re/bin/../lib/gcc/arm-none-eabi/12.2.1/thumb/v7e-m/nofp\libgcc.a
LOAD c:/progra~2/armgnu~1/12dbab~1.2re/bin/../lib/gcc/arm-none-eabi/12.2.1/thumb/v7e-m/nofp\libg.a
LOAD c:/progra~2/armgnu~1/12dbab~1.2re/bin/../lib/gcc/arm-none-eabi/12.2.1/thumb/v7e-m/nofp\libc.a
END GROUP
LOAD c:/progra~2/armgnu~1/12dbab~1.2re/bin/../lib/gcc/arm-none-eabi/12.2.1/thumb/v7e-m/nofp/crtend.o
LOAD c:/progra~2/armgnu~1/12dbab~1.2re/bin/../lib/gcc/arm-none-eabi/12.2.1/thumb/v7e-m/nofp/crtn.o
                0x2000a000                _estack = (ORIGIN (RAM) + LENGTH (RAM))
                0x00000200                _Min_Heap_Size = 0x200
                0x00000400                _Min_Stack_Size = 0x400

.isr_vector     0x08000000      0x188
                0x08000000                . = ALIGN (0x4)
 *(.isr_vector)
 .isr_vector    0x08000000      0x188 CMakeFiles/SpaceInvaders.elf.dir/Core/Startup/startup_stm32f303vctx.s.obj
                0x08000000                g_pfnVectors
                0x08000188                . = ALIGN (0x4)

.text           0x08000188     0x1958
                0x08000188                . = ALIGN (0x4)
 *(.text)
 *(.text*)
 .text.deregister_tm_clones
                0x08000188       0x1c c:/progra~2/armgnu~1/12dbab~1.2re/bin/../lib/gcc/arm-none-eabi/12.2.1/thumb/v7e-m/nofp/crtbegin.o
 .text.register_tm_clones
                0x080001a4       0x24 c:/progra~2/armgnu~1/12dbab~1.2re/bin/../lib/gcc/arm-none-eabi/12.2.1/thumb/v7e-m/nofp/crtbegin.o
 .text.__do_global_dtors_aux
                0x080001c8       0x28 c:/progra~2/armgnu~1/12dbab~1.2re/bin/../lib/gcc/arm-none-eabi/12.2.1/thumb/v7e-m/nofp/crtbegin.o
 .text.frame_dummy
                0x080001f0       0x24 c:/progra~2/armgnu~1/12dbab~1.2re/bin/../lib/gcc/arm-none-eabi/12.2.1/thumb/v7e-m/nofp/crtbegin.o
 .text.MX_GPIO_Init
                0x08000214       0xfc CMakeFiles/SpaceInvaders.elf.dir/Core/Src/main.c.obj
 .text.HAL_GPIO_EXTI_Callback
                0x08000310       0xa8 CMakeFiles/SpaceInvaders.elf.dir/Core/Src/main.c.obj
                0x08000310                HAL_GPIO_EXTI_Callback
 .text.Error_Handler
                0x080003b8        0x4 CMakeFiles/SpaceInvaders.elf.dir/Core/Src/main.c.obj
                0x080003b8                Error_Handler
 .text.MX_I2C1_Init
                0x080003bc       0x54 CMakeFiles/SpaceInvaders.elf.dir/Core/Src/main.c.obj
 .text.MX_SPI1_Init
                0x08000410       0x48 CMakeFiles/SpaceInvaders.elf.dir/Core/Src/main.c.obj
 .text.MX_USB_PCD_Init
                0x08000458       0x2c CMakeFiles/SpaceInvaders.elf.dir/Core/Src/main.c.obj
 .text.SystemClock_Config
                0x08000484       0x98 CMakeFiles/SpaceInvaders.elf.dir/Core/Src/main.c.obj
                0x08000484                SystemClock_Config
 .text.main     0x0800051c       0x2c CMakeFiles/SpaceInvaders.elf.dir/Core/Src/main.c.obj
                0x0800051c                main
 .text.HAL_MspInit
                0x08000548       0x3c CMakeFiles/SpaceInvaders.elf.dir/Core/Src/stm32f3xx_hal_msp.c.obj
                0x08000548                HAL_MspInit
 .text.HAL_I2C_MspInit
                0x08000584       0x6c CMakeFiles/SpaceInvaders.elf.dir/Core/Src/stm32f3xx_hal_msp.c.obj
                0x08000584                HAL_I2C_MspInit
 .text.HAL_SPI_MspInit
                0x080005f0       0x68 CMakeFiles/SpaceInvaders.elf.dir/Core/Src/stm32f3xx_hal_msp.c.obj
                0x080005f0                HAL_SPI_MspInit
 .text.HAL_PCD_MspInit
                0x08000658       0x68 CMakeFiles/SpaceInvaders.elf.dir/Core/Src/stm32f3xx_hal_msp.c.obj
                0x08000658                HAL_PCD_MspInit
 .text.NMI_Handler
                0x080006c0        0x2 CMakeFiles/SpaceInvaders.elf.dir/Core/Src/stm32f3xx_it.c.obj
                0x080006c0                NMI_Handler
 .text.HardFault_Handler
                0x080006c2        0x2 CMakeFiles/SpaceInvaders.elf.dir/Core/Src/stm32f3xx_it.c.obj
                0x080006c2                HardFault_Handler
 .text.MemManage_Handler
                0x080006c4        0x2 CMakeFiles/SpaceInvaders.elf.dir/Core/Src/stm32f3xx_it.c.obj
                0x080006c4                MemManage_Handler
 .text.BusFault_Handler
                0x080006c6        0x2 CMakeFiles/SpaceInvaders.elf.dir/Core/Src/stm32f3xx_it.c.obj
                0x080006c6                BusFault_Handler
 .text.UsageFault_Handler
                0x080006c8        0x2 CMakeFiles/SpaceInvaders.elf.dir/Core/Src/stm32f3xx_it.c.obj
                0x080006c8                UsageFault_Handler
 .text.SVC_Handler
                0x080006ca        0x2 CMakeFiles/SpaceInvaders.elf.dir/Core/Src/stm32f3xx_it.c.obj
                0x080006ca                SVC_Handler
 .text.DebugMon_Handler
                0x080006cc        0x2 CMakeFiles/SpaceInvaders.elf.dir/Core/Src/stm32f3xx_it.c.obj
                0x080006cc                DebugMon_Handler
 .text.PendSV_Handler
                0x080006ce        0x2 CMakeFiles/SpaceInvaders.elf.dir/Core/Src/stm32f3xx_it.c.obj
                0x080006ce                PendSV_Handler
 .text.SysTick_Handler
                0x080006d0        0x8 CMakeFiles/SpaceInvaders.elf.dir/Core/Src/stm32f3xx_it.c.obj
                0x080006d0                SysTick_Handler
 .text.EXTI15_10_IRQHandler
                0x080006d8       0x24 CMakeFiles/SpaceInvaders.elf.dir/Core/Src/stm32f3xx_it.c.obj
                0x080006d8                EXTI15_10_IRQHandler
 .text.SystemInit
                0x080006fc        0x2 CMakeFiles/SpaceInvaders.elf.dir/Core/Src/system_stm32f3xx.c.obj
                0x080006fc                SystemInit
 *fill*         0x080006fe        0x2 
 .text.Reset_Handler
                0x08000700       0x50 CMakeFiles/SpaceInvaders.elf.dir/Core/Startup/startup_stm32f303vctx.s.obj
                0x08000700                Reset_Handler
 .text.Default_Handler
                0x08000750        0x2 CMakeFiles/SpaceInvaders.elf.dir/Core/Startup/startup_stm32f303vctx.s.obj
                0x08000750                RTC_Alarm_IRQHandler
                0x08000750                TIM8_TRG_COM_IRQHandler
                0x08000750                TIM8_CC_IRQHandler
                0x08000750                TIM1_CC_IRQHandler
                0x08000750                USB_HP_IRQHandler
                0x08000750                PVD_IRQHandler
                0x08000750                TAMP_STAMP_IRQHandler
                0x08000750                EXTI3_IRQHandler
                0x08000750                USB_HP_CAN_TX_IRQHandler
                0x08000750                EXTI0_IRQHandler
                0x08000750                I2C2_EV_IRQHandler
                0x08000750                FPU_IRQHandler
                0x08000750                TIM1_UP_TIM16_IRQHandler
                0x08000750                ADC1_2_IRQHandler
                0x08000750                SPI1_IRQHandler
                0x08000750                CAN_SCE_IRQHandler
                0x08000750                TIM6_DAC_IRQHandler
                0x08000750                TIM8_UP_IRQHandler
                0x08000750                DMA2_Channel2_IRQHandler
                0x08000750                DMA1_Channel4_IRQHandler
                0x08000750                USART3_IRQHandler
                0x08000750                DMA1_Channel7_IRQHandler
                0x08000750                UART5_IRQHandler
                0x08000750                ADC3_IRQHandler
                0x08000750                TIM4_IRQHandler
                0x08000750                CAN_RX1_IRQHandler
                0x08000750                DMA2_Channel1_IRQHandler
                0x08000750                I2C1_EV_IRQHandler
                0x08000750                DMA1_Channel6_IRQHandler
                0x08000750                UART4_IRQHandler
                0x08000750                DMA2_Channel4_IRQHandler
                0x08000750                TIM3_IRQHandler
                0x08000750                RCC_IRQHandler
                0x08000750                DMA1_Channel1_IRQHandler
                0x08000750                Default_Handler
                0x08000750                USBWakeUp_RMP_IRQHandler
                0x08000750                TIM7_IRQHandler
                0x08000750                EXTI9_5_IRQHandler
                0x08000750                RTC_WKUP_IRQHandler
                0x08000750                SPI2_IRQHandler
                0x08000750                USB_LP_CAN_RX0_IRQHandler
                0x08000750                DMA2_Channel5_IRQHandler
                0x08000750                DMA1_Channel5_IRQHandler
                0x08000750                USB_LP_IRQHandler
                0x08000750                EXTI4_IRQHandler
                0x08000750                TIM1_TRG_COM_TIM17_IRQHandler
                0x08000750                DMA1_Channel3_IRQHandler
                0x08000750                ADC4_IRQHandler
                0x08000750                WWDG_IRQHandler
                0x08000750                TIM2_IRQHandler
                0x08000750                COMP7_IRQHandler
                0x08000750                COMP1_2_3_IRQHandler
                0x08000750                EXTI1_IRQHandler
                0x08000750                USART2_IRQHandler
                0x08000750                COMP4_5_6_IRQHandler
                0x08000750                I2C2_ER_IRQHandler
                0x08000750                DMA1_Channel2_IRQHandler
                0x08000750                TIM8_BRK_IRQHandler
                0x08000750                FLASH_IRQHandler
                0x08000750                USART1_IRQHandler
                0x08000750                SPI3_IRQHandler
                0x08000750                I2C1_ER_IRQHandler
                0x08000750                USBWakeUp_IRQHandler
                0x08000750                DMA2_Channel3_IRQHandler
                0x08000750                EXTI2_TSC_IRQHandler
                0x08000750                TIM1_BRK_TIM15_IRQHandler
 *fill*         0x08000752        0x2 
 .text.HAL_InitTick
                0x08000754       0x4c CMakeFiles/SpaceInvaders.elf.dir/Drivers/STM32F3xx_HAL_Driver/Src/stm32f3xx_hal.c.obj
                0x08000754                HAL_InitTick
 .text.HAL_Init
                0x080007a0       0x24 CMakeFiles/SpaceInvaders.elf.dir/Drivers/STM32F3xx_HAL_Driver/Src/stm32f3xx_hal.c.obj
                0x080007a0                HAL_Init
 .text.HAL_IncTick
                0x080007c4       0x18 CMakeFiles/SpaceInvaders.elf.dir/Drivers/STM32F3xx_HAL_Driver/Src/stm32f3xx_hal.c.obj
                0x080007c4                HAL_IncTick
 .text.HAL_GetTick
                0x080007dc        0xc CMakeFiles/SpaceInvaders.elf.dir/Drivers/STM32F3xx_HAL_Driver/Src/stm32f3xx_hal.c.obj
                0x080007dc                HAL_GetTick
 .text.__NVIC_SetPriority
                0x080007e8       0x28 CMakeFiles/SpaceInvaders.elf.dir/Drivers/STM32F3xx_HAL_Driver/Src/stm32f3xx_hal_cortex.c.obj
 .text.NVIC_EncodePriority
                0x08000810       0x3e CMakeFiles/SpaceInvaders.elf.dir/Drivers/STM32F3xx_HAL_Driver/Src/stm32f3xx_hal_cortex.c.obj
 *fill*         0x0800084e        0x2 
 .text.HAL_NVIC_SetPriorityGrouping
                0x08000850       0x24 CMakeFiles/SpaceInvaders.elf.dir/Drivers/STM32F3xx_HAL_Driver/Src/stm32f3xx_hal_cortex.c.obj
                0x08000850                HAL_NVIC_SetPriorityGrouping
 .text.HAL_NVIC_SetPriority
                0x08000874       0x20 CMakeFiles/SpaceInvaders.elf.dir/Drivers/STM32F3xx_HAL_Driver/Src/stm32f3xx_hal_cortex.c.obj
                0x08000874                HAL_NVIC_SetPriority
 .text.HAL_NVIC_EnableIRQ
                0x08000894       0x1c CMakeFiles/SpaceInvaders.elf.dir/Drivers/STM32F3xx_HAL_Driver/Src/stm32f3xx_hal_cortex.c.obj
                0x08000894                HAL_NVIC_EnableIRQ
 .text.HAL_SYSTICK_Config
                0x080008b0       0x28 CMakeFiles/SpaceInvaders.elf.dir/Drivers/STM32F3xx_HAL_Driver/Src/stm32f3xx_hal_cortex.c.obj
                0x080008b0                HAL_SYSTICK_Config
 .text.HAL_GPIO_Init
                0x080008d8      0x1d0 CMakeFiles/SpaceInvaders.elf.dir/Drivers/STM32F3xx_HAL_Driver/Src/stm32f3xx_hal_gpio.c.obj
                0x080008d8                HAL_GPIO_Init
 .text.HAL_GPIO_ReadPin
                0x08000aa8        0xe CMakeFiles/SpaceInvaders.elf.dir/Drivers/STM32F3xx_HAL_Driver/Src/stm32f3xx_hal_gpio.c.obj
                0x08000aa8                HAL_GPIO_ReadPin
 .text.HAL_GPIO_WritePin
                0x08000ab6        0xa CMakeFiles/SpaceInvaders.elf.dir/Drivers/STM32F3xx_HAL_Driver/Src/stm32f3xx_hal_gpio.c.obj
                0x08000ab6                HAL_GPIO_WritePin
 .text.HAL_GPIO_TogglePin
                0x08000ac0       0x12 CMakeFiles/SpaceInvaders.elf.dir/Drivers/STM32F3xx_HAL_Driver/Src/stm32f3xx_hal_gpio.c.obj
                0x08000ac0                HAL_GPIO_TogglePin
 *fill*         0x08000ad2        0x2 
 .text.HAL_GPIO_EXTI_IRQHandler
                0x08000ad4       0x1c CMakeFiles/SpaceInvaders.elf.dir/Drivers/STM32F3xx_HAL_Driver/Src/stm32f3xx_hal_gpio.c.obj
                0x08000ad4                HAL_GPIO_EXTI_IRQHandler
 .text.HAL_I2C_Init
                0x08000af0       0xbc CMakeFiles/SpaceInvaders.elf.dir/Drivers/STM32F3xx_HAL_Driver/Src/stm32f3xx_hal_i2c.c.obj
                0x08000af0                HAL_I2C_Init
 .text.HAL_I2CEx_ConfigAnalogFilter
                0x08000bac       0x5c CMakeFiles/SpaceInvaders.elf.dir/Drivers/STM32F3xx_HAL_Driver/Src/stm32f3xx_hal_i2c_ex.c.obj
                0x08000bac                HAL_I2CEx_ConfigAnalogFilter
 .text.HAL_I2CEx_ConfigDigitalFilter
                0x08000c08       0x58 CMakeFiles/SpaceInvaders.elf.dir/Drivers/STM32F3xx_HAL_Driver/Src/stm32f3xx_hal_i2c_ex.c.obj
                0x08000c08                HAL_I2CEx_ConfigDigitalFilter
 .text.HAL_PCD_Init
                0x08000c60       0xd2 CMakeFiles/SpaceInvaders.elf.dir/Drivers/STM32F3xx_HAL_Driver/Src/stm32f3xx_hal_pcd.c.obj
                0x08000c60                HAL_PCD_Init
 *fill*         0x08000d32        0x2 
 .text.HAL_RCC_OscConfig
                0x08000d34      0x630 CMakeFiles/SpaceInvaders.elf.dir/Drivers/STM32F3xx_HAL_Driver/Src/stm32f3xx_hal_rcc.c.obj
                0x08000d34                HAL_RCC_OscConfig
 .text.HAL_RCC_GetSysClockFreq
                0x08001364       0x70 CMakeFiles/SpaceInvaders.elf.dir/Drivers/STM32F3xx_HAL_Driver/Src/stm32f3xx_hal_rcc.c.obj
                0x08001364                HAL_RCC_GetSysClockFreq
 .text.HAL_RCC_ClockConfig
                0x080013d4      0x1a8 CMakeFiles/SpaceInvaders.elf.dir/Drivers/STM32F3xx_HAL_Driver/Src/stm32f3xx_hal_rcc.c.obj
                0x080013d4                HAL_RCC_ClockConfig
 .text.HAL_RCCEx_PeriphCLKConfig
                0x0800157c      0x260 CMakeFiles/SpaceInvaders.elf.dir/Drivers/STM32F3xx_HAL_Driver/Src/stm32f3xx_hal_rcc_ex.c.obj
                0x0800157c                HAL_RCCEx_PeriphCLKConfig
 .text.HAL_SPI_Init
                0x080017dc       0xe8 CMakeFiles/SpaceInvaders.elf.dir/Drivers/STM32F3xx_HAL_Driver/Src/stm32f3xx_hal_spi.c.obj
                0x080017dc                HAL_SPI_Init
 .text.USB_DisableGlobalInt
                0x080018c4       0x14 CMakeFiles/SpaceInvaders.elf.dir/Drivers/STM32F3xx_HAL_Driver/Src/stm32f3xx_ll_usb.c.obj
                0x080018c4                USB_DisableGlobalInt
 .text.USB_DevInit
                0x080018d8       0x22 CMakeFiles/SpaceInvaders.elf.dir/Drivers/STM32F3xx_HAL_Driver/Src/stm32f3xx_ll_usb.c.obj
                0x080018d8                USB_DevInit
 *fill*         0x080018fa        0x2 
 .text.memset   0x080018fc       0xa4 c:/progra~2/armgnu~1/12dbab~1.2re/bin/../lib/gcc/arm-none-eabi/12.2.1/thumb/v7e-m/nofp\libg.a(libc_a-memset.o)
                0x080018fc                memset
 .text.__libc_init_array
                0x080019a0       0x50 c:/progra~2/armgnu~1/12dbab~1.2re/bin/../lib/gcc/arm-none-eabi/12.2.1/thumb/v7e-m/nofp\libg.a(libc_a-init.o)
                0x080019a0                __libc_init_array
 .text.__retarget_lock_acquire_recursive
                0x080019f0        0x4 c:/progra~2/armgnu~1/12dbab~1.2re/bin/../lib/gcc/arm-none-eabi/12.2.1/thumb/v7e-m/nofp\libg.a(libc_a-lock.o)
                0x080019f0                __retarget_lock_acquire_recursive
 .text.__retarget_lock_release_recursive
                0x080019f4        0x4 c:/progra~2/armgnu~1/12dbab~1.2re/bin/../lib/gcc/arm-none-eabi/12.2.1/thumb/v7e-m/nofp\libg.a(libc_a-lock.o)
                0x080019f4                __retarget_lock_release_recursive
 .text.startup.register_fini
                0x080019f8       0x14 c:/progra~2/armgnu~1/12dbab~1.2re/bin/../lib/gcc/arm-none-eabi/12.2.1/thumb/v7e-m/nofp\libg.a(libc_a-__call_atexit.o)
 .text.atexit   0x08001a0c        0xc c:/progra~2/armgnu~1/12dbab~1.2re/bin/../lib/gcc/arm-none-eabi/12.2.1/thumb/v7e-m/nofp\libg.a(libc_a-atexit.o)
                0x08001a0c                atexit
 .text.__libc_fini_array
                0x08001a18       0x28 c:/progra~2/armgnu~1/12dbab~1.2re/bin/../lib/gcc/arm-none-eabi/12.2.1/thumb/v7e-m/nofp\libg.a(libc_a-fini.o)
                0x08001a18                __libc_fini_array
 .text.__register_exitproc
                0x08001a40       0x88 c:/progra~2/armgnu~1/12dbab~1.2re/bin/../lib/gcc/arm-none-eabi/12.2.1/thumb/v7e-m/nofp\libg.a(libc_a-__atexit.o)
                0x08001a40                __register_exitproc
 *(.glue_7)
 .glue_7        0x08001ac8        0x0 linker stubs
 *(.glue_7t)
 .glue_7t       0x08001ac8        0x0 linker stubs
 *(.eh_frame)
 .eh_frame      0x08001ac8        0x0 c:/progra~2/armgnu~1/12dbab~1.2re/bin/../lib/gcc/arm-none-eabi/12.2.1/thumb/v7e-m/nofp/crtbegin.o
 *(.init)
 .init          0x08001ac8        0x4 c:/progra~2/armgnu~1/12dbab~1.2re/bin/../lib/gcc/arm-none-eabi/12.2.1/thumb/v7e-m/nofp/crti.o
                0x08001ac8                _init
 .init          0x08001acc        0x8 c:/progra~2/armgnu~1/12dbab~1.2re/bin/../lib/gcc/arm-none-eabi/12.2.1/thumb/v7e-m/nofp/crtn.o
 *(.fini)
 .fini          0x08001ad4        0x4 c:/progra~2/armgnu~1/12dbab~1.2re/bin/../lib/gcc/arm-none-eabi/12.2.1/thumb/v7e-m/nofp/crti.o
                0x08001ad4                _fini
 .fini          0x08001ad8        0x8 c:/progra~2/armgnu~1/12dbab~1.2re/bin/../lib/gcc/arm-none-eabi/12.2.1/thumb/v7e-m/nofp/crtn.o
                0x08001ae0                . = ALIGN (0x4)
                0x08001ae0                _etext = .

.vfp11_veneer   0x08001ae0        0x0
 .vfp11_veneer  0x08001ae0        0x0 linker stubs

.v4_bx          0x08001ae0        0x0
 .v4_bx         0x08001ae0        0x0 linker stubs

.iplt           0x08001ae0        0x0
 .iplt          0x08001ae0        0x0 c:/progra~2/armgnu~1/12dbab~1.2re/bin/../lib/gcc/arm-none-eabi/12.2.1/thumb/v7e-m/nofp/crtbegin.o

.rodata         0x08001ae0       0x30
                0x08001ae0                . = ALIGN (0x4)
 *(.rodata)
 *(.rodata*)
 .rodata.AHBPrescTable
                0x08001ae0       0x10 CMakeFiles/SpaceInvaders.elf.dir/Core/Src/system_stm32f3xx.c.obj
                0x08001ae0                AHBPrescTable
 .rodata.aPredivFactorTable
                0x08001af0       0x10 CMakeFiles/SpaceInvaders.elf.dir/Drivers/STM32F3xx_HAL_Driver/Src/stm32f3xx_hal_rcc.c.obj
                0x08001af0                aPredivFactorTable
 .rodata.aPLLMULFactorTable
                0x08001b00       0x10 CMakeFiles/SpaceInvaders.elf.dir/Drivers/STM32F3xx_HAL_Driver/Src/stm32f3xx_hal_rcc.c.obj
                0x08001b00                aPLLMULFactorTable
                0x08001b10                . = ALIGN (0x4)

.rel.dyn        0x08001b10        0x0
 .rel.iplt      0x08001b10        0x0 c:/progra~2/armgnu~1/12dbab~1.2re/bin/../lib/gcc/arm-none-eabi/12.2.1/thumb/v7e-m/nofp/crtbegin.o

.ARM.extab      0x08001b10        0x0
                0x08001b10                . = ALIGN (0x4)
 *(.ARM.extab* .gnu.linkonce.armextab.*)
                0x08001b10                . = ALIGN (0x4)

.ARM            0x08001b10        0x0
                0x08001b10                . = ALIGN (0x4)
                0x08001b10                __exidx_start = .
 *(.ARM.exidx*)
                0x08001b10                __exidx_end = .
                0x08001b10                . = ALIGN (0x4)

.preinit_array  0x08001b10        0x0
                0x08001b10                . = ALIGN (0x4)
                0x08001b10                PROVIDE (__preinit_array_start = .)
 *(.preinit_array*)
                0x08001b10                PROVIDE (__preinit_array_end = .)
                0x08001b10                . = ALIGN (0x4)

.init_array     0x08001b10        0x8
                0x08001b10                . = ALIGN (0x4)
                0x08001b10                PROVIDE (__init_array_start = .)
 *(SORT_BY_NAME(.init_array.*))
 .init_array.00000
                0x08001b10        0x4 c:/progra~2/armgnu~1/12dbab~1.2re/bin/../lib/gcc/arm-none-eabi/12.2.1/thumb/v7e-m/nofp\libg.a(libc_a-__call_atexit.o)
 *(.init_array*)
 .init_array    0x08001b14        0x4 c:/progra~2/armgnu~1/12dbab~1.2re/bin/../lib/gcc/arm-none-eabi/12.2.1/thumb/v7e-m/nofp/crtbegin.o
                0x08001b18                PROVIDE (__init_array_end = .)
                0x08001b18                . = ALIGN (0x4)

.fini_array     0x08001b18        0x4
                0x08001b18                . = ALIGN (0x4)
                0x08001b18                PROVIDE (__fini_array_start = .)
 *(SORT_BY_NAME(.fini_array.*))
 *(.fini_array*)
 .fini_array    0x08001b18        0x4 c:/progra~2/armgnu~1/12dbab~1.2re/bin/../lib/gcc/arm-none-eabi/12.2.1/thumb/v7e-m/nofp/crtbegin.o
                0x08001b1c                PROVIDE (__fini_array_end = .)
                0x08001b1c                . = ALIGN (0x4)
                0x08001b1c                _sidata = LOADADDR (.data)

.data           0x20000000       0x10 load address 0x08001b1c
                0x20000000                . = ALIGN (0x4)
                0x20000000                _sdata = .
 *(.data)
 *(.data*)
 .data.SystemCoreClock
                0x20000000        0x4 CMakeFiles/SpaceInvaders.elf.dir/Core/Src/system_stm32f3xx.c.obj
                0x20000000                SystemCoreClock
 .data.uwTickFreq
                0x20000004        0x1 CMakeFiles/SpaceInvaders.elf.dir/Drivers/STM32F3xx_HAL_Driver/Src/stm32f3xx_hal.c.obj
                0x20000004                uwTickFreq
 *fill*         0x20000005        0x3 
 .data.uwTickPrio
                0x20000008        0x4 CMakeFiles/SpaceInvaders.elf.dir/Drivers/STM32F3xx_HAL_Driver/Src/stm32f3xx_hal.c.obj
                0x20000008                uwTickPrio
 .data.__atexit_recursive_mutex
                0x2000000c        0x4 c:/progra~2/armgnu~1/12dbab~1.2re/bin/../lib/gcc/arm-none-eabi/12.2.1/thumb/v7e-m/nofp\libg.a(libc_a-__call_atexit.o)
                0x2000000c                __atexit_recursive_mutex
 *(.RamFunc)
 *(.RamFunc*)
                0x20000010                . = ALIGN (0x4)
                0x20000010                _edata = .
                0x08001b2c                _siccmram = LOADADDR (.ccmram)

.tm_clone_table
                0x20000010        0x0 load address 0x08001b2c
 .tm_clone_table
                0x20000010        0x0 c:/progra~2/armgnu~1/12dbab~1.2re/bin/../lib/gcc/arm-none-eabi/12.2.1/thumb/v7e-m/nofp/crtbegin.o
 .tm_clone_table
                0x20000010        0x0 c:/progra~2/armgnu~1/12dbab~1.2re/bin/../lib/gcc/arm-none-eabi/12.2.1/thumb/v7e-m/nofp/crtend.o

.igot.plt       0x20000010        0x0 load address 0x08001b2c
 .igot.plt      0x20000010        0x0 c:/progra~2/armgnu~1/12dbab~1.2re/bin/../lib/gcc/arm-none-eabi/12.2.1/thumb/v7e-m/nofp/crtbegin.o

.ccmram         0x10000000        0x0 load address 0x08001b2c
                0x10000000                . = ALIGN (0x4)
                0x10000000                _sccmram = .
 *(.ccmram)
 *(.ccmram*)
                0x10000000                . = ALIGN (0x4)
                0x10000000                _eccmram = .
                0x10000000                . = ALIGN (0x4)

.bss            0x20000010      0x55c
                0x20000010                _sbss = .
                0x20000010                __bss_start__ = _sbss
 *(.bss)
 *(.bss*)
 .bss.completed.1
                0x20000010        0x1 c:/progra~2/armgnu~1/12dbab~1.2re/bin/../lib/gcc/arm-none-eabi/12.2.1/thumb/v7e-m/nofp/crtbegin.o
 *fill*         0x20000011        0x3 
 .bss.object.0  0x20000014       0x18 c:/progra~2/armgnu~1/12dbab~1.2re/bin/../lib/gcc/arm-none-eabi/12.2.1/thumb/v7e-m/nofp/crtbegin.o
 .bss.current_time
                0x2000002c        0x4 CMakeFiles/SpaceInvaders.elf.dir/Core/Src/main.c.obj
                0x2000002c                current_time
 .bss.last_debounce_time
                0x20000030        0x4 CMakeFiles/SpaceInvaders.elf.dir/Core/Src/main.c.obj
                0x20000030                last_debounce_time
 .bss.hpcd_USB_FS
                0x20000034      0x2ec CMakeFiles/SpaceInvaders.elf.dir/Core/Src/main.c.obj
                0x20000034                hpcd_USB_FS
 .bss.hspi1     0x20000320       0x64 CMakeFiles/SpaceInvaders.elf.dir/Core/Src/main.c.obj
                0x20000320                hspi1
 .bss.hi2c1     0x20000384       0x4c CMakeFiles/SpaceInvaders.elf.dir/Core/Src/main.c.obj
                0x20000384                hi2c1
 .bss.uwTick    0x200003d0        0x4 CMakeFiles/SpaceInvaders.elf.dir/Drivers/STM32F3xx_HAL_Driver/Src/stm32f3xx_hal.c.obj
                0x200003d0                uwTick
 .bss.__lock___atexit_recursive_mutex
                0x200003d4        0x1 c:/progra~2/armgnu~1/12dbab~1.2re/bin/../lib/gcc/arm-none-eabi/12.2.1/thumb/v7e-m/nofp\libg.a(libc_a-lock.o)
                0x200003d4                __lock___atexit_recursive_mutex
 *fill*         0x200003d5        0x3 
 .bss.__atexit  0x200003d8        0x4 c:/progra~2/armgnu~1/12dbab~1.2re/bin/../lib/gcc/arm-none-eabi/12.2.1/thumb/v7e-m/nofp\libg.a(libc_a-__call_atexit.o)
                0x200003d8                __atexit
 .bss.__atexit0
                0x200003dc      0x190 c:/progra~2/armgnu~1/12dbab~1.2re/bin/../lib/gcc/arm-none-eabi/12.2.1/thumb/v7e-m/nofp\libg.a(libc_a-__atexit.o)
                0x200003dc                __atexit0
 *(COMMON)
                0x2000056c                . = ALIGN (0x4)
                0x2000056c                _ebss = .
                0x2000056c                __bss_end__ = _ebss

._user_heap_stack
                0x2000056c      0x604
                0x20000570                . = ALIGN (0x8)
 *fill*         0x2000056c        0x4 
                [!provide]                PROVIDE (end = .)
                0x20000570                PROVIDE (_end = .)
                0x20000770                . = (. + _Min_Heap_Size)
 *fill*         0x20000570      0x200 
                0x20000b70                . = (. + _Min_Stack_Size)
 *fill*         0x20000770      0x400 
                0x20000b70                . = ALIGN (0x8)

/DISCARD/
 libc.a(*)
 libm.a(*)
 libgcc.a(*)

.ARM.attributes
                0x00000000       0x2a
 *(.ARM.attributes)
 .ARM.attributes
                0x00000000       0x1e c:/progra~2/armgnu~1/12dbab~1.2re/bin/../lib/gcc/arm-none-eabi/12.2.1/thumb/v7e-m/nofp/crti.o
 .ARM.attributes
                0x0000001e       0x2e c:/progra~2/armgnu~1/12dbab~1.2re/bin/../lib/gcc/arm-none-eabi/12.2.1/thumb/v7e-m/nofp/crtbegin.o
 .ARM.attributes
                0x0000004c       0x2e CMakeFiles/SpaceInvaders.elf.dir/Core/Src/main.c.obj
 .ARM.attributes
                0x0000007a       0x2e CMakeFiles/SpaceInvaders.elf.dir/Core/Src/stm32f3xx_hal_msp.c.obj
 .ARM.attributes
                0x000000a8       0x2e CMakeFiles/SpaceInvaders.elf.dir/Core/Src/stm32f3xx_it.c.obj
 .ARM.attributes
                0x000000d6       0x2e CMakeFiles/SpaceInvaders.elf.dir/Core/Src/system_stm32f3xx.c.obj
 .ARM.attributes
                0x00000104       0x21 CMakeFiles/SpaceInvaders.elf.dir/Core/Startup/startup_stm32f303vctx.s.obj
 .ARM.attributes
                0x00000125       0x2e CMakeFiles/SpaceInvaders.elf.dir/Drivers/STM32F3xx_HAL_Driver/Src/stm32f3xx_hal.c.obj
 .ARM.attributes
                0x00000153       0x2e CMakeFiles/SpaceInvaders.elf.dir/Drivers/STM32F3xx_HAL_Driver/Src/stm32f3xx_hal_cortex.c.obj
 .ARM.attributes
                0x00000181       0x2e CMakeFiles/SpaceInvaders.elf.dir/Drivers/STM32F3xx_HAL_Driver/Src/stm32f3xx_hal_gpio.c.obj
 .ARM.attributes
                0x000001af       0x2e CMakeFiles/SpaceInvaders.elf.dir/Drivers/STM32F3xx_HAL_Driver/Src/stm32f3xx_hal_i2c.c.obj
 .ARM.attributes
                0x000001dd       0x2e CMakeFiles/SpaceInvaders.elf.dir/Drivers/STM32F3xx_HAL_Driver/Src/stm32f3xx_hal_i2c_ex.c.obj
 .ARM.attributes
                0x0000020b       0x2e CMakeFiles/SpaceInvaders.elf.dir/Drivers/STM32F3xx_HAL_Driver/Src/stm32f3xx_hal_pcd.c.obj
 .ARM.attributes
                0x00000239       0x2e CMakeFiles/SpaceInvaders.elf.dir/Drivers/STM32F3xx_HAL_Driver/Src/stm32f3xx_hal_rcc.c.obj
 .ARM.attributes
                0x00000267       0x2e CMakeFiles/SpaceInvaders.elf.dir/Drivers/STM32F3xx_HAL_Driver/Src/stm32f3xx_hal_rcc_ex.c.obj
 .ARM.attributes
                0x00000295       0x2e CMakeFiles/SpaceInvaders.elf.dir/Drivers/STM32F3xx_HAL_Driver/Src/stm32f3xx_hal_spi.c.obj
 .ARM.attributes
                0x000002c3       0x2e CMakeFiles/SpaceInvaders.elf.dir/Drivers/STM32F3xx_HAL_Driver/Src/stm32f3xx_ll_usb.c.obj
 .ARM.attributes
                0x000002f1       0x2e c:/progra~2/armgnu~1/12dbab~1.2re/bin/../lib/gcc/arm-none-eabi/12.2.1/thumb/v7e-m/nofp\libg.a(libc_a-memset.o)
 .ARM.attributes
                0x0000031f       0x2e c:/progra~2/armgnu~1/12dbab~1.2re/bin/../lib/gcc/arm-none-eabi/12.2.1/thumb/v7e-m/nofp\libg.a(libc_a-init.o)
 .ARM.attributes
                0x0000034d       0x2e c:/progra~2/armgnu~1/12dbab~1.2re/bin/../lib/gcc/arm-none-eabi/12.2.1/thumb/v7e-m/nofp\libg.a(libc_a-lock.o)
 .ARM.attributes
                0x0000037b       0x2e c:/progra~2/armgnu~1/12dbab~1.2re/bin/../lib/gcc/arm-none-eabi/12.2.1/thumb/v7e-m/nofp\libg.a(libc_a-__call_atexit.o)
 .ARM.attributes
                0x000003a9       0x2e c:/progra~2/armgnu~1/12dbab~1.2re/bin/../lib/gcc/arm-none-eabi/12.2.1/thumb/v7e-m/nofp\libg.a(libc_a-atexit.o)
 .ARM.attributes
                0x000003d7       0x2e c:/progra~2/armgnu~1/12dbab~1.2re/bin/../lib/gcc/arm-none-eabi/12.2.1/thumb/v7e-m/nofp\libg.a(libc_a-fini.o)
 .ARM.attributes
                0x00000405       0x2e c:/progra~2/armgnu~1/12dbab~1.2re/bin/../lib/gcc/arm-none-eabi/12.2.1/thumb/v7e-m/nofp\libg.a(libc_a-__atexit.o)
 .ARM.attributes
                0x00000433       0x2e c:/progra~2/armgnu~1/12dbab~1.2re/bin/../lib/gcc/arm-none-eabi/12.2.1/thumb/v7e-m/nofp/crtend.o
 .ARM.attributes
                0x00000461       0x1e c:/progra~2/armgnu~1/12dbab~1.2re/bin/../lib/gcc/arm-none-eabi/12.2.1/thumb/v7e-m/nofp/crtn.o
OUTPUT(SpaceInvaders.elf elf32-littlearm)
LOAD linker stubs
LOAD c:/progra~2/armgnu~1/12dbab~1.2re/bin/../lib/gcc/arm-none-eabi/12.2.1/thumb/v7e-m/nofp\libc.a
LOAD c:/progra~2/armgnu~1/12dbab~1.2re/bin/../lib/gcc/arm-none-eabi/12.2.1/thumb/v7e-m/nofp\libm.a
LOAD c:/progra~2/armgnu~1/12dbab~1.2re/bin/../lib/gcc/arm-none-eabi/12.2.1/thumb/v7e-m/nofp\libgcc.a

.debug_info     0x00000000    0x10445
 .debug_info    0x00000000     0x1a5a CMakeFiles/SpaceInvaders.elf.dir/Core/Src/main.c.obj
 .debug_info    0x00001a5a     0x1142 CMakeFiles/SpaceInvaders.elf.dir/Core/Src/stm32f3xx_hal_msp.c.obj
 .debug_info    0x00002b9c      0x1ab CMakeFiles/SpaceInvaders.elf.dir/Core/Src/stm32f3xx_it.c.obj
 .debug_info    0x00002d47      0x246 CMakeFiles/SpaceInvaders.elf.dir/Core/Src/system_stm32f3xx.c.obj
 .debug_info    0x00002f8d       0x2e CMakeFiles/SpaceInvaders.elf.dir/Core/Startup/startup_stm32f303vctx.s.obj
 .debug_info    0x00002fbb      0x872 CMakeFiles/SpaceInvaders.elf.dir/Drivers/STM32F3xx_HAL_Driver/Src/stm32f3xx_hal.c.obj
 .debug_info    0x0000382d      0xedb CMakeFiles/SpaceInvaders.elf.dir/Drivers/STM32F3xx_HAL_Driver/Src/stm32f3xx_hal_cortex.c.obj
 .debug_info    0x00004708      0x630 CMakeFiles/SpaceInvaders.elf.dir/Drivers/STM32F3xx_HAL_Driver/Src/stm32f3xx_hal_gpio.c.obj
 .debug_info    0x00004d38     0x3d99 CMakeFiles/SpaceInvaders.elf.dir/Drivers/STM32F3xx_HAL_Driver/Src/stm32f3xx_hal_i2c.c.obj
 .debug_info    0x00008ad1      0x827 CMakeFiles/SpaceInvaders.elf.dir/Drivers/STM32F3xx_HAL_Driver/Src/stm32f3xx_hal_i2c_ex.c.obj
 .debug_info    0x000092f8     0x1b65 CMakeFiles/SpaceInvaders.elf.dir/Drivers/STM32F3xx_HAL_Driver/Src/stm32f3xx_hal_pcd.c.obj
 .debug_info    0x0000ae5d     0x15b8 CMakeFiles/SpaceInvaders.elf.dir/Drivers/STM32F3xx_HAL_Driver/Src/stm32f3xx_hal_rcc.c.obj
 .debug_info    0x0000c415      0x76b CMakeFiles/SpaceInvaders.elf.dir/Drivers/STM32F3xx_HAL_Driver/Src/stm32f3xx_hal_rcc_ex.c.obj
 .debug_info    0x0000cb80     0x2072 CMakeFiles/SpaceInvaders.elf.dir/Drivers/STM32F3xx_HAL_Driver/Src/stm32f3xx_hal_spi.c.obj
 .debug_info    0x0000ebf2     0x1853 CMakeFiles/SpaceInvaders.elf.dir/Drivers/STM32F3xx_HAL_Driver/Src/stm32f3xx_ll_usb.c.obj

.debug_abbrev   0x00000000     0x2111
 .debug_abbrev  0x00000000      0x2ed CMakeFiles/SpaceInvaders.elf.dir/Core/Src/main.c.obj
 .debug_abbrev  0x000002ed      0x212 CMakeFiles/SpaceInvaders.elf.dir/Core/Src/stm32f3xx_hal_msp.c.obj
 .debug_abbrev  0x000004ff       0xc6 CMakeFiles/SpaceInvaders.elf.dir/Core/Src/stm32f3xx_it.c.obj
 .debug_abbrev  0x000005c5      0x120 CMakeFiles/SpaceInvaders.elf.dir/Core/Src/system_stm32f3xx.c.obj
 .debug_abbrev  0x000006e5       0x1d CMakeFiles/SpaceInvaders.elf.dir/Core/Startup/startup_stm32f303vctx.s.obj
 .debug_abbrev  0x00000702      0x241 CMakeFiles/SpaceInvaders.elf.dir/Drivers/STM32F3xx_HAL_Driver/Src/stm32f3xx_hal.c.obj
 .debug_abbrev  0x00000943      0x39d CMakeFiles/SpaceInvaders.elf.dir/Drivers/STM32F3xx_HAL_Driver/Src/stm32f3xx_hal_cortex.c.obj
 .debug_abbrev  0x00000ce0      0x1f8 CMakeFiles/SpaceInvaders.elf.dir/Drivers/STM32F3xx_HAL_Driver/Src/stm32f3xx_hal_gpio.c.obj
 .debug_abbrev  0x00000ed8      0x291 CMakeFiles/SpaceInvaders.elf.dir/Drivers/STM32F3xx_HAL_Driver/Src/stm32f3xx_hal_i2c.c.obj
 .debug_abbrev  0x00001169      0x1c6 CMakeFiles/SpaceInvaders.elf.dir/Drivers/STM32F3xx_HAL_Driver/Src/stm32f3xx_hal_i2c_ex.c.obj
 .debug_abbrev  0x0000132f      0x30d CMakeFiles/SpaceInvaders.elf.dir/Drivers/STM32F3xx_HAL_Driver/Src/stm32f3xx_hal_pcd.c.obj
 .debug_abbrev  0x0000163c      0x320 CMakeFiles/SpaceInvaders.elf.dir/Drivers/STM32F3xx_HAL_Driver/Src/stm32f3xx_hal_rcc.c.obj
 .debug_abbrev  0x0000195c      0x279 CMakeFiles/SpaceInvaders.elf.dir/Drivers/STM32F3xx_HAL_Driver/Src/stm32f3xx_hal_rcc_ex.c.obj
 .debug_abbrev  0x00001bd5      0x27c CMakeFiles/SpaceInvaders.elf.dir/Drivers/STM32F3xx_HAL_Driver/Src/stm32f3xx_hal_spi.c.obj
 .debug_abbrev  0x00001e51      0x2c0 CMakeFiles/SpaceInvaders.elf.dir/Drivers/STM32F3xx_HAL_Driver/Src/stm32f3xx_ll_usb.c.obj

.debug_loclists
                0x00000000     0x779c
 .debug_loclists
                0x00000000       0x24 CMakeFiles/SpaceInvaders.elf.dir/Core/Src/main.c.obj
 .debug_loclists
                0x00000024       0xeb CMakeFiles/SpaceInvaders.elf.dir/Core/Src/stm32f3xx_hal_msp.c.obj
 .debug_loclists
                0x0000010f       0xbc CMakeFiles/SpaceInvaders.elf.dir/Core/Src/system_stm32f3xx.c.obj
 .debug_loclists
                0x000001cb       0xc9 CMakeFiles/SpaceInvaders.elf.dir/Drivers/STM32F3xx_HAL_Driver/Src/stm32f3xx_hal.c.obj
 .debug_loclists
                0x00000294      0x439 CMakeFiles/SpaceInvaders.elf.dir/Drivers/STM32F3xx_HAL_Driver/Src/stm32f3xx_hal_cortex.c.obj
 .debug_loclists
                0x000006cd      0x267 CMakeFiles/SpaceInvaders.elf.dir/Drivers/STM32F3xx_HAL_Driver/Src/stm32f3xx_hal_gpio.c.obj
 .debug_loclists
                0x00000934     0x2ce2 CMakeFiles/SpaceInvaders.elf.dir/Drivers/STM32F3xx_HAL_Driver/Src/stm32f3xx_hal_i2c.c.obj
 .debug_loclists
                0x00003616      0x11d CMakeFiles/SpaceInvaders.elf.dir/Drivers/STM32F3xx_HAL_Driver/Src/stm32f3xx_hal_i2c_ex.c.obj
 .debug_loclists
                0x00003733      0xcc3 CMakeFiles/SpaceInvaders.elf.dir/Drivers/STM32F3xx_HAL_Driver/Src/stm32f3xx_hal_pcd.c.obj
 .debug_loclists
                0x000043f6      0x850 CMakeFiles/SpaceInvaders.elf.dir/Drivers/STM32F3xx_HAL_Driver/Src/stm32f3xx_hal_rcc.c.obj
 .debug_loclists
                0x00004c46      0x71f CMakeFiles/SpaceInvaders.elf.dir/Drivers/STM32F3xx_HAL_Driver/Src/stm32f3xx_hal_rcc_ex.c.obj
 .debug_loclists
                0x00005365     0x1580 CMakeFiles/SpaceInvaders.elf.dir/Drivers/STM32F3xx_HAL_Driver/Src/stm32f3xx_hal_spi.c.obj
 .debug_loclists
                0x000068e5      0xeb7 CMakeFiles/SpaceInvaders.elf.dir/Drivers/STM32F3xx_HAL_Driver/Src/stm32f3xx_ll_usb.c.obj

.debug_aranges  0x00000000      0xac8
 .debug_aranges
                0x00000000       0x58 CMakeFiles/SpaceInvaders.elf.dir/Core/Src/main.c.obj
 .debug_aranges
                0x00000058       0x50 CMakeFiles/SpaceInvaders.elf.dir/Core/Src/stm32f3xx_hal_msp.c.obj
 .debug_aranges
                0x000000a8       0x68 CMakeFiles/SpaceInvaders.elf.dir/Core/Src/stm32f3xx_it.c.obj
 .debug_aranges
                0x00000110       0x28 CMakeFiles/SpaceInvaders.elf.dir/Core/Src/system_stm32f3xx.c.obj
 .debug_aranges
                0x00000138       0x28 CMakeFiles/SpaceInvaders.elf.dir/Core/Startup/startup_stm32f303vctx.s.obj
 .debug_aranges
                0x00000160       0xe0 CMakeFiles/SpaceInvaders.elf.dir/Drivers/STM32F3xx_HAL_Driver/Src/stm32f3xx_hal.c.obj
 .debug_aranges
                0x00000240       0xd8 CMakeFiles/SpaceInvaders.elf.dir/Drivers/STM32F3xx_HAL_Driver/Src/stm32f3xx_hal_cortex.c.obj
 .debug_aranges
                0x00000318       0x58 CMakeFiles/SpaceInvaders.elf.dir/Drivers/STM32F3xx_HAL_Driver/Src/stm32f3xx_hal_gpio.c.obj
 .debug_aranges
                0x00000370      0x290 CMakeFiles/SpaceInvaders.elf.dir/Drivers/STM32F3xx_HAL_Driver/Src/stm32f3xx_hal_i2c.c.obj
 .debug_aranges
                0x00000600       0x48 CMakeFiles/SpaceInvaders.elf.dir/Drivers/STM32F3xx_HAL_Driver/Src/stm32f3xx_hal_i2c_ex.c.obj
 .debug_aranges
                0x00000648      0x138 CMakeFiles/SpaceInvaders.elf.dir/Drivers/STM32F3xx_HAL_Driver/Src/stm32f3xx_hal_pcd.c.obj
 .debug_aranges
                0x00000780       0x88 CMakeFiles/SpaceInvaders.elf.dir/Drivers/STM32F3xx_HAL_Driver/Src/stm32f3xx_hal_rcc.c.obj
 .debug_aranges
                0x00000808       0x38 CMakeFiles/SpaceInvaders.elf.dir/Drivers/STM32F3xx_HAL_Driver/Src/stm32f3xx_hal_rcc_ex.c.obj
 .debug_aranges
                0x00000840      0x1d8 CMakeFiles/SpaceInvaders.elf.dir/Drivers/STM32F3xx_HAL_Driver/Src/stm32f3xx_hal_spi.c.obj
 .debug_aranges
                0x00000a18       0xb0 CMakeFiles/SpaceInvaders.elf.dir/Drivers/STM32F3xx_HAL_Driver/Src/stm32f3xx_ll_usb.c.obj

.debug_rnglists
                0x00000000      0x9ea
 .debug_rnglists
                0x00000000       0x40 CMakeFiles/SpaceInvaders.elf.dir/Core/Src/main.c.obj
 .debug_rnglists
                0x00000040       0x37 CMakeFiles/SpaceInvaders.elf.dir/Core/Src/stm32f3xx_hal_msp.c.obj
 .debug_rnglists
                0x00000077       0x49 CMakeFiles/SpaceInvaders.elf.dir/Core/Src/stm32f3xx_it.c.obj
 .debug_rnglists
                0x000000c0       0x1a CMakeFiles/SpaceInvaders.elf.dir/Core/Src/system_stm32f3xx.c.obj
 .debug_rnglists
                0x000000da       0x19 CMakeFiles/SpaceInvaders.elf.dir/Core/Startup/startup_stm32f303vctx.s.obj
 .debug_rnglists
                0x000000f3       0xa3 CMakeFiles/SpaceInvaders.elf.dir/Drivers/STM32F3xx_HAL_Driver/Src/stm32f3xx_hal.c.obj
 .debug_rnglists
                0x00000196       0x9d CMakeFiles/SpaceInvaders.elf.dir/Drivers/STM32F3xx_HAL_Driver/Src/stm32f3xx_hal_cortex.c.obj
 .debug_rnglists
                0x00000233       0x3f CMakeFiles/SpaceInvaders.elf.dir/Drivers/STM32F3xx_HAL_Driver/Src/stm32f3xx_hal_gpio.c.obj
 .debug_rnglists
                0x00000272      0x20d CMakeFiles/SpaceInvaders.elf.dir/Drivers/STM32F3xx_HAL_Driver/Src/stm32f3xx_hal_i2c.c.obj
 .debug_rnglists
                0x0000047f       0x31 CMakeFiles/SpaceInvaders.elf.dir/Drivers/STM32F3xx_HAL_Driver/Src/stm32f3xx_hal_i2c_ex.c.obj
 .debug_rnglists
                0x000004b0      0x166 CMakeFiles/SpaceInvaders.elf.dir/Drivers/STM32F3xx_HAL_Driver/Src/stm32f3xx_hal_pcd.c.obj
 .debug_rnglists
                0x00000616       0x79 CMakeFiles/SpaceInvaders.elf.dir/Drivers/STM32F3xx_HAL_Driver/Src/stm32f3xx_hal_rcc.c.obj
 .debug_rnglists
                0x0000068f       0x28 CMakeFiles/SpaceInvaders.elf.dir/Drivers/STM32F3xx_HAL_Driver/Src/stm32f3xx_hal_rcc_ex.c.obj
 .debug_rnglists
                0x000006b7      0x171 CMakeFiles/SpaceInvaders.elf.dir/Drivers/STM32F3xx_HAL_Driver/Src/stm32f3xx_hal_spi.c.obj
 .debug_rnglists
                0x00000828      0x1c2 CMakeFiles/SpaceInvaders.elf.dir/Drivers/STM32F3xx_HAL_Driver/Src/stm32f3xx_ll_usb.c.obj

.debug_line     0x00000000     0xed23
 .debug_line    0x00000000      0x715 CMakeFiles/SpaceInvaders.elf.dir/Core/Src/main.c.obj
 .debug_line    0x00000715      0x45f CMakeFiles/SpaceInvaders.elf.dir/Core/Src/stm32f3xx_hal_msp.c.obj
 .debug_line    0x00000b74      0x2a2 CMakeFiles/SpaceInvaders.elf.dir/Core/Src/stm32f3xx_it.c.obj
 .debug_line    0x00000e16      0x248 CMakeFiles/SpaceInvaders.elf.dir/Core/Src/system_stm32f3xx.c.obj
 .debug_line    0x0000105e       0x7a CMakeFiles/SpaceInvaders.elf.dir/Core/Startup/startup_stm32f303vctx.s.obj
 .debug_line    0x000010d8      0x5b0 CMakeFiles/SpaceInvaders.elf.dir/Drivers/STM32F3xx_HAL_Driver/Src/stm32f3xx_hal.c.obj
 .debug_line    0x00001688      0x86d CMakeFiles/SpaceInvaders.elf.dir/Drivers/STM32F3xx_HAL_Driver/Src/stm32f3xx_hal_cortex.c.obj
 .debug_line    0x00001ef5      0x6e3 CMakeFiles/SpaceInvaders.elf.dir/Drivers/STM32F3xx_HAL_Driver/Src/stm32f3xx_hal_gpio.c.obj
 .debug_line    0x000025d8     0x49f0 CMakeFiles/SpaceInvaders.elf.dir/Drivers/STM32F3xx_HAL_Driver/Src/stm32f3xx_hal_i2c.c.obj
 .debug_line    0x00006fc8      0x556 CMakeFiles/SpaceInvaders.elf.dir/Drivers/STM32F3xx_HAL_Driver/Src/stm32f3xx_hal_i2c_ex.c.obj
 .debug_line    0x0000751e     0x1863 CMakeFiles/SpaceInvaders.elf.dir/Drivers/STM32F3xx_HAL_Driver/Src/stm32f3xx_hal_pcd.c.obj
 .debug_line    0x00008d81     0x1237 CMakeFiles/SpaceInvaders.elf.dir/Drivers/STM32F3xx_HAL_Driver/Src/stm32f3xx_hal_rcc.c.obj
 .debug_line    0x00009fb8      0xb69 CMakeFiles/SpaceInvaders.elf.dir/Drivers/STM32F3xx_HAL_Driver/Src/stm32f3xx_hal_rcc_ex.c.obj
 .debug_line    0x0000ab21     0x29c2 CMakeFiles/SpaceInvaders.elf.dir/Drivers/STM32F3xx_HAL_Driver/Src/stm32f3xx_hal_spi.c.obj
 .debug_line    0x0000d4e3     0x1840 CMakeFiles/SpaceInvaders.elf.dir/Drivers/STM32F3xx_HAL_Driver/Src/stm32f3xx_ll_usb.c.obj

.debug_str      0x00000000     0x3859
 .debug_str     0x00000000     0x1457 CMakeFiles/SpaceInvaders.elf.dir/Core/Src/main.c.obj
                               0x154b (size before relaxing)
 .debug_str     0x00001457       0xf8 CMakeFiles/SpaceInvaders.elf.dir/Core/Src/stm32f3xx_hal_msp.c.obj
                                0xd1f (size before relaxing)
 .debug_str     0x0000154f      0x10f CMakeFiles/SpaceInvaders.elf.dir/Core/Src/stm32f3xx_it.c.obj
                                0x2ad (size before relaxing)
 .debug_str     0x0000165e       0xb5 CMakeFiles/SpaceInvaders.elf.dir/Core/Src/system_stm32f3xx.c.obj
                                0x2b8 (size before relaxing)
 .debug_str     0x00001713       0x6e CMakeFiles/SpaceInvaders.elf.dir/Core/Startup/startup_stm32f303vctx.s.obj
                                 0xad (size before relaxing)
 .debug_str     0x00001781      0x301 CMakeFiles/SpaceInvaders.elf.dir/Drivers/STM32F3xx_HAL_Driver/Src/stm32f3xx_hal.c.obj
                                0x9f6 (size before relaxing)
 .debug_str     0x00001a82      0x4b9 CMakeFiles/SpaceInvaders.elf.dir/Drivers/STM32F3xx_HAL_Driver/Src/stm32f3xx_hal_cortex.c.obj
                                0xba6 (size before relaxing)
 .debug_str     0x00001f3b       0xf2 CMakeFiles/SpaceInvaders.elf.dir/Drivers/STM32F3xx_HAL_Driver/Src/stm32f3xx_hal_gpio.c.obj
                                0x471 (size before relaxing)
 .debug_str     0x0000202d      0x8c3 CMakeFiles/SpaceInvaders.elf.dir/Drivers/STM32F3xx_HAL_Driver/Src/stm32f3xx_hal_i2c.c.obj
                                0xfc4 (size before relaxing)
 .debug_str     0x000028f0       0xe2 CMakeFiles/SpaceInvaders.elf.dir/Drivers/STM32F3xx_HAL_Driver/Src/stm32f3xx_hal_i2c_ex.c.obj
                                0x821 (size before relaxing)
 .debug_str     0x000029d2      0x500 CMakeFiles/SpaceInvaders.elf.dir/Drivers/STM32F3xx_HAL_Driver/Src/stm32f3xx_hal_pcd.c.obj
                                0xaca (size before relaxing)
 .debug_str     0x00002ed2      0x20c CMakeFiles/SpaceInvaders.elf.dir/Drivers/STM32F3xx_HAL_Driver/Src/stm32f3xx_hal_rcc.c.obj
                                0x6be (size before relaxing)
 .debug_str     0x000030de       0xe8 CMakeFiles/SpaceInvaders.elf.dir/Drivers/STM32F3xx_HAL_Driver/Src/stm32f3xx_hal_rcc_ex.c.obj
                                0x57a (size before relaxing)
 .debug_str     0x000031c6      0x591 CMakeFiles/SpaceInvaders.elf.dir/Drivers/STM32F3xx_HAL_Driver/Src/stm32f3xx_hal_spi.c.obj
                                0xc23 (size before relaxing)
 .debug_str     0x00003757      0x102 CMakeFiles/SpaceInvaders.elf.dir/Drivers/STM32F3xx_HAL_Driver/Src/stm32f3xx_ll_usb.c.obj
                                0x67c (size before relaxing)

.comment        0x00000000       0x45
 .comment       0x00000000       0x45 CMakeFiles/SpaceInvaders.elf.dir/Core/Src/main.c.obj
                                 0x46 (size before relaxing)
 .comment       0x00000045       0x46 CMakeFiles/SpaceInvaders.elf.dir/Core/Src/stm32f3xx_hal_msp.c.obj
 .comment       0x00000045       0x46 CMakeFiles/SpaceInvaders.elf.dir/Core/Src/stm32f3xx_it.c.obj
 .comment       0x00000045       0x46 CMakeFiles/SpaceInvaders.elf.dir/Core/Src/system_stm32f3xx.c.obj
 .comment       0x00000045       0x46 CMakeFiles/SpaceInvaders.elf.dir/Drivers/STM32F3xx_HAL_Driver/Src/stm32f3xx_hal.c.obj
 .comment       0x00000045       0x46 CMakeFiles/SpaceInvaders.elf.dir/Drivers/STM32F3xx_HAL_Driver/Src/stm32f3xx_hal_cortex.c.obj
 .comment       0x00000045       0x46 CMakeFiles/SpaceInvaders.elf.dir/Drivers/STM32F3xx_HAL_Driver/Src/stm32f3xx_hal_gpio.c.obj
 .comment       0x00000045       0x46 CMakeFiles/SpaceInvaders.elf.dir/Drivers/STM32F3xx_HAL_Driver/Src/stm32f3xx_hal_i2c.c.obj
 .comment       0x00000045       0x46 CMakeFiles/SpaceInvaders.elf.dir/Drivers/STM32F3xx_HAL_Driver/Src/stm32f3xx_hal_i2c_ex.c.obj
 .comment       0x00000045       0x46 CMakeFiles/SpaceInvaders.elf.dir/Drivers/STM32F3xx_HAL_Driver/Src/stm32f3xx_hal_pcd.c.obj
 .comment       0x00000045       0x46 CMakeFiles/SpaceInvaders.elf.dir/Drivers/STM32F3xx_HAL_Driver/Src/stm32f3xx_hal_rcc.c.obj
 .comment       0x00000045       0x46 CMakeFiles/SpaceInvaders.elf.dir/Drivers/STM32F3xx_HAL_Driver/Src/stm32f3xx_hal_rcc_ex.c.obj
 .comment       0x00000045       0x46 CMakeFiles/SpaceInvaders.elf.dir/Drivers/STM32F3xx_HAL_Driver/Src/stm32f3xx_hal_spi.c.obj
 .comment       0x00000045       0x46 CMakeFiles/SpaceInvaders.elf.dir/Drivers/STM32F3xx_HAL_Driver/Src/stm32f3xx_ll_usb.c.obj

.debug_frame    0x00000000     0x1f10
 .debug_frame   0x00000000       0xdc CMakeFiles/SpaceInvaders.elf.dir/Core/Src/main.c.obj
 .debug_frame   0x000000dc       0xd4 CMakeFiles/SpaceInvaders.elf.dir/Core/Src/stm32f3xx_hal_msp.c.obj
 .debug_frame   0x000001b0       0xc0 CMakeFiles/SpaceInvaders.elf.dir/Core/Src/stm32f3xx_it.c.obj
 .debug_frame   0x00000270       0x30 CMakeFiles/SpaceInvaders.elf.dir/Core/Src/system_stm32f3xx.c.obj
 .debug_frame   0x000002a0      0x1cc CMakeFiles/SpaceInvaders.elf.dir/Drivers/STM32F3xx_HAL_Driver/Src/stm32f3xx_hal.c.obj
 .debug_frame   0x0000046c      0x1cc CMakeFiles/SpaceInvaders.elf.dir/Drivers/STM32F3xx_HAL_Driver/Src/stm32f3xx_hal_cortex.c.obj
 .debug_frame   0x00000638       0xd0 CMakeFiles/SpaceInvaders.elf.dir/Drivers/STM32F3xx_HAL_Driver/Src/stm32f3xx_hal_gpio.c.obj
 .debug_frame   0x00000708      0x934 CMakeFiles/SpaceInvaders.elf.dir/Drivers/STM32F3xx_HAL_Driver/Src/stm32f3xx_hal_i2c.c.obj
 .debug_frame   0x0000103c       0x80 CMakeFiles/SpaceInvaders.elf.dir/Drivers/STM32F3xx_HAL_Driver/Src/stm32f3xx_hal_i2c_ex.c.obj
 .debug_frame   0x000010bc      0x338 CMakeFiles/SpaceInvaders.elf.dir/Drivers/STM32F3xx_HAL_Driver/Src/stm32f3xx_hal_pcd.c.obj
 .debug_frame   0x000013f4      0x16c CMakeFiles/SpaceInvaders.elf.dir/Drivers/STM32F3xx_HAL_Driver/Src/stm32f3xx_hal_rcc.c.obj
 .debug_frame   0x00001560       0x7c CMakeFiles/SpaceInvaders.elf.dir/Drivers/STM32F3xx_HAL_Driver/Src/stm32f3xx_hal_rcc_ex.c.obj
 .debug_frame   0x000015dc      0x5d8 CMakeFiles/SpaceInvaders.elf.dir/Drivers/STM32F3xx_HAL_Driver/Src/stm32f3xx_hal_spi.c.obj
 .debug_frame   0x00001bb4      0x170 CMakeFiles/SpaceInvaders.elf.dir/Drivers/STM32F3xx_HAL_Driver/Src/stm32f3xx_ll_usb.c.obj
 .debug_frame   0x00001d24       0x2c c:/progra~2/armgnu~1/12dbab~1.2re/bin/../lib/gcc/arm-none-eabi/12.2.1/thumb/v7e-m/nofp\libg.a(libc_a-memset.o)
 .debug_frame   0x00001d50       0x2c c:/progra~2/armgnu~1/12dbab~1.2re/bin/../lib/gcc/arm-none-eabi/12.2.1/thumb/v7e-m/nofp\libg.a(libc_a-init.o)
 .debug_frame   0x00001d7c       0xb0 c:/progra~2/armgnu~1/12dbab~1.2re/bin/../lib/gcc/arm-none-eabi/12.2.1/thumb/v7e-m/nofp\libg.a(libc_a-lock.o)
 .debug_frame   0x00001e2c       0x5c c:/progra~2/armgnu~1/12dbab~1.2re/bin/../lib/gcc/arm-none-eabi/12.2.1/thumb/v7e-m/nofp\libg.a(libc_a-__call_atexit.o)
 .debug_frame   0x00001e88       0x20 c:/progra~2/armgnu~1/12dbab~1.2re/bin/../lib/gcc/arm-none-eabi/12.2.1/thumb/v7e-m/nofp\libg.a(libc_a-atexit.o)
 .debug_frame   0x00001ea8       0x34 c:/progra~2/armgnu~1/12dbab~1.2re/bin/../lib/gcc/arm-none-eabi/12.2.1/thumb/v7e-m/nofp\libg.a(libc_a-fini.o)
 .debug_frame   0x00001edc       0x34 c:/progra~2/armgnu~1/12dbab~1.2re/bin/../lib/gcc/arm-none-eabi/12.2.1/thumb/v7e-m/nofp\libg.a(libc_a-__atexit.o)

.debug_line_str
                0x00000000       0x91
 .debug_line_str
                0x00000000       0x91 CMakeFiles/SpaceInvaders.elf.dir/Core/Startup/startup_stm32f303vctx.s.obj
