Archive member included to satisfy reference by file (symbol)

c:/progra~2/arm gnu toolchain arm-none-eabi/12.2 mpacbti-bet1/bin/../lib/gcc/arm-none-eabi/12.2.0/thumb/v7e-m/nofp\libg.a(libc_a-exit.o)
                              c:/progra~2/arm gnu toolchain arm-none-eabi/12.2 mpacbti-bet1/bin/../lib/gcc/arm-none-eabi/12.2.0/thumb/v7e-m/nofp/crt0.o (exit)
c:/progra~2/arm gnu toolchain arm-none-eabi/12.2 mpacbti-bet1/bin/../lib/gcc/arm-none-eabi/12.2.0/thumb/v7e-m/nofp\libg.a(libc_a-findfp.o)
                              c:/progra~2/arm gnu toolchain arm-none-eabi/12.2 mpacbti-bet1/bin/../lib/gcc/arm-none-eabi/12.2.0/thumb/v7e-m/nofp\libg.a(libc_a-exit.o) (__stdio_exit_handler)
c:/progra~2/arm gnu toolchain arm-none-eabi/12.2 mpacbti-bet1/bin/../lib/gcc/arm-none-eabi/12.2.0/thumb/v7e-m/nofp\libg.a(libc_a-fwalk.o)
                              c:/progra~2/arm gnu toolchain arm-none-eabi/12.2 mpacbti-bet1/bin/../lib/gcc/arm-none-eabi/12.2.0/thumb/v7e-m/nofp\libg.a(libc_a-findfp.o) (_fwalk_sglue)
c:/progra~2/arm gnu toolchain arm-none-eabi/12.2 mpacbti-bet1/bin/../lib/gcc/arm-none-eabi/12.2.0/thumb/v7e-m/nofp\libg.a(libc_a-stdio.o)
                              c:/progra~2/arm gnu toolchain arm-none-eabi/12.2 mpacbti-bet1/bin/../lib/gcc/arm-none-eabi/12.2.0/thumb/v7e-m/nofp\libg.a(libc_a-findfp.o) (__sread)
c:/progra~2/arm gnu toolchain arm-none-eabi/12.2 mpacbti-bet1/bin/../lib/gcc/arm-none-eabi/12.2.0/thumb/v7e-m/nofp\libg.a(libc_a-memset.o)
                              c:/progra~2/arm gnu toolchain arm-none-eabi/12.2 mpacbti-bet1/bin/../lib/gcc/arm-none-eabi/12.2.0/thumb/v7e-m/nofp/crt0.o (memset)
c:/progra~2/arm gnu toolchain arm-none-eabi/12.2 mpacbti-bet1/bin/../lib/gcc/arm-none-eabi/12.2.0/thumb/v7e-m/nofp\libg.a(libc_a-closer.o)
                              c:/progra~2/arm gnu toolchain arm-none-eabi/12.2 mpacbti-bet1/bin/../lib/gcc/arm-none-eabi/12.2.0/thumb/v7e-m/nofp\libg.a(libc_a-stdio.o) (_close_r)
c:/progra~2/arm gnu toolchain arm-none-eabi/12.2 mpacbti-bet1/bin/../lib/gcc/arm-none-eabi/12.2.0/thumb/v7e-m/nofp\libg.a(libc_a-reent.o)
                              c:/progra~2/arm gnu toolchain arm-none-eabi/12.2 mpacbti-bet1/bin/../lib/gcc/arm-none-eabi/12.2.0/thumb/v7e-m/nofp\libg.a(libc_a-closer.o) (errno)
c:/progra~2/arm gnu toolchain arm-none-eabi/12.2 mpacbti-bet1/bin/../lib/gcc/arm-none-eabi/12.2.0/thumb/v7e-m/nofp\libg.a(libc_a-impure.o)
                              c:/progra~2/arm gnu toolchain arm-none-eabi/12.2 mpacbti-bet1/bin/../lib/gcc/arm-none-eabi/12.2.0/thumb/v7e-m/nofp\libg.a(libc_a-reent.o) (_impure_ptr)
c:/progra~2/arm gnu toolchain arm-none-eabi/12.2 mpacbti-bet1/bin/../lib/gcc/arm-none-eabi/12.2.0/thumb/v7e-m/nofp\libg.a(libc_a-lseekr.o)
                              c:/progra~2/arm gnu toolchain arm-none-eabi/12.2 mpacbti-bet1/bin/../lib/gcc/arm-none-eabi/12.2.0/thumb/v7e-m/nofp\libg.a(libc_a-stdio.o) (_lseek_r)
c:/progra~2/arm gnu toolchain arm-none-eabi/12.2 mpacbti-bet1/bin/../lib/gcc/arm-none-eabi/12.2.0/thumb/v7e-m/nofp\libg.a(libc_a-readr.o)
                              c:/progra~2/arm gnu toolchain arm-none-eabi/12.2 mpacbti-bet1/bin/../lib/gcc/arm-none-eabi/12.2.0/thumb/v7e-m/nofp\libg.a(libc_a-stdio.o) (_read_r)
c:/progra~2/arm gnu toolchain arm-none-eabi/12.2 mpacbti-bet1/bin/../lib/gcc/arm-none-eabi/12.2.0/thumb/v7e-m/nofp\libg.a(libc_a-writer.o)
                              c:/progra~2/arm gnu toolchain arm-none-eabi/12.2 mpacbti-bet1/bin/../lib/gcc/arm-none-eabi/12.2.0/thumb/v7e-m/nofp\libg.a(libc_a-stdio.o) (_write_r)
c:/progra~2/arm gnu toolchain arm-none-eabi/12.2 mpacbti-bet1/bin/../lib/gcc/arm-none-eabi/12.2.0/thumb/v7e-m/nofp\libg.a(libc_a-errno.o)
                              CMakeFiles/SpaceInvaders.elf.dir/Core/Src/syscalls.c.obj (__errno)
c:/progra~2/arm gnu toolchain arm-none-eabi/12.2 mpacbti-bet1/bin/../lib/gcc/arm-none-eabi/12.2.0/thumb/v7e-m/nofp\libg.a(libc_a-init.o)
                              c:/progra~2/arm gnu toolchain arm-none-eabi/12.2 mpacbti-bet1/bin/../lib/gcc/arm-none-eabi/12.2.0/thumb/v7e-m/nofp/crt0.o (__libc_init_array)
c:/progra~2/arm gnu toolchain arm-none-eabi/12.2 mpacbti-bet1/bin/../lib/gcc/arm-none-eabi/12.2.0/thumb/v7e-m/nofp\libg.a(libc_a-lock.o)
                              c:/progra~2/arm gnu toolchain arm-none-eabi/12.2 mpacbti-bet1/bin/../lib/gcc/arm-none-eabi/12.2.0/thumb/v7e-m/nofp\libg.a(libc_a-findfp.o) (__retarget_lock_init_recursive)
c:/progra~2/arm gnu toolchain arm-none-eabi/12.2 mpacbti-bet1/bin/../lib/gcc/arm-none-eabi/12.2.0/thumb/v7e-m/nofp\libg.a(libc_a-strlen.o)
                              CMakeFiles/SpaceInvaders.elf.dir/Core/Src/LiquidCrystal.c.obj (strlen)
c:/progra~2/arm gnu toolchain arm-none-eabi/12.2 mpacbti-bet1/bin/../lib/gcc/arm-none-eabi/12.2.0/thumb/v7e-m/nofp\libg.a(libc_a-__call_atexit.o)
                              c:/progra~2/arm gnu toolchain arm-none-eabi/12.2 mpacbti-bet1/bin/../lib/gcc/arm-none-eabi/12.2.0/thumb/v7e-m/nofp\libg.a(libc_a-exit.o) (__call_exitprocs)
[...]
Memory Configuration

Name             Origin             Length             Attributes
CCMRAM           0x10000000         0x00002000         xrw
RAM              0x20000000         0x0000a000         xrw
FLASH            0x08000000         0x00040000         xr
*default*        0x00000000         0xffffffff

Linker script and memory map

LOAD c:/progra~2/arm gnu toolchain arm-none-eabi/12.2 mpacbti-bet1/bin/../lib/gcc/arm-none-eabi/12.2.0/thumb/v7e-m/nofp/crti.o
LOAD c:/progra~2/arm gnu toolchain arm-none-eabi/12.2 mpacbti-bet1/bin/../lib/gcc/arm-none-eabi/12.2.0/thumb/v7e-m/nofp/crtbegin.o
LOAD c:/progra~2/arm gnu toolchain arm-none-eabi/12.2 mpacbti-bet1/bin/../lib/gcc/arm-none-eabi/12.2.0/thumb/v7e-m/nofp/crt0.o
LOAD CMakeFiles/SpaceInvaders.elf.dir/Core/Src/GameBoard.c.obj
LOAD CMakeFiles/SpaceInvaders.elf.dir/Core/Src/GlobalVariables.c.obj
LOAD CMakeFiles/SpaceInvaders.elf.dir/Core/Src/HomeScreen.c.obj
LOAD CMakeFiles/SpaceInvaders.elf.dir/Core/Src/Keypad.c.obj
LOAD CMakeFiles/SpaceInvaders.elf.dir/Core/Src/LCD.c.obj
LOAD CMakeFiles/SpaceInvaders.elf.dir/Core/Src/LiquidCrystal.c.obj
LOAD CMakeFiles/SpaceInvaders.elf.dir/Core/Src/UART.c.obj
LOAD CMakeFiles/SpaceInvaders.elf.dir/Core/Src/Utils.c.obj
LOAD CMakeFiles/SpaceInvaders.elf.dir/Core/Src/main.c.obj
LOAD CMakeFiles/SpaceInvaders.elf.dir/Core/Src/stm32f3xx_hal_msp.c.obj
LOAD CMakeFiles/SpaceInvaders.elf.dir/Core/Src/stm32f3xx_it.c.obj
LOAD CMakeFiles/SpaceInvaders.elf.dir/Core/Src/syscalls.c.obj
LOAD CMakeFiles/SpaceInvaders.elf.dir/Core/Src/sysmem.c.obj
LOAD CMakeFiles/SpaceInvaders.elf.dir/Core/Src/system_stm32f3xx.c.obj
LOAD CMakeFiles/SpaceInvaders.elf.dir/Core/Startup/startup_stm32f303vctx.s.obj
LOAD CMakeFiles/SpaceInvaders.elf.dir/Drivers/STM32F3xx_HAL_Driver/Src/stm32f3xx_hal.c.obj
LOAD CMakeFiles/SpaceInvaders.elf.dir/Drivers/STM32F3xx_HAL_Driver/Src/stm32f3xx_hal_cortex.c.obj
LOAD CMakeFiles/SpaceInvaders.elf.dir/Drivers/STM32F3xx_HAL_Driver/Src/stm32f3xx_hal_dma.c.obj
LOAD CMakeFiles/SpaceInvaders.elf.dir/Drivers/STM32F3xx_HAL_Driver/Src/stm32f3xx_hal_exti.c.obj
LOAD CMakeFiles/SpaceInvaders.elf.dir/Drivers/STM32F3xx_HAL_Driver/Src/stm32f3xx_hal_flash.c.obj
LOAD CMakeFiles/SpaceInvaders.elf.dir/Drivers/STM32F3xx_HAL_Driver/Src/stm32f3xx_hal_flash_ex.c.obj
LOAD CMakeFiles/SpaceInvaders.elf.dir/Drivers/STM32F3xx_HAL_Driver/Src/stm32f3xx_hal_gpio.c.obj
LOAD CMakeFiles/SpaceInvaders.elf.dir/Drivers/STM32F3xx_HAL_Driver/Src/stm32f3xx_hal_i2c.c.obj
LOAD CMakeFiles/SpaceInvaders.elf.dir/Drivers/STM32F3xx_HAL_Driver/Src/stm32f3xx_hal_i2c_ex.c.obj
LOAD CMakeFiles/SpaceInvaders.elf.dir/Drivers/STM32F3xx_HAL_Driver/Src/stm32f3xx_hal_pcd.c.obj
LOAD CMakeFiles/SpaceInvaders.elf.dir/Drivers/STM32F3xx_HAL_Driver/Src/stm32f3xx_hal_pcd_ex.c.obj
LOAD CMakeFiles/SpaceInvaders.elf.dir/Drivers/STM32F3xx_HAL_Driver/Src/stm32f3xx_hal_pwr.c.obj
LOAD CMakeFiles/SpaceInvaders.elf.dir/Drivers/STM32F3xx_HAL_Driver/Src/stm32f3xx_hal_pwr_ex.c.obj
LOAD CMakeFiles/SpaceInvaders.elf.dir/Drivers/STM32F3xx_HAL_Driver/Src/stm32f3xx_hal_rcc.c.obj
LOAD CMakeFiles/SpaceInvaders.elf.dir/Drivers/STM32F3xx_HAL_Driver/Src/stm32f3xx_hal_rcc_ex.c.obj
LOAD CMakeFiles/SpaceInvaders.elf.dir/Drivers/STM32F3xx_HAL_Driver/Src/stm32f3xx_hal_spi.c.obj
LOAD CMakeFiles/SpaceInvaders.elf.dir/Drivers/STM32F3xx_HAL_Driver/Src/stm32f3xx_hal_spi_ex.c.obj
LOAD CMakeFiles/SpaceInvaders.elf.dir/Drivers/STM32F3xx_HAL_Driver/Src/stm32f3xx_hal_tim.c.obj
LOAD CMakeFiles/SpaceInvaders.elf.dir/Drivers/STM32F3xx_HAL_Driver/Src/stm32f3xx_hal_tim_ex.c.obj
LOAD CMakeFiles/SpaceInvaders.elf.dir/Drivers/STM32F3xx_HAL_Driver/Src/stm32f3xx_hal_uart.c.obj
LOAD CMakeFiles/SpaceInvaders.elf.dir/Drivers/STM32F3xx_HAL_Driver/Src/stm32f3xx_hal_uart_ex.c.obj
LOAD CMakeFiles/SpaceInvaders.elf.dir/Drivers/STM32F3xx_HAL_Driver/Src/stm32f3xx_ll_usb.c.obj
START GROUP
LOAD c:/progra~2/arm gnu toolchain arm-none-eabi/12.2 mpacbti-bet1/bin/../lib/gcc/arm-none-eabi/12.2.0/thumb/v7e-m/nofp\libgcc.a
LOAD c:/progra~2/arm gnu toolchain arm-none-eabi/12.2 mpacbti-bet1/bin/../lib/gcc/arm-none-eabi/12.2.0/thumb/v7e-m/nofp\libg.a
LOAD c:/progra~2/arm gnu toolchain arm-none-eabi/12.2 mpacbti-bet1/bin/../lib/gcc/arm-none-eabi/12.2.0/thumb/v7e-m/nofp\libc.a
END GROUP
LOAD c:/progra~2/arm gnu toolchain arm-none-eabi/12.2 mpacbti-bet1/bin/../lib/gcc/arm-none-eabi/12.2.0/thumb/v7e-m/nofp/crtend.o
LOAD c:/progra~2/arm gnu toolchain arm-none-eabi/12.2 mpacbti-bet1/bin/../lib/gcc/arm-none-eabi/12.2.0/thumb/v7e-m/nofp/crtn.o
                0x2000a000                        _estack = (ORIGIN (RAM) + LENGTH (RAM))
                0x00000200                        _Min_Heap_Size = 0x200
                0x00000400                        _Min_Stack_Size = 0x400

.isr_vector     0x08000000      0x188
                0x08000000                        . = ALIGN (0x4)
 *(.isr_vector)
 .isr_vector    0x08000000      0x188 CMakeFiles/SpaceInvaders.elf.dir/Core/Startup/startup_stm32f303vctx.s.obj
                0x08000000                g_pfnVectors
                0x08000188                        . = ALIGN (0x4)

.text           0x080001c0     0x313c
                0x080001c0                        . = ALIGN (0x4)
 *(.text)
 .text          0x080001c0       0xd8 c:/progra~2/arm gnu toolchain arm-none-eabi/12.2 mpacbti-bet1/bin/../lib/gcc/arm-none-eabi/12.2.0/thumb/v7e-m/nofp\libg.a(libc_a-strlen.o)
                0x080001c0                strlen
 *(.text*)
 .text.deregister_tm_clones
                0x08000298       0x1c c:/progra~2/arm gnu toolchain arm-none-eabi/12.2 mpacbti-bet1/bin/../lib/gcc/arm-none-eabi/12.2.0/thumb/v7e-m/nofp/crtbegin.o
 .text.register_tm_clones
                0x080002b4       0x24 c:/progra~2/arm gnu toolchain arm-none-eabi/12.2 mpacbti-bet1/bin/../lib/gcc/arm-none-eabi/12.2.0/thumb/v7e-m/nofp/crtbegin.o
 .text.__do_global_dtors_aux
                0x080002d8       0x28 c:/progra~2/arm gnu toolchain arm-none-eabi/12.2 mpacbti-bet1/bin/../lib/gcc/arm-none-eabi/12.2.0/thumb/v7e-m/nofp/crtbegin.o
 .text.frame_dummy
                0x08000300       0x24 c:/progra~2/arm gnu toolchain arm-none-eabi/12.2 mpacbti-bet1/bin/../lib/gcc/arm-none-eabi/12.2.0/thumb/v7e-m/nofp/crtbegin.o
 .text.update_bullets_position
                0x08000324       0x88 CMakeFiles/SpaceInvaders.elf.dir/Core/Src/GameBoard.c.obj
                0x08000324                update_bullets_position
 .text.update_board
                0x080003ac        0x8 CMakeFiles/SpaceInvaders.elf.dir/Core/Src/GameBoard.c.obj
                0x080003ac                update_board
 .text.HomeScreen_OnKeyPress
                0x080003b4        0xc CMakeFiles/SpaceInvaders.elf.dir/Core/Src/HomeScreen.c.obj
                0x080003b4                HomeScreen_OnKeyPress
 .text.handleKeyPress
                0x080003c0       0x14 CMakeFiles/SpaceInvaders.elf.dir/Core/Src/Keypad.c.obj
                0x080003c0                handleKeyPress
 .text.Keypad_Init
                0x080003d4       0x14 CMakeFiles/SpaceInvaders.elf.dir/Core/Src/Keypad.c.obj
                0x080003d4                Keypad_Init
 .text.Keypad_OnInterrupt
                0x080003e8       0xa4 CMakeFiles/SpaceInvaders.elf.dir/Core/Src/Keypad.c.obj
                0x080003e8                Keypad_OnInterrupt
 .text.LCD_Init
                0x0800048c       0x64 CMakeFiles/SpaceInvaders.elf.dir/Core/Src/LCD.c.obj
                0x0800048c                LCD_Init
 .text.enableClock
                0x080004f0       0xd4 CMakeFiles/SpaceInvaders.elf.dir/Core/Src/LiquidCrystal.c.obj
                0x080004f0                enableClock
 .text.setRowOffsets
                0x080005c4       0x14 CMakeFiles/SpaceInvaders.elf.dir/Core/Src/LiquidCrystal.c.obj
                0x080005c4                setRowOffsets
 .text.pulseEnable
                0x080005d8       0x40 CMakeFiles/SpaceInvaders.elf.dir/Core/Src/LiquidCrystal.c.obj
                0x080005d8                pulseEnable
 .text.write4bits
                0x08000618       0x34 CMakeFiles/SpaceInvaders.elf.dir/Core/Src/LiquidCrystal.c.obj
                0x08000618                write4bits
 .text.write8bits
                0x0800064c       0x34 CMakeFiles/SpaceInvaders.elf.dir/Core/Src/LiquidCrystal.c.obj
                0x0800064c                write8bits
 .text.send     0x08000680       0x58 CMakeFiles/SpaceInvaders.elf.dir/Core/Src/LiquidCrystal.c.obj
                0x08000680                send
 .text.clear    0x080006d8       0x12 CMakeFiles/SpaceInvaders.elf.dir/Core/Src/LiquidCrystal.c.obj
                0x080006d8                clear
 *fill*         0x080006ea        0x2 
 .text.setCursor
                0x080006ec       0x30 CMakeFiles/SpaceInvaders.elf.dir/Core/Src/LiquidCrystal.c.obj
                0x080006ec                setCursor
 .text.display  0x0800071c       0x1c CMakeFiles/SpaceInvaders.elf.dir/Core/Src/LiquidCrystal.c.obj
                0x0800071c                display
 .text.begin    0x08000738      0x1b0 CMakeFiles/SpaceInvaders.elf.dir/Core/Src/LiquidCrystal.c.obj
                0x08000738                begin
 .text.init     0x080008e8       0x7c CMakeFiles/SpaceInvaders.elf.dir/Core/Src/LiquidCrystal.c.obj
                0x080008e8                init
 .text.LiquidCrystal
                0x08000964       0x64 CMakeFiles/SpaceInvaders.elf.dir/Core/Src/LiquidCrystal.c.obj
                0x08000964                LiquidCrystal
 .text.print    0x080009c8       0x2a CMakeFiles/SpaceInvaders.elf.dir/Core/Src/LiquidCrystal.c.obj
                0x080009c8                print
 .text.createChar
                0x080009f2       0x28 CMakeFiles/SpaceInvaders.elf.dir/Core/Src/LiquidCrystal.c.obj
                0x080009f2                createChar
 *fill*         0x08000a1a        0x2 
 .text.Utils_GetCharacter
                0x08000a1c       0x30 CMakeFiles/SpaceInvaders.elf.dir/Core/Src/Utils.c.obj
                0x08000a1c                Utils_GetCharacter
 .text.MX_GPIO_Init
                0x08000a4c      0x124 CMakeFiles/SpaceInvaders.elf.dir/Core/Src/main.c.obj
 .text.HAL_GPIO_EXTI_Callback
                0x08000b70        0x8 CMakeFiles/SpaceInvaders.elf.dir/Core/Src/main.c.obj
                0x08000b70                HAL_GPIO_EXTI_Callback
 .text.Error_Handler
                0x08000b78        0x4 CMakeFiles/SpaceInvaders.elf.dir/Core/Src/main.c.obj
                0x08000b78                Error_Handler
 .text.MX_I2C1_Init
                0x08000b7c       0x54 CMakeFiles/SpaceInvaders.elf.dir/Core/Src/main.c.obj
 .text.MX_SPI1_Init
                0x08000bd0       0x48 CMakeFiles/SpaceInvaders.elf.dir/Core/Src/main.c.obj
 .text.MX_USB_PCD_Init
                0x08000c18       0x2c CMakeFiles/SpaceInvaders.elf.dir/Core/Src/main.c.obj
 .text.MX_TIM2_Init
                0x08000c44       0x6c CMakeFiles/SpaceInvaders.elf.dir/Core/Src/main.c.obj
 .text.MX_USART1_UART_Init
                0x08000cb0       0x38 CMakeFiles/SpaceInvaders.elf.dir/Core/Src/main.c.obj
 .text.SystemClock_Config
                0x08000ce8       0x98 CMakeFiles/SpaceInvaders.elf.dir/Core/Src/main.c.obj
                0x08000ce8                SystemClock_Config
 .text.main     0x08000d80       0x38 CMakeFiles/SpaceInvaders.elf.dir/Core/Src/main.c.obj
                0x08000d80                main
 .text.HAL_MspInit
                0x08000db8       0x3c CMakeFiles/SpaceInvaders.elf.dir/Core/Src/stm32f3xx_hal_msp.c.obj
                0x08000db8                HAL_MspInit
 .text.HAL_I2C_MspInit
                0x08000df4       0x6c CMakeFiles/SpaceInvaders.elf.dir/Core/Src/stm32f3xx_hal_msp.c.obj
                0x08000df4                HAL_I2C_MspInit
 .text.HAL_SPI_MspInit
                0x08000e60       0x68 CMakeFiles/SpaceInvaders.elf.dir/Core/Src/stm32f3xx_hal_msp.c.obj
                0x08000e60                HAL_SPI_MspInit
 .text.HAL_TIM_Base_MspInit
                0x08000ec8       0x3a CMakeFiles/SpaceInvaders.elf.dir/Core/Src/stm32f3xx_hal_msp.c.obj
                0x08000ec8                HAL_TIM_Base_MspInit
 *fill*         0x08000f02        0x2 
 .text.HAL_UART_MspInit
                0x08000f04       0x78 CMakeFiles/SpaceInvaders.elf.dir/Core/Src/stm32f3xx_hal_msp.c.obj
                0x08000f04                HAL_UART_MspInit
 .text.HAL_PCD_MspInit
                0x08000f7c       0x68 CMakeFiles/SpaceInvaders.elf.dir/Core/Src/stm32f3xx_hal_msp.c.obj
                0x08000f7c                HAL_PCD_MspInit
 .text.render_board
                0x08000fe4       0x38 CMakeFiles/SpaceInvaders.elf.dir/Core/Src/stm32f3xx_it.c.obj
                0x08000fe4                render_board
 .text.onEveryOneSecond
                0x0800101c        0xc CMakeFiles/SpaceInvaders.elf.dir/Core/Src/stm32f3xx_it.c.obj
                0x0800101c                onEveryOneSecond
 .text.NMI_Handler
                0x08001028        0x2 CMakeFiles/SpaceInvaders.elf.dir/Core/Src/stm32f3xx_it.c.obj
                0x08001028                NMI_Handler
 .text.HardFault_Handler
                0x0800102a        0x2 CMakeFiles/SpaceInvaders.elf.dir/Core/Src/stm32f3xx_it.c.obj
                0x0800102a                HardFault_Handler
 .text.MemManage_Handler
                0x0800102c        0x2 CMakeFiles/SpaceInvaders.elf.dir/Core/Src/stm32f3xx_it.c.obj
                0x0800102c                MemManage_Handler
 .text.BusFault_Handler
                0x0800102e        0x2 CMakeFiles/SpaceInvaders.elf.dir/Core/Src/stm32f3xx_it.c.obj
                0x0800102e                BusFault_Handler
 .text.UsageFault_Handler
                0x08001030        0x2 CMakeFiles/SpaceInvaders.elf.dir/Core/Src/stm32f3xx_it.c.obj
                0x08001030                UsageFault_Handler
 .text.SVC_Handler
                0x08001032        0x2 CMakeFiles/SpaceInvaders.elf.dir/Core/Src/stm32f3xx_it.c.obj
                0x08001032                SVC_Handler
 .text.DebugMon_Handler
                0x08001034        0x2 CMakeFiles/SpaceInvaders.elf.dir/Core/Src/stm32f3xx_it.c.obj
                0x08001034                DebugMon_Handler
 .text.PendSV_Handler
                0x08001036        0x2 CMakeFiles/SpaceInvaders.elf.dir/Core/Src/stm32f3xx_it.c.obj
                0x08001036                PendSV_Handler
 .text.SysTick_Handler
                0x08001038        0x8 CMakeFiles/SpaceInvaders.elf.dir/Core/Src/stm32f3xx_it.c.obj
                0x08001038                SysTick_Handler
 .text.TIM2_IRQHandler
                0x08001040       0x2c CMakeFiles/SpaceInvaders.elf.dir/Core/Src/stm32f3xx_it.c.obj
                0x08001040                TIM2_IRQHandler
 .text.USART1_IRQHandler
                0x0800106c       0x10 CMakeFiles/SpaceInvaders.elf.dir/Core/Src/stm32f3xx_it.c.obj
                0x0800106c                USART1_IRQHandler
 .text.EXTI15_10_IRQHandler
                0x0800107c       0x24 CMakeFiles/SpaceInvaders.elf.dir/Core/Src/stm32f3xx_it.c.obj
                0x0800107c                EXTI15_10_IRQHandler
 .text.SystemInit
                0x080010a0        0x2 CMakeFiles/SpaceInvaders.elf.dir/Core/Src/system_stm32f3xx.c.obj
                0x080010a0                SystemInit
 *fill*         0x080010a2        0x2 
 .text.Reset_Handler
                0x080010a4       0x50 CMakeFiles/SpaceInvaders.elf.dir/Core/Startup/startup_stm32f303vctx.s.obj
                0x080010a4                Reset_Handler
 .text.Default_Handler
                0x080010f4        0x2 CMakeFiles/SpaceInvaders.elf.dir/Core/Startup/startup_stm32f303vctx.s.obj
                0x080010f4                RTC_Alarm_IRQHandler
                0x080010f4                TIM8_TRG_COM_IRQHandler
                0x080010f4                TIM8_CC_IRQHandler
                0x080010f4                TIM1_CC_IRQHandler
                0x080010f4                USB_HP_IRQHandler
                0x080010f4                PVD_IRQHandler
                0x080010f4                TAMP_STAMP_IRQHandler
                0x080010f4                EXTI3_IRQHandler
                0x080010f4                USB_HP_CAN_TX_IRQHandler
                0x080010f4                EXTI0_IRQHandler
                0x080010f4                I2C2_EV_IRQHandler
                0x080010f4                FPU_IRQHandler
                0x080010f4                TIM1_UP_TIM16_IRQHandler
                0x080010f4                ADC1_2_IRQHandler
                0x080010f4                SPI1_IRQHandler
                0x080010f4                CAN_SCE_IRQHandler
                0x080010f4                TIM6_DAC_IRQHandler
                0x080010f4                TIM8_UP_IRQHandler
                0x080010f4                DMA2_Channel2_IRQHandler
                0x080010f4                DMA1_Channel4_IRQHandler
                0x080010f4                USART3_IRQHandler
                0x080010f4                DMA1_Channel7_IRQHandler
                0x080010f4                UART5_IRQHandler
                0x080010f4                ADC3_IRQHandler
                0x080010f4                TIM4_IRQHandler
                0x080010f4                CAN_RX1_IRQHandler
                0x080010f4                DMA2_Channel1_IRQHandler
                0x080010f4                I2C1_EV_IRQHandler
                0x080010f4                DMA1_Channel6_IRQHandler
                0x080010f4                UART4_IRQHandler
                0x080010f4                DMA2_Channel4_IRQHandler
                0x080010f4                TIM3_IRQHandler
                0x080010f4                RCC_IRQHandler
                0x080010f4                DMA1_Channel1_IRQHandler
                0x080010f4                Default_Handler
                0x080010f4                USBWakeUp_RMP_IRQHandler
                0x080010f4                TIM7_IRQHandler
                0x080010f4                EXTI9_5_IRQHandler
                0x080010f4                RTC_WKUP_IRQHandler
                0x080010f4                SPI2_IRQHandler
                0x080010f4                USB_LP_CAN_RX0_IRQHandler
                0x080010f4                DMA2_Channel5_IRQHandler
                0x080010f4                DMA1_Channel5_IRQHandler
                0x080010f4                USB_LP_IRQHandler
                0x080010f4                EXTI4_IRQHandler
                0x080010f4                TIM1_TRG_COM_TIM17_IRQHandler
                0x080010f4                DMA1_Channel3_IRQHandler
                0x080010f4                ADC4_IRQHandler
                0x080010f4                WWDG_IRQHandler
                0x080010f4                COMP7_IRQHandler
                0x080010f4                COMP1_2_3_IRQHandler
                0x080010f4                EXTI1_IRQHandler
                0x080010f4                USART2_IRQHandler
                0x080010f4                COMP4_5_6_IRQHandler
                0x080010f4                I2C2_ER_IRQHandler
                0x080010f4                DMA1_Channel2_IRQHandler
                0x080010f4                TIM8_BRK_IRQHandler
                0x080010f4                FLASH_IRQHandler
                0x080010f4                SPI3_IRQHandler
                0x080010f4                I2C1_ER_IRQHandler
                0x080010f4                USBWakeUp_IRQHandler
                0x080010f4                DMA2_Channel3_IRQHandler
                0x080010f4                EXTI2_TSC_IRQHandler
                0x080010f4                TIM1_BRK_TIM15_IRQHandler
 *fill*         0x080010f6        0x2 
 .text.HAL_InitTick
                0x080010f8       0x4c CMakeFiles/SpaceInvaders.elf.dir/Drivers/STM32F3xx_HAL_Driver/Src/stm32f3xx_hal.c.obj
                0x080010f8                HAL_InitTick
 .text.HAL_Init
                0x08001144       0x24 CMakeFiles/SpaceInvaders.elf.dir/Drivers/STM32F3xx_HAL_Driver/Src/stm32f3xx_hal.c.obj
                0x08001144                HAL_Init
 .text.HAL_IncTick
                0x08001168       0x18 CMakeFiles/SpaceInvaders.elf.dir/Drivers/STM32F3xx_HAL_Driver/Src/stm32f3xx_hal.c.obj
                0x08001168                HAL_IncTick
 .text.HAL_GetTick
                0x08001180        0xc CMakeFiles/SpaceInvaders.elf.dir/Drivers/STM32F3xx_HAL_Driver/Src/stm32f3xx_hal.c.obj
                0x08001180                HAL_GetTick
 .text.HAL_Delay
                0x0800118c       0x28 CMakeFiles/SpaceInvaders.elf.dir/Drivers/STM32F3xx_HAL_Driver/Src/stm32f3xx_hal.c.obj
                0x0800118c                HAL_Delay
 .text.__NVIC_SetPriority
                0x080011b4       0x28 CMakeFiles/SpaceInvaders.elf.dir/Drivers/STM32F3xx_HAL_Driver/Src/stm32f3xx_hal_cortex.c.obj
 .text.NVIC_EncodePriority
                0x080011dc       0x3e CMakeFiles/SpaceInvaders.elf.dir/Drivers/STM32F3xx_HAL_Driver/Src/stm32f3xx_hal_cortex.c.obj
 *fill*         0x0800121a        0x2 
 .text.HAL_NVIC_SetPriorityGrouping
                0x0800121c       0x24 CMakeFiles/SpaceInvaders.elf.dir/Drivers/STM32F3xx_HAL_Driver/Src/stm32f3xx_hal_cortex.c.obj
                0x0800121c                HAL_NVIC_SetPriorityGrouping
 .text.HAL_NVIC_SetPriority
                0x08001240       0x20 CMakeFiles/SpaceInvaders.elf.dir/Drivers/STM32F3xx_HAL_Driver/Src/stm32f3xx_hal_cortex.c.obj
                0x08001240                HAL_NVIC_SetPriority
 .text.HAL_NVIC_EnableIRQ
                0x08001260       0x1c CMakeFiles/SpaceInvaders.elf.dir/Drivers/STM32F3xx_HAL_Driver/Src/stm32f3xx_hal_cortex.c.obj
                0x08001260                HAL_NVIC_EnableIRQ
 .text.HAL_SYSTICK_Config
                0x0800127c       0x28 CMakeFiles/SpaceInvaders.elf.dir/Drivers/STM32F3xx_HAL_Driver/Src/stm32f3xx_hal_cortex.c.obj
                0x0800127c                HAL_SYSTICK_Config
 .text.HAL_DMA_Abort
                0x080012a4       0x44 CMakeFiles/SpaceInvaders.elf.dir/Drivers/STM32F3xx_HAL_Driver/Src/stm32f3xx_hal_dma.c.obj
                0x080012a4                HAL_DMA_Abort
 .text.HAL_DMA_Abort_IT
                0x080012e8       0x4a CMakeFiles/SpaceInvaders.elf.dir/Drivers/STM32F3xx_HAL_Driver/Src/stm32f3xx_hal_dma.c.obj
                0x080012e8                HAL_DMA_Abort_IT
 *fill*         0x08001332        0x2 
 .text.HAL_GPIO_Init
                0x08001334      0x1d0 CMakeFiles/SpaceInvaders.elf.dir/Drivers/STM32F3xx_HAL_Driver/Src/stm32f3xx_hal_gpio.c.obj
                0x08001334                HAL_GPIO_Init
 .text.HAL_GPIO_ReadPin
                0x08001504        0xe CMakeFiles/SpaceInvaders.elf.dir/Drivers/STM32F3xx_HAL_Driver/Src/stm32f3xx_hal_gpio.c.obj
                0x08001504                HAL_GPIO_ReadPin
 .text.HAL_GPIO_WritePin
                0x08001512        0xa CMakeFiles/SpaceInvaders.elf.dir/Drivers/STM32F3xx_HAL_Driver/Src/stm32f3xx_hal_gpio.c.obj
                0x08001512                HAL_GPIO_WritePin
 .text.HAL_GPIO_EXTI_IRQHandler
                0x0800151c       0x1c CMakeFiles/SpaceInvaders.elf.dir/Drivers/STM32F3xx_HAL_Driver/Src/stm32f3xx_hal_gpio.c.obj
                0x0800151c                HAL_GPIO_EXTI_IRQHandler
 .text.HAL_I2C_Init
                0x08001538       0xbc CMakeFiles/SpaceInvaders.elf.dir/Drivers/STM32F3xx_HAL_Driver/Src/stm32f3xx_hal_i2c.c.obj
                0x08001538                HAL_I2C_Init
 .text.HAL_I2CEx_ConfigAnalogFilter
                0x080015f4       0x5c CMakeFiles/SpaceInvaders.elf.dir/Drivers/STM32F3xx_HAL_Driver/Src/stm32f3xx_hal_i2c_ex.c.obj
                0x080015f4                HAL_I2CEx_ConfigAnalogFilter
 .text.HAL_I2CEx_ConfigDigitalFilter
                0x08001650       0x58 CMakeFiles/SpaceInvaders.elf.dir/Drivers/STM32F3xx_HAL_Driver/Src/stm32f3xx_hal_i2c_ex.c.obj
                0x08001650                HAL_I2CEx_ConfigDigitalFilter
 .text.HAL_PCD_Init
                0x080016a8       0xd2 CMakeFiles/SpaceInvaders.elf.dir/Drivers/STM32F3xx_HAL_Driver/Src/stm32f3xx_hal_pcd.c.obj
                0x080016a8                HAL_PCD_Init
 *fill*         0x0800177a        0x2 
 .text.HAL_RCC_OscConfig
                0x0800177c      0x630 CMakeFiles/SpaceInvaders.elf.dir/Drivers/STM32F3xx_HAL_Driver/Src/stm32f3xx_hal_rcc.c.obj
                0x0800177c                HAL_RCC_OscConfig
 .text.HAL_RCC_GetSysClockFreq
                0x08001dac       0x70 CMakeFiles/SpaceInvaders.elf.dir/Drivers/STM32F3xx_HAL_Driver/Src/stm32f3xx_hal_rcc.c.obj
                0x08001dac                HAL_RCC_GetSysClockFreq
 .text.HAL_RCC_ClockConfig
                0x08001e1c      0x1a8 CMakeFiles/SpaceInvaders.elf.dir/Drivers/STM32F3xx_HAL_Driver/Src/stm32f3xx_hal_rcc.c.obj
                0x08001e1c                HAL_RCC_ClockConfig
 .text.HAL_RCC_GetHCLKFreq
                0x08001fc4        0xc CMakeFiles/SpaceInvaders.elf.dir/Drivers/STM32F3xx_HAL_Driver/Src/stm32f3xx_hal_rcc.c.obj
                0x08001fc4                HAL_RCC_GetHCLKFreq
 .text.HAL_RCC_GetPCLK1Freq
                0x08001fd0       0x2c CMakeFiles/SpaceInvaders.elf.dir/Drivers/STM32F3xx_HAL_Driver/Src/stm32f3xx_hal_rcc.c.obj
                0x08001fd0                HAL_RCC_GetPCLK1Freq
 .text.HAL_RCC_GetPCLK2Freq
                0x08001ffc       0x2c CMakeFiles/SpaceInvaders.elf.dir/Drivers/STM32F3xx_HAL_Driver/Src/stm32f3xx_hal_rcc.c.obj
                0x08001ffc                HAL_RCC_GetPCLK2Freq
 .text.HAL_RCCEx_PeriphCLKConfig
                0x08002028      0x260 CMakeFiles/SpaceInvaders.elf.dir/Drivers/STM32F3xx_HAL_Driver/Src/stm32f3xx_hal_rcc_ex.c.obj
                0x08002028                HAL_RCCEx_PeriphCLKConfig
 .text.HAL_SPI_Init
                0x08002288       0xe8 CMakeFiles/SpaceInvaders.elf.dir/Drivers/STM32F3xx_HAL_Driver/Src/stm32f3xx_hal_spi.c.obj
                0x08002288                HAL_SPI_Init
 .text.TIM_TI1_ConfigInputStage
                0x08002370       0x24 CMakeFiles/SpaceInvaders.elf.dir/Drivers/STM32F3xx_HAL_Driver/Src/stm32f3xx_hal_tim.c.obj
 .text.TIM_TI2_ConfigInputStage
                0x08002394       0x26 CMakeFiles/SpaceInvaders.elf.dir/Drivers/STM32F3xx_HAL_Driver/Src/stm32f3xx_hal_tim.c.obj
 .text.TIM_ITRx_SetConfig
                0x080023ba       0x10 CMakeFiles/SpaceInvaders.elf.dir/Drivers/STM32F3xx_HAL_Driver/Src/stm32f3xx_hal_tim.c.obj
 *fill*         0x080023ca        0x2 
 .text.HAL_TIM_Base_Start_IT
                0x080023cc       0x84 CMakeFiles/SpaceInvaders.elf.dir/Drivers/STM32F3xx_HAL_Driver/Src/stm32f3xx_hal_tim.c.obj
                0x080023cc                HAL_TIM_Base_Start_IT
 .text.HAL_TIM_PeriodElapsedCallback
                0x08002450        0x2 CMakeFiles/SpaceInvaders.elf.dir/Drivers/STM32F3xx_HAL_Driver/Src/stm32f3xx_hal_tim.c.obj
                0x08002450                HAL_TIM_PeriodElapsedCallback
 .text.HAL_TIM_OC_DelayElapsedCallback
                0x08002452        0x2 CMakeFiles/SpaceInvaders.elf.dir/Drivers/STM32F3xx_HAL_Driver/Src/stm32f3xx_hal_tim.c.obj
                0x08002452                HAL_TIM_OC_DelayElapsedCallback
 .text.HAL_TIM_IC_CaptureCallback
                0x08002454        0x2 CMakeFiles/SpaceInvaders.elf.dir/Drivers/STM32F3xx_HAL_Driver/Src/stm32f3xx_hal_tim.c.obj
                0x08002454                HAL_TIM_IC_CaptureCallback
 .text.HAL_TIM_PWM_PulseFinishedCallback
                0x08002456        0x2 CMakeFiles/SpaceInvaders.elf.dir/Drivers/STM32F3xx_HAL_Driver/Src/stm32f3xx_hal_tim.c.obj
                0x08002456                HAL_TIM_PWM_PulseFinishedCallback
 .text.HAL_TIM_TriggerCallback
                0x08002458        0x2 CMakeFiles/SpaceInvaders.elf.dir/Drivers/STM32F3xx_HAL_Driver/Src/stm32f3xx_hal_tim.c.obj
                0x08002458                HAL_TIM_TriggerCallback
 .text.HAL_TIM_IRQHandler
                0x0800245a      0x19a CMakeFiles/SpaceInvaders.elf.dir/Drivers/STM32F3xx_HAL_Driver/Src/stm32f3xx_hal_tim.c.obj
                0x0800245a                HAL_TIM_IRQHandler
 .text.TIM_Base_SetConfig
                0x080025f4       0xb8 CMakeFiles/SpaceInvaders.elf.dir/Drivers/STM32F3xx_HAL_Driver/Src/stm32f3xx_hal_tim.c.obj
                0x080025f4                TIM_Base_SetConfig
 .text.HAL_TIM_Base_Init
                0x080026ac       0x60 CMakeFiles/SpaceInvaders.elf.dir/Drivers/STM32F3xx_HAL_Driver/Src/stm32f3xx_hal_tim.c.obj
                0x080026ac                HAL_TIM_Base_Init
 .text.TIM_ETR_SetConfig
                0x0800270c       0x18 CMakeFiles/SpaceInvaders.elf.dir/Drivers/STM32F3xx_HAL_Driver/Src/stm32f3xx_hal_tim.c.obj
                0x0800270c                TIM_ETR_SetConfig
 .text.HAL_TIM_ConfigClockSource
                0x08002724      0x100 CMakeFiles/SpaceInvaders.elf.dir/Drivers/STM32F3xx_HAL_Driver/Src/stm32f3xx_hal_tim.c.obj
                0x08002724                HAL_TIM_ConfigClockSource
 .text.HAL_TIMEx_MasterConfigSynchronization
                0x08002824       0x90 CMakeFiles/SpaceInvaders.elf.dir/Drivers/STM32F3xx_HAL_Driver/Src/stm32f3xx_hal_tim_ex.c.obj
                0x08002824                HAL_TIMEx_MasterConfigSynchronization
 .text.HAL_TIMEx_CommutCallback
                0x080028b4        0x2 CMakeFiles/SpaceInvaders.elf.dir/Drivers/STM32F3xx_HAL_Driver/Src/stm32f3xx_hal_tim_ex.c.obj
                0x080028b4                HAL_TIMEx_CommutCallback
 .text.HAL_TIMEx_BreakCallback
                0x080028b6        0x2 CMakeFiles/SpaceInvaders.elf.dir/Drivers/STM32F3xx_HAL_Driver/Src/stm32f3xx_hal_tim_ex.c.obj
                0x080028b6                HAL_TIMEx_BreakCallback
 .text.HAL_TIMEx_Break2Callback
                0x080028b8        0x2 CMakeFiles/SpaceInvaders.elf.dir/Drivers/STM32F3xx_HAL_Driver/Src/stm32f3xx_hal_tim_ex.c.obj
                0x080028b8                HAL_TIMEx_Break2Callback
 .text.UART_EndRxTransfer
                0x080028ba       0x50 CMakeFiles/SpaceInvaders.elf.dir/Drivers/STM32F3xx_HAL_Driver/Src/stm32f3xx_hal_uart.c.obj
 .text.HAL_UART_TxCpltCallback
                0x0800290a        0x2 CMakeFiles/SpaceInvaders.elf.dir/Drivers/STM32F3xx_HAL_Driver/Src/stm32f3xx_hal_uart.c.obj
                0x0800290a                HAL_UART_TxCpltCallback
 .text.UART_EndTransmit_IT
                0x0800290c       0x22 CMakeFiles/SpaceInvaders.elf.dir/Drivers/STM32F3xx_HAL_Driver/Src/stm32f3xx_hal_uart.c.obj
 .text.HAL_UART_ErrorCallback
                0x0800292e        0x2 CMakeFiles/SpaceInvaders.elf.dir/Drivers/STM32F3xx_HAL_Driver/Src/stm32f3xx_hal_uart.c.obj
                0x0800292e                HAL_UART_ErrorCallback
 .text.UART_DMAAbortOnError
                0x08002930       0x14 CMakeFiles/SpaceInvaders.elf.dir/Drivers/STM32F3xx_HAL_Driver/Src/stm32f3xx_hal_uart.c.obj
 .text.HAL_UARTEx_RxEventCallback
                0x08002944        0x2 CMakeFiles/SpaceInvaders.elf.dir/Drivers/STM32F3xx_HAL_Driver/Src/stm32f3xx_hal_uart.c.obj
                0x08002944                HAL_UARTEx_RxEventCallback
 *fill*         0x08002946        0x2 
 .text.HAL_UART_IRQHandler
                0x08002948      0x2dc CMakeFiles/SpaceInvaders.elf.dir/Drivers/STM32F3xx_HAL_Driver/Src/stm32f3xx_hal_uart.c.obj
                0x08002948                HAL_UART_IRQHandler
 .text.UART_SetConfig
                0x08002c24      0x250 CMakeFiles/SpaceInvaders.elf.dir/Drivers/STM32F3xx_HAL_Driver/Src/stm32f3xx_hal_uart.c.obj
                0x08002c24                UART_SetConfig
 .text.UART_AdvFeatureConfig
                0x08002e74       0xca CMakeFiles/SpaceInvaders.elf.dir/Drivers/STM32F3xx_HAL_Driver/Src/stm32f3xx_hal_uart.c.obj
                0x08002e74                UART_AdvFeatureConfig
 .text.UART_WaitOnFlagUntilTimeout
                0x08002f3e       0xd0 CMakeFiles/SpaceInvaders.elf.dir/Drivers/STM32F3xx_HAL_Driver/Src/stm32f3xx_hal_uart.c.obj
                0x08002f3e                UART_WaitOnFlagUntilTimeout
 .text.UART_CheckIdleState
                0x0800300e       0x70 CMakeFiles/SpaceInvaders.elf.dir/Drivers/STM32F3xx_HAL_Driver/Src/stm32f3xx_hal_uart.c.obj
                0x0800300e                UART_CheckIdleState
 .text.HAL_UART_Init
                0x0800307e       0x62 CMakeFiles/SpaceInvaders.elf.dir/Drivers/STM32F3xx_HAL_Driver/Src/stm32f3xx_hal_uart.c.obj
                0x0800307e                HAL_UART_Init
 .text.HAL_UARTEx_WakeupCallback
                0x080030e0        0x2 CMakeFiles/SpaceInvaders.elf.dir/Drivers/STM32F3xx_HAL_Driver/Src/stm32f3xx_hal_uart_ex.c.obj
                0x080030e0                HAL_UARTEx_WakeupCallback
 .text.USB_DisableGlobalInt
                0x080030e2       0x14 CMakeFiles/SpaceInvaders.elf.dir/Drivers/STM32F3xx_HAL_Driver/Src/stm32f3xx_ll_usb.c.obj
                0x080030e2                USB_DisableGlobalInt
 .text.USB_DevInit
                0x080030f6       0x22 CMakeFiles/SpaceInvaders.elf.dir/Drivers/STM32F3xx_HAL_Driver/Src/stm32f3xx_ll_usb.c.obj
                0x080030f6                USB_DevInit
 .text.memset   0x08003118       0xa4 c:/progra~2/arm gnu toolchain arm-none-eabi/12.2 mpacbti-bet1/bin/../lib/gcc/arm-none-eabi/12.2.0/thumb/v7e-m/nofp\libg.a(libc_a-memset.o)
                0x08003118                memset
 .text.__libc_init_array
                0x080031bc       0x50 c:/progra~2/arm gnu toolchain arm-none-eabi/12.2 mpacbti-bet1/bin/../lib/gcc/arm-none-eabi/12.2.0/thumb/v7e-m/nofp\libg.a(libc_a-init.o)
                0x080031bc                __libc_init_array
 .text.__retarget_lock_acquire_recursive
                0x0800320c        0x4 c:/progra~2/arm gnu toolchain arm-none-eabi/12.2 mpacbti-bet1/bin/../lib/gcc/arm-none-eabi/12.2.0/thumb/v7e-m/nofp\libg.a(libc_a-lock.o)
                0x0800320c                __retarget_lock_acquire_recursive
 .text.__retarget_lock_release_recursive
                0x08003210        0x4 c:/progra~2/arm gnu toolchain arm-none-eabi/12.2 mpacbti-bet1/bin/../lib/gcc/arm-none-eabi/12.2.0/thumb/v7e-m/nofp\libg.a(libc_a-lock.o)
                0x08003210                __retarget_lock_release_recursive
 .text.startup.register_fini
                0x08003214       0x14 c:/progra~2/arm gnu toolchain arm-none-eabi/12.2 mpacbti-bet1/bin/../lib/gcc/arm-none-eabi/12.2.0/thumb/v7e-m/nofp\libg.a(libc_a-__call_atexit.o)
 .text.atexit   0x08003228        0xc c:/progra~2/arm gnu toolchain arm-none-eabi/12.2 mpacbti-bet1/bin/../lib/gcc/arm-none-eabi/12.2.0/thumb/v7e-m/nofp\libg.a(libc_a-atexit.o)
                0x08003228                atexit
 .text.__libc_fini_array
                0x08003234       0x28 c:/progra~2/arm gnu toolchain arm-none-eabi/12.2 mpacbti-bet1/bin/../lib/gcc/arm-none-eabi/12.2.0/thumb/v7e-m/nofp\libg.a(libc_a-fini.o)
                0x08003234                __libc_fini_array
 .text.__register_exitproc
                0x0800325c       0x88 c:/progra~2/arm gnu toolchain arm-none-eabi/12.2 mpacbti-bet1/bin/../lib/gcc/arm-none-eabi/12.2.0/thumb/v7e-m/nofp\libg.a(libc_a-__atexit.o)
                0x0800325c                __register_exitproc
 *(.glue_7)
 .glue_7        0x080032e4        0x0 linker stubs
 *(.glue_7t)
 .glue_7t       0x080032e4        0x0 linker stubs
 *(.eh_frame)
 .eh_frame      0x080032e4        0x0 c:/progra~2/arm gnu toolchain arm-none-eabi/12.2 mpacbti-bet1/bin/../lib/gcc/arm-none-eabi/12.2.0/thumb/v7e-m/nofp/crtbegin.o
 *(.init)
 .init          0x080032e4        0x4 c:/progra~2/arm gnu toolchain arm-none-eabi/12.2 mpacbti-bet1/bin/../lib/gcc/arm-none-eabi/12.2.0/thumb/v7e-m/nofp/crti.o
                0x080032e4                _init
 .init          0x080032e8        0x8 c:/progra~2/arm gnu toolchain arm-none-eabi/12.2 mpacbti-bet1/bin/../lib/gcc/arm-none-eabi/12.2.0/thumb/v7e-m/nofp/crtn.o
 *(.fini)
 .fini          0x080032f0        0x4 c:/progra~2/arm gnu toolchain arm-none-eabi/12.2 mpacbti-bet1/bin/../lib/gcc/arm-none-eabi/12.2.0/thumb/v7e-m/nofp/crti.o
                0x080032f0                _fini
 .fini          0x080032f4        0x8 c:/progra~2/arm gnu toolchain arm-none-eabi/12.2 mpacbti-bet1/bin/../lib/gcc/arm-none-eabi/12.2.0/thumb/v7e-m/nofp/crtn.o
                0x080032fc                        . = ALIGN (0x4)
                0x080032fc                        _etext = .

.vfp11_veneer   0x080032fc        0x0
 .vfp11_veneer  0x080032fc        0x0 linker stubs

.v4_bx          0x080032fc        0x0
 .v4_bx         0x080032fc        0x0 linker stubs

.iplt           0x080032fc        0x0
 .iplt          0x080032fc        0x0 c:/progra~2/arm gnu toolchain arm-none-eabi/12.2 mpacbti-bet1/bin/../lib/gcc/arm-none-eabi/12.2.0/thumb/v7e-m/nofp/crtbegin.o

.rodata         0x080032fc       0x58
                0x080032fc                        . = ALIGN (0x4)
 *(.rodata)
 *(.rodata*)
 .rodata.Keypad_OnInterrupt.str1.4
                0x080032fc        0xe CMakeFiles/SpaceInvaders.elf.dir/Core/Src/Keypad.c.obj
 *fill*         0x0800330a        0x2 
 .rodata.Utils_GetCharacter.str1.4
                0x0800330c        0xd CMakeFiles/SpaceInvaders.elf.dir/Core/Src/Utils.c.obj
 *fill*         0x08003319        0x3 
 .rodata.APBPrescTable
                0x0800331c        0x8 CMakeFiles/SpaceInvaders.elf.dir/Core/Src/system_stm32f3xx.c.obj
                0x0800331c                APBPrescTable
 .rodata.AHBPrescTable
                0x08003324       0x10 CMakeFiles/SpaceInvaders.elf.dir/Core/Src/system_stm32f3xx.c.obj
                0x08003324                AHBPrescTable
 .rodata.aPredivFactorTable
                0x08003334       0x10 CMakeFiles/SpaceInvaders.elf.dir/Drivers/STM32F3xx_HAL_Driver/Src/stm32f3xx_hal_rcc.c.obj
                0x08003334                aPredivFactorTable
 .rodata.aPLLMULFactorTable
                0x08003344       0x10 CMakeFiles/SpaceInvaders.elf.dir/Drivers/STM32F3xx_HAL_Driver/Src/stm32f3xx_hal_rcc.c.obj
                0x08003344                aPLLMULFactorTable
                0x08003354                        . = ALIGN (0x4)

.ARM.extab      0x08003354        0x0
                0x08003354                        . = ALIGN (0x4)
 *(.ARM.extab* .gnu.linkonce.armextab.*)
                0x08003354                        . = ALIGN (0x4)

.ARM            0x08003354        0x8
                0x08003354                        . = ALIGN (0x4)
                0x08003354                        __exidx_start = .
 *(.ARM.exidx*)
 .ARM.exidx     0x08003354        0x8 c:/progra~2/arm gnu toolchain arm-none-eabi/12.2 mpacbti-bet1/bin/../lib/gcc/arm-none-eabi/12.2.0/thumb/v7e-m/nofp\libg.a(libc_a-strlen.o)
                0x0800335c                        __exidx_end = .
                0x0800335c                        . = ALIGN (0x4)

.rel.dyn        0x0800335c        0x0
 .rel.iplt      0x0800335c        0x0 c:/progra~2/arm gnu toolchain arm-none-eabi/12.2 mpacbti-bet1/bin/../lib/gcc/arm-none-eabi/12.2.0/thumb/v7e-m/nofp/crtbegin.o

.preinit_array  0x0800335c        0x0
                0x0800335c                        . = ALIGN (0x4)
                0x0800335c                        PROVIDE (__preinit_array_start = .)
 *(.preinit_array*)
                0x0800335c                        PROVIDE (__preinit_array_end = .)
                0x0800335c                        . = ALIGN (0x4)

.init_array     0x0800335c        0x8
                0x0800335c                        . = ALIGN (0x4)
                0x0800335c                        PROVIDE (__init_array_start = .)
 *(SORT_BY_NAME(.init_array.*))
 .init_array.00000
                0x0800335c        0x4 c:/progra~2/arm gnu toolchain arm-none-eabi/12.2 mpacbti-bet1/bin/../lib/gcc/arm-none-eabi/12.2.0/thumb/v7e-m/nofp\libg.a(libc_a-__call_atexit.o)
 *(.init_array*)
 .init_array    0x08003360        0x4 c:/progra~2/arm gnu toolchain arm-none-eabi/12.2 mpacbti-bet1/bin/../lib/gcc/arm-none-eabi/12.2.0/thumb/v7e-m/nofp/crtbegin.o
                0x08003364                        PROVIDE (__init_array_end = .)
                0x08003364                        . = ALIGN (0x4)

.fini_array     0x08003364        0x4
                0x08003364                        . = ALIGN (0x4)
                0x08003364                        PROVIDE (__fini_array_start = .)
 *(SORT_BY_NAME(.fini_array.*))
 *(.fini_array*)
 .fini_array    0x08003364        0x4 c:/progra~2/arm gnu toolchain arm-none-eabi/12.2 mpacbti-bet1/bin/../lib/gcc/arm-none-eabi/12.2.0/thumb/v7e-m/nofp/crtbegin.o
                0x08003368                        PROVIDE (__fini_array_end = .)
                0x08003368                        . = ALIGN (0x4)
                0x08003368                        _sidata = LOADADDR (.data)

.data           0x20000000      0x17c load address 0x08003368
                0x20000000                        . = ALIGN (0x4)
                0x20000000                        _sdata = .
 *(.data)
 *(.data*)
 .data.board    0x20000000      0x150 CMakeFiles/SpaceInvaders.elf.dir/Core/Src/GameBoard.c.obj
                0x20000000                board
 .data.spaceship3
                0x20000150        0x8 CMakeFiles/SpaceInvaders.elf.dir/Core/Src/LCD.c.obj
                0x20000150                spaceship3
 .data.spaceship2
                0x20000158        0x8 CMakeFiles/SpaceInvaders.elf.dir/Core/Src/LCD.c.obj
                0x20000158                spaceship2
 .data.spaceship1
                0x20000160        0x8 CMakeFiles/SpaceInvaders.elf.dir/Core/Src/LCD.c.obj
                0x20000160                spaceship1
 .data._fourbit_mode
                0x20000168        0x1 CMakeFiles/SpaceInvaders.elf.dir/Core/Src/LiquidCrystal.c.obj
                0x20000168                _fourbit_mode
 *fill*         0x20000169        0x3 
 .data.SystemCoreClock
                0x2000016c        0x4 CMakeFiles/SpaceInvaders.elf.dir/Core/Src/system_stm32f3xx.c.obj
                0x2000016c                SystemCoreClock
 .data.uwTickFreq
                0x20000170        0x1 CMakeFiles/SpaceInvaders.elf.dir/Drivers/STM32F3xx_HAL_Driver/Src/stm32f3xx_hal.c.obj
                0x20000170                uwTickFreq
 *fill*         0x20000171        0x3 
 .data.uwTickPrio
                0x20000174        0x4 CMakeFiles/SpaceInvaders.elf.dir/Drivers/STM32F3xx_HAL_Driver/Src/stm32f3xx_hal.c.obj
                0x20000174                uwTickPrio
 .data.__atexit_recursive_mutex
                0x20000178        0x4 c:/progra~2/arm gnu toolchain arm-none-eabi/12.2 mpacbti-bet1/bin/../lib/gcc/arm-none-eabi/12.2.0/thumb/v7e-m/nofp\libg.a(libc_a-__call_atexit.o)
                0x20000178                __atexit_recursive_mutex
 *(.RamFunc)
 *(.RamFunc*)
                0x2000017c                        . = ALIGN (0x4)
                0x2000017c                        _edata = .
                0x080034e4                        _siccmram = LOADADDR (.ccmram)

.tm_clone_table
                0x2000017c        0x0 load address 0x080034e4
 .tm_clone_table
                0x2000017c        0x0 c:/progra~2/arm gnu toolchain arm-none-eabi/12.2 mpacbti-bet1/bin/../lib/gcc/arm-none-eabi/12.2.0/thumb/v7e-m/nofp/crtbegin.o
 .tm_clone_table
                0x2000017c        0x0 c:/progra~2/arm gnu toolchain arm-none-eabi/12.2 mpacbti-bet1/bin/../lib/gcc/arm-none-eabi/12.2.0/thumb/v7e-m/nofp/crtend.o

.igot.plt       0x2000017c        0x0 load address 0x080034e4
 .igot.plt      0x2000017c        0x0 c:/progra~2/arm gnu toolchain arm-none-eabi/12.2 mpacbti-bet1/bin/../lib/gcc/arm-none-eabi/12.2.0/thumb/v7e-m/nofp/crtbegin.o

.ccmram         0x10000000        0x0 load address 0x080034e4
                0x10000000                        . = ALIGN (0x4)
                0x10000000                        _sccmram = .
 *(.ccmram)
 *(.ccmram*)
                0x10000000                        . = ALIGN (0x4)
                0x10000000                        _eccmram = .
                0x10000000                        . = ALIGN (0x4)

.bss            0x2000017c      0x658
                0x2000017c                        _sbss = .
                0x2000017c                        __bss_start__ = _sbss
 *(.bss)
 *(.bss*)
 .bss.completed.1
                0x2000017c        0x1 c:/progra~2/arm gnu toolchain arm-none-eabi/12.2 mpacbti-bet1/bin/../lib/gcc/arm-none-eabi/12.2.0/thumb/v7e-m/nofp/crtbegin.o
 *fill*         0x2000017d        0x3 
 .bss.object.0  0x20000180       0x18 c:/progra~2/arm gnu toolchain arm-none-eabi/12.2 mpacbti-bet1/bin/../lib/gcc/arm-none-eabi/12.2.0/thumb/v7e-m/nofp/crtbegin.o
 .bss.currentScreen
                0x20000198        0x1 CMakeFiles/SpaceInvaders.elf.dir/Core/Src/GlobalVariables.c.obj
                0x20000198                currentScreen
 *fill*         0x20000199        0x3 
 .bss.current_time
                0x2000019c        0x4 CMakeFiles/SpaceInvaders.elf.dir/Core/Src/Keypad.c.obj
                0x2000019c                current_time
 .bss.last_debounce_time
                0x200001a0        0x4 CMakeFiles/SpaceInvaders.elf.dir/Core/Src/Keypad.c.obj
                0x200001a0                last_debounce_time
 .bss._row_offsets
                0x200001a4        0x4 CMakeFiles/SpaceInvaders.elf.dir/Core/Src/LiquidCrystal.c.obj
                0x200001a4                _row_offsets
 .bss._numlines
                0x200001a8        0x1 CMakeFiles/SpaceInvaders.elf.dir/Core/Src/LiquidCrystal.c.obj
                0x200001a8                _numlines
 .bss._displaymode
                0x200001a9        0x1 CMakeFiles/SpaceInvaders.elf.dir/Core/Src/LiquidCrystal.c.obj
                0x200001a9                _displaymode
 .bss._displaycontrol
                0x200001aa        0x1 CMakeFiles/SpaceInvaders.elf.dir/Core/Src/LiquidCrystal.c.obj
                0x200001aa                _displaycontrol
 .bss._displayfunction
                0x200001ab        0x1 CMakeFiles/SpaceInvaders.elf.dir/Core/Src/LiquidCrystal.c.obj
                0x200001ab                _displayfunction
 .bss._port     0x200001ac        0x4 CMakeFiles/SpaceInvaders.elf.dir/Core/Src/LiquidCrystal.c.obj
                0x200001ac                _port
 .bss._data_pins
                0x200001b0       0x10 CMakeFiles/SpaceInvaders.elf.dir/Core/Src/LiquidCrystal.c.obj
                0x200001b0                _data_pins
 .bss._enable_pin
                0x200001c0        0x2 CMakeFiles/SpaceInvaders.elf.dir/Core/Src/LiquidCrystal.c.obj
                0x200001c0                _enable_pin
 .bss._rw_pin   0x200001c2        0x2 CMakeFiles/SpaceInvaders.elf.dir/Core/Src/LiquidCrystal.c.obj
                0x200001c2                _rw_pin
 .bss._rs_pin   0x200001c4        0x2 CMakeFiles/SpaceInvaders.elf.dir/Core/Src/LiquidCrystal.c.obj
                0x200001c4                _rs_pin
 .bss.dotsize   0x200001c6        0x1 CMakeFiles/SpaceInvaders.elf.dir/Core/Src/LiquidCrystal.c.obj
                0x200001c6                dotsize
 *fill*         0x200001c7        0x1 
 .bss.hpcd_USB_FS
                0x200001c8      0x2ec CMakeFiles/SpaceInvaders.elf.dir/Core/Src/main.c.obj
                0x200001c8                hpcd_USB_FS
 .bss.huart1    0x200004b4       0x84 CMakeFiles/SpaceInvaders.elf.dir/Core/Src/main.c.obj
                0x200004b4                huart1
 .bss.htim2     0x20000538       0x4c CMakeFiles/SpaceInvaders.elf.dir/Core/Src/main.c.obj
                0x20000538                htim2
 .bss.hspi1     0x20000584       0x64 CMakeFiles/SpaceInvaders.elf.dir/Core/Src/main.c.obj
                0x20000584                hspi1
 .bss.hi2c1     0x200005e8       0x4c CMakeFiles/SpaceInvaders.elf.dir/Core/Src/main.c.obj
                0x200005e8                hi2c1
 .bss.timer_counter
                0x20000634        0x4 CMakeFiles/SpaceInvaders.elf.dir/Core/Src/stm32f3xx_it.c.obj
                0x20000634                timer_counter
 .bss.uwTick    0x20000638        0x4 CMakeFiles/SpaceInvaders.elf.dir/Drivers/STM32F3xx_HAL_Driver/Src/stm32f3xx_hal.c.obj
                0x20000638                uwTick
 .bss.__lock___atexit_recursive_mutex
                0x2000063c        0x1 c:/progra~2/arm gnu toolchain arm-none-eabi/12.2 mpacbti-bet1/bin/../lib/gcc/arm-none-eabi/12.2.0/thumb/v7e-m/nofp\libg.a(libc_a-lock.o)
                0x2000063c                __lock___atexit_recursive_mutex
 *fill*         0x2000063d        0x3 
 .bss.__atexit  0x20000640        0x4 c:/progra~2/arm gnu toolchain arm-none-eabi/12.2 mpacbti-bet1/bin/../lib/gcc/arm-none-eabi/12.2.0/thumb/v7e-m/nofp\libg.a(libc_a-__call_atexit.o)
                0x20000640                __atexit
 .bss.__atexit0
                0x20000644      0x190 c:/progra~2/arm gnu toolchain arm-none-eabi/12.2 mpacbti-bet1/bin/../lib/gcc/arm-none-eabi/12.2.0/thumb/v7e-m/nofp\libg.a(libc_a-__atexit.o)
                0x20000644                __atexit0
 *(COMMON)
                0x200007d4                        . = ALIGN (0x4)
                0x200007d4                        _ebss = .
                0x200007d4                        __bss_end__ = _ebss

._user_heap_stack
                0x200007d4      0x604
                0x200007d8                        . = ALIGN (0x8)
 *fill*         0x200007d4        0x4 
                [!provide]                        PROVIDE (end = .)
                0x200007d8                        PROVIDE (_end = .)
                0x200009d8                        . = (. + _Min_Heap_Size)
 *fill*         0x200007d8      0x200 
                0x20000dd8                        . = (. + _Min_Stack_Size)
 *fill*         0x200009d8      0x400 
                0x20000dd8                        . = ALIGN (0x8)

/DISCARD/
 libc.a(*)
 libm.a(*)
 libgcc.a(*)

.ARM.attributes
                0x00000000       0x2a
 *(.ARM.attributes)
 .ARM.attributes
                0x00000000       0x1e c:/progra~2/arm gnu toolchain arm-none-eabi/12.2 mpacbti-bet1/bin/../lib/gcc/arm-none-eabi/12.2.0/thumb/v7e-m/nofp/crti.o
 .ARM.attributes
                0x0000001e       0x2e c:/progra~2/arm gnu toolchain arm-none-eabi/12.2 mpacbti-bet1/bin/../lib/gcc/arm-none-eabi/12.2.0/thumb/v7e-m/nofp/crtbegin.o
 .ARM.attributes
                0x0000004c       0x2e CMakeFiles/SpaceInvaders.elf.dir/Core/Src/GameBoard.c.obj
 .ARM.attributes
                0x0000007a       0x2e CMakeFiles/SpaceInvaders.elf.dir/Core/Src/GlobalVariables.c.obj
 .ARM.attributes
                0x000000a8       0x2e CMakeFiles/SpaceInvaders.elf.dir/Core/Src/HomeScreen.c.obj
 .ARM.attributes
                0x000000d6       0x2e CMakeFiles/SpaceInvaders.elf.dir/Core/Src/Keypad.c.obj
 .ARM.attributes
                0x00000104       0x2e CMakeFiles/SpaceInvaders.elf.dir/Core/Src/LCD.c.obj
 .ARM.attributes
                0x00000132       0x2e CMakeFiles/SpaceInvaders.elf.dir/Core/Src/LiquidCrystal.c.obj
 .ARM.attributes
                0x00000160       0x2e CMakeFiles/SpaceInvaders.elf.dir/Core/Src/Utils.c.obj
 .ARM.attributes
                0x0000018e       0x2e CMakeFiles/SpaceInvaders.elf.dir/Core/Src/main.c.obj
 .ARM.attributes
                0x000001bc       0x2e CMakeFiles/SpaceInvaders.elf.dir/Core/Src/stm32f3xx_hal_msp.c.obj
 .ARM.attributes
                0x000001ea       0x2e CMakeFiles/SpaceInvaders.elf.dir/Core/Src/stm32f3xx_it.c.obj
 .ARM.attributes
                0x00000218       0x2e CMakeFiles/SpaceInvaders.elf.dir/Core/Src/system_stm32f3xx.c.obj
 .ARM.attributes
                0x00000246       0x21 CMakeFiles/SpaceInvaders.elf.dir/Core/Startup/startup_stm32f303vctx.s.obj
 .ARM.attributes
                0x00000267       0x2e CMakeFiles/SpaceInvaders.elf.dir/Drivers/STM32F3xx_HAL_Driver/Src/stm32f3xx_hal.c.obj
 .ARM.attributes
                0x00000295       0x2e CMakeFiles/SpaceInvaders.elf.dir/Drivers/STM32F3xx_HAL_Driver/Src/stm32f3xx_hal_cortex.c.obj
 .ARM.attributes
                0x000002c3       0x2e CMakeFiles/SpaceInvaders.elf.dir/Drivers/STM32F3xx_HAL_Driver/Src/stm32f3xx_hal_dma.c.obj
 .ARM.attributes
                0x000002f1       0x2e CMakeFiles/SpaceInvaders.elf.dir/Drivers/STM32F3xx_HAL_Driver/Src/stm32f3xx_hal_gpio.c.obj
 .ARM.attributes
                0x0000031f       0x2e CMakeFiles/SpaceInvaders.elf.dir/Drivers/STM32F3xx_HAL_Driver/Src/stm32f3xx_hal_i2c.c.obj
 .ARM.attributes
                0x0000034d       0x2e CMakeFiles/SpaceInvaders.elf.dir/Drivers/STM32F3xx_HAL_Driver/Src/stm32f3xx_hal_i2c_ex.c.obj
 .ARM.attributes
                0x0000037b       0x2e CMakeFiles/SpaceInvaders.elf.dir/Drivers/STM32F3xx_HAL_Driver/Src/stm32f3xx_hal_pcd.c.obj
 .ARM.attributes
                0x000003a9       0x2e CMakeFiles/SpaceInvaders.elf.dir/Drivers/STM32F3xx_HAL_Driver/Src/stm32f3xx_hal_rcc.c.obj
 .ARM.attributes
                0x000003d7       0x2e CMakeFiles/SpaceInvaders.elf.dir/Drivers/STM32F3xx_HAL_Driver/Src/stm32f3xx_hal_rcc_ex.c.obj
 .ARM.attributes
                0x00000405       0x2e CMakeFiles/SpaceInvaders.elf.dir/Drivers/STM32F3xx_HAL_Driver/Src/stm32f3xx_hal_spi.c.obj
 .ARM.attributes
                0x00000433       0x2e CMakeFiles/SpaceInvaders.elf.dir/Drivers/STM32F3xx_HAL_Driver/Src/stm32f3xx_hal_tim.c.obj
 .ARM.attributes
                0x00000461       0x2e CMakeFiles/SpaceInvaders.elf.dir/Drivers/STM32F3xx_HAL_Driver/Src/stm32f3xx_hal_tim_ex.c.obj
 .ARM.attributes
                0x0000048f       0x2e CMakeFiles/SpaceInvaders.elf.dir/Drivers/STM32F3xx_HAL_Driver/Src/stm32f3xx_hal_uart.c.obj
 .ARM.attributes
                0x000004bd       0x2e CMakeFiles/SpaceInvaders.elf.dir/Drivers/STM32F3xx_HAL_Driver/Src/stm32f3xx_hal_uart_ex.c.obj
 .ARM.attributes
                0x000004eb       0x2e CMakeFiles/SpaceInvaders.elf.dir/Drivers/STM32F3xx_HAL_Driver/Src/stm32f3xx_ll_usb.c.obj
 .ARM.attributes
                0x00000519       0x2e c:/progra~2/arm gnu toolchain arm-none-eabi/12.2 mpacbti-bet1/bin/../lib/gcc/arm-none-eabi/12.2.0/thumb/v7e-m/nofp\libg.a(libc_a-memset.o)
 .ARM.attributes
                0x00000547       0x2e c:/progra~2/arm gnu toolchain arm-none-eabi/12.2 mpacbti-bet1/bin/../lib/gcc/arm-none-eabi/12.2.0/thumb/v7e-m/nofp\libg.a(libc_a-init.o)
 .ARM.attributes
                0x00000575       0x2e c:/progra~2/arm gnu toolchain arm-none-eabi/12.2 mpacbti-bet1/bin/../lib/gcc/arm-none-eabi/12.2.0/thumb/v7e-m/nofp\libg.a(libc_a-lock.o)
 .ARM.attributes
                0x000005a3       0x1c c:/progra~2/arm gnu toolchain arm-none-eabi/12.2 mpacbti-bet1/bin/../lib/gcc/arm-none-eabi/12.2.0/thumb/v7e-m/nofp\libg.a(libc_a-strlen.o)
 .ARM.attributes
                0x000005bf       0x2e c:/progra~2/arm gnu toolchain arm-none-eabi/12.2 mpacbti-bet1/bin/../lib/gcc/arm-none-eabi/12.2.0/thumb/v7e-m/nofp\libg.a(libc_a-__call_atexit.o)
 .ARM.attributes
                0x000005ed       0x2e c:/progra~2/arm gnu toolchain arm-none-eabi/12.2 mpacbti-bet1/bin/../lib/gcc/arm-none-eabi/12.2.0/thumb/v7e-m/nofp\libg.a(libc_a-atexit.o)
 .ARM.attributes
                0x0000061b       0x2e c:/progra~2/arm gnu toolchain arm-none-eabi/12.2 mpacbti-bet1/bin/../lib/gcc/arm-none-eabi/12.2.0/thumb/v7e-m/nofp\libg.a(libc_a-fini.o)
 .ARM.attributes
                0x00000649       0x2e c:/progra~2/arm gnu toolchain arm-none-eabi/12.2 mpacbti-bet1/bin/../lib/gcc/arm-none-eabi/12.2.0/thumb/v7e-m/nofp\libg.a(libc_a-__atexit.o)
 .ARM.attributes
                0x00000677       0x2e c:/progra~2/arm gnu toolchain arm-none-eabi/12.2 mpacbti-bet1/bin/../lib/gcc/arm-none-eabi/12.2.0/thumb/v7e-m/nofp/crtend.o
 .ARM.attributes
                0x000006a5       0x1e c:/progra~2/arm gnu toolchain arm-none-eabi/12.2 mpacbti-bet1/bin/../lib/gcc/arm-none-eabi/12.2.0/thumb/v7e-m/nofp/crtn.o
OUTPUT(SpaceInvaders.elf elf32-littlearm)
LOAD linker stubs
LOAD c:/progra~2/arm gnu toolchain arm-none-eabi/12.2 mpacbti-bet1/bin/../lib/gcc/arm-none-eabi/12.2.0/thumb/v7e-m/nofp\libc.a
LOAD c:/progra~2/arm gnu toolchain arm-none-eabi/12.2 mpacbti-bet1/bin/../lib/gcc/arm-none-eabi/12.2.0/thumb/v7e-m/nofp\libm.a
LOAD c:/progra~2/arm gnu toolchain arm-none-eabi/12.2 mpacbti-bet1/bin/../lib/gcc/arm-none-eabi/12.2.0/thumb/v7e-m/nofp\libgcc.a

.comment        0x00000000       0x4c
 .comment       0x00000000       0x4c c:/progra~2/arm gnu toolchain arm-none-eabi/12.2 mpacbti-bet1/bin/../lib/gcc/arm-none-eabi/12.2.0/thumb/v7e-m/nofp/crtbegin.o
                                 0x4d (size before relaxing)
 .comment       0x0000004c       0x4d CMakeFiles/SpaceInvaders.elf.dir/Core/Src/GameBoard.c.obj
 .comment       0x0000004c       0x4d CMakeFiles/SpaceInvaders.elf.dir/Core/Src/GlobalVariables.c.obj
 .comment       0x0000004c       0x4d CMakeFiles/SpaceInvaders.elf.dir/Core/Src/HomeScreen.c.obj
 .comment       0x0000004c       0x4d CMakeFiles/SpaceInvaders.elf.dir/Core/Src/Keypad.c.obj
 .comment       0x0000004c       0x4d CMakeFiles/SpaceInvaders.elf.dir/Core/Src/LCD.c.obj
 .comment       0x0000004c       0x4d CMakeFiles/SpaceInvaders.elf.dir/Core/Src/LiquidCrystal.c.obj
 .comment       0x0000004c       0x4d CMakeFiles/SpaceInvaders.elf.dir/Core/Src/Utils.c.obj
 .comment       0x0000004c       0x4d CMakeFiles/SpaceInvaders.elf.dir/Core/Src/main.c.obj
 .comment       0x0000004c       0x4d CMakeFiles/SpaceInvaders.elf.dir/Core/Src/stm32f3xx_hal_msp.c.obj
 .comment       0x0000004c       0x4d CMakeFiles/SpaceInvaders.elf.dir/Core/Src/stm32f3xx_it.c.obj
 .comment       0x0000004c       0x4d CMakeFiles/SpaceInvaders.elf.dir/Core/Src/system_stm32f3xx.c.obj
 .comment       0x0000004c       0x4d CMakeFiles/SpaceInvaders.elf.dir/Drivers/STM32F3xx_HAL_Driver/Src/stm32f3xx_hal.c.obj
 .comment       0x0000004c       0x4d CMakeFiles/SpaceInvaders.elf.dir/Drivers/STM32F3xx_HAL_Driver/Src/stm32f3xx_hal_cortex.c.obj
 .comment       0x0000004c       0x4d CMakeFiles/SpaceInvaders.elf.dir/Drivers/STM32F3xx_HAL_Driver/Src/stm32f3xx_hal_dma.c.obj
 .comment       0x0000004c       0x4d CMakeFiles/SpaceInvaders.elf.dir/Drivers/STM32F3xx_HAL_Driver/Src/stm32f3xx_hal_gpio.c.obj
 .comment       0x0000004c       0x4d CMakeFiles/SpaceInvaders.elf.dir/Drivers/STM32F3xx_HAL_Driver/Src/stm32f3xx_hal_i2c.c.obj
 .comment       0x0000004c       0x4d CMakeFiles/SpaceInvaders.elf.dir/Drivers/STM32F3xx_HAL_Driver/Src/stm32f3xx_hal_i2c_ex.c.obj
 .comment       0x0000004c       0x4d CMakeFiles/SpaceInvaders.elf.dir/Drivers/STM32F3xx_HAL_Driver/Src/stm32f3xx_hal_pcd.c.obj
 .comment       0x0000004c       0x4d CMakeFiles/SpaceInvaders.elf.dir/Drivers/STM32F3xx_HAL_Driver/Src/stm32f3xx_hal_rcc.c.obj
 .comment       0x0000004c       0x4d CMakeFiles/SpaceInvaders.elf.dir/Drivers/STM32F3xx_HAL_Driver/Src/stm32f3xx_hal_rcc_ex.c.obj
 .comment       0x0000004c       0x4d CMakeFiles/SpaceInvaders.elf.dir/Drivers/STM32F3xx_HAL_Driver/Src/stm32f3xx_hal_spi.c.obj
 .comment       0x0000004c       0x4d CMakeFiles/SpaceInvaders.elf.dir/Drivers/STM32F3xx_HAL_Driver/Src/stm32f3xx_hal_tim.c.obj
 .comment       0x0000004c       0x4d CMakeFiles/SpaceInvaders.elf.dir/Drivers/STM32F3xx_HAL_Driver/Src/stm32f3xx_hal_tim_ex.c.obj
 .comment       0x0000004c       0x4d CMakeFiles/SpaceInvaders.elf.dir/Drivers/STM32F3xx_HAL_Driver/Src/stm32f3xx_hal_uart.c.obj
 .comment       0x0000004c       0x4d CMakeFiles/SpaceInvaders.elf.dir/Drivers/STM32F3xx_HAL_Driver/Src/stm32f3xx_hal_uart_ex.c.obj
 .comment       0x0000004c       0x4d CMakeFiles/SpaceInvaders.elf.dir/Drivers/STM32F3xx_HAL_Driver/Src/stm32f3xx_ll_usb.c.obj
 .comment       0x0000004c       0x4d c:/progra~2/arm gnu toolchain arm-none-eabi/12.2 mpacbti-bet1/bin/../lib/gcc/arm-none-eabi/12.2.0/thumb/v7e-m/nofp\libg.a(libc_a-memset.o)
 .comment       0x0000004c       0x4d c:/progra~2/arm gnu toolchain arm-none-eabi/12.2 mpacbti-bet1/bin/../lib/gcc/arm-none-eabi/12.2.0/thumb/v7e-m/nofp\libg.a(libc_a-init.o)
 .comment       0x0000004c       0x4d c:/progra~2/arm gnu toolchain arm-none-eabi/12.2 mpacbti-bet1/bin/../lib/gcc/arm-none-eabi/12.2.0/thumb/v7e-m/nofp\libg.a(libc_a-lock.o)
 .comment       0x0000004c       0x4d c:/progra~2/arm gnu toolchain arm-none-eabi/12.2 mpacbti-bet1/bin/../lib/gcc/arm-none-eabi/12.2.0/thumb/v7e-m/nofp\libg.a(libc_a-__call_atexit.o)
 .comment       0x0000004c       0x4d c:/progra~2/arm gnu toolchain arm-none-eabi/12.2 mpacbti-bet1/bin/../lib/gcc/arm-none-eabi/12.2.0/thumb/v7e-m/nofp\libg.a(libc_a-atexit.o)
 .comment       0x0000004c       0x4d c:/progra~2/arm gnu toolchain arm-none-eabi/12.2 mpacbti-bet1/bin/../lib/gcc/arm-none-eabi/12.2.0/thumb/v7e-m/nofp\libg.a(libc_a-fini.o)
 .comment       0x0000004c       0x4d c:/progra~2/arm gnu toolchain arm-none-eabi/12.2 mpacbti-bet1/bin/../lib/gcc/arm-none-eabi/12.2.0/thumb/v7e-m/nofp\libg.a(libc_a-__atexit.o)
 .comment       0x0000004c       0x4d c:/progra~2/arm gnu toolchain arm-none-eabi/12.2 mpacbti-bet1/bin/../lib/gcc/arm-none-eabi/12.2.0/thumb/v7e-m/nofp/crtend.o

.debug_info     0x00000000    0x207d7
 .debug_info    0x00000000      0x16f CMakeFiles/SpaceInvaders.elf.dir/Core/Src/GameBoard.c.obj
 .debug_info    0x0000016f       0x81 CMakeFiles/SpaceInvaders.elf.dir/Core/Src/GlobalVariables.c.obj
 .debug_info    0x000001f0      0x305 CMakeFiles/SpaceInvaders.elf.dir/Core/Src/HomeScreen.c.obj
 .debug_info    0x000004f5      0x3a1 CMakeFiles/SpaceInvaders.elf.dir/Core/Src/Keypad.c.obj
 .debug_info    0x00000896      0x2db CMakeFiles/SpaceInvaders.elf.dir/Core/Src/LCD.c.obj
 .debug_info    0x00000b71     0x128d CMakeFiles/SpaceInvaders.elf.dir/Core/Src/LiquidCrystal.c.obj
 .debug_info    0x00001dfe       0xe2 CMakeFiles/SpaceInvaders.elf.dir/Core/Src/Utils.c.obj
 .debug_info    0x00001ee0     0x2220 CMakeFiles/SpaceInvaders.elf.dir/Core/Src/main.c.obj
 .debug_info    0x00004100     0x1c33 CMakeFiles/SpaceInvaders.elf.dir/Core/Src/stm32f3xx_hal_msp.c.obj
 .debug_info    0x00005d33      0xd03 CMakeFiles/SpaceInvaders.elf.dir/Core/Src/stm32f3xx_it.c.obj
 .debug_info    0x00006a36      0x246 CMakeFiles/SpaceInvaders.elf.dir/Core/Src/system_stm32f3xx.c.obj
 .debug_info    0x00006c7c       0x2e CMakeFiles/SpaceInvaders.elf.dir/Core/Startup/startup_stm32f303vctx.s.obj
 .debug_info    0x00006caa      0x872 CMakeFiles/SpaceInvaders.elf.dir/Drivers/STM32F3xx_HAL_Driver/Src/stm32f3xx_hal.c.obj
 .debug_info    0x0000751c      0xedb CMakeFiles/SpaceInvaders.elf.dir/Drivers/STM32F3xx_HAL_Driver/Src/stm32f3xx_hal_cortex.c.obj
 .debug_info    0x000083f7      0x809 CMakeFiles/SpaceInvaders.elf.dir/Drivers/STM32F3xx_HAL_Driver/Src/stm32f3xx_hal_dma.c.obj
 .debug_info    0x00008c00      0x630 CMakeFiles/SpaceInvaders.elf.dir/Drivers/STM32F3xx_HAL_Driver/Src/stm32f3xx_hal_gpio.c.obj
 .debug_info    0x00009230     0x3d99 CMakeFiles/SpaceInvaders.elf.dir/Drivers/STM32F3xx_HAL_Driver/Src/stm32f3xx_hal_i2c.c.obj
 .debug_info    0x0000cfc9      0x827 CMakeFiles/SpaceInvaders.elf.dir/Drivers/STM32F3xx_HAL_Driver/Src/stm32f3xx_hal_i2c_ex.c.obj
 .debug_info    0x0000d7f0     0x1b65 CMakeFiles/SpaceInvaders.elf.dir/Drivers/STM32F3xx_HAL_Driver/Src/stm32f3xx_hal_pcd.c.obj
 .debug_info    0x0000f355     0x15b8 CMakeFiles/SpaceInvaders.elf.dir/Drivers/STM32F3xx_HAL_Driver/Src/stm32f3xx_hal_rcc.c.obj
 .debug_info    0x0001090d      0x76b CMakeFiles/SpaceInvaders.elf.dir/Drivers/STM32F3xx_HAL_Driver/Src/stm32f3xx_hal_rcc_ex.c.obj
 .debug_info    0x00011078     0x2072 CMakeFiles/SpaceInvaders.elf.dir/Drivers/STM32F3xx_HAL_Driver/Src/stm32f3xx_hal_spi.c.obj
 .debug_info    0x000130ea     0x3c25 CMakeFiles/SpaceInvaders.elf.dir/Drivers/STM32F3xx_HAL_Driver/Src/stm32f3xx_hal_tim.c.obj
 .debug_info    0x00016d0f     0x1b31 CMakeFiles/SpaceInvaders.elf.dir/Drivers/STM32F3xx_HAL_Driver/Src/stm32f3xx_hal_tim_ex.c.obj
 .debug_info    0x00018840     0x4d33 CMakeFiles/SpaceInvaders.elf.dir/Drivers/STM32F3xx_HAL_Driver/Src/stm32f3xx_hal_uart.c.obj
 .debug_info    0x0001d573      0xe4b CMakeFiles/SpaceInvaders.elf.dir/Drivers/STM32F3xx_HAL_Driver/Src/stm32f3xx_hal_uart_ex.c.obj
 .debug_info    0x0001e3be     0x1853 CMakeFiles/SpaceInvaders.elf.dir/Drivers/STM32F3xx_HAL_Driver/Src/stm32f3xx_ll_usb.c.obj
 .debug_info    0x0001fc11      0x135 c:/progra~2/arm gnu toolchain arm-none-eabi/12.2 mpacbti-bet1/bin/../lib/gcc/arm-none-eabi/12.2.0/thumb/v7e-m/nofp\libg.a(libc_a-memset.o)
 .debug_info    0x0001fd46      0x10b c:/progra~2/arm gnu toolchain arm-none-eabi/12.2 mpacbti-bet1/bin/../lib/gcc/arm-none-eabi/12.2.0/thumb/v7e-m/nofp\libg.a(libc_a-init.o)
 .debug_info    0x0001fe51      0x20a c:/progra~2/arm gnu toolchain arm-none-eabi/12.2 mpacbti-bet1/bin/../lib/gcc/arm-none-eabi/12.2.0/thumb/v7e-m/nofp\libg.a(libc_a-lock.o)
 .debug_info    0x0002005b       0x31 c:/progra~2/arm gnu toolchain arm-none-eabi/12.2 mpacbti-bet1/bin/../lib/gcc/arm-none-eabi/12.2.0/thumb/v7e-m/nofp\libg.a(libc_a-strlen.o)
 .debug_info    0x0002008c      0x2dd c:/progra~2/arm gnu toolchain arm-none-eabi/12.2 mpacbti-bet1/bin/../lib/gcc/arm-none-eabi/12.2.0/thumb/v7e-m/nofp\libg.a(libc_a-__call_atexit.o)
 .debug_info    0x00020369      0x118 c:/progra~2/arm gnu toolchain arm-none-eabi/12.2 mpacbti-bet1/bin/../lib/gcc/arm-none-eabi/12.2.0/thumb/v7e-m/nofp\libg.a(libc_a-atexit.o)
 .debug_info    0x00020481       0xf7 c:/progra~2/arm gnu toolchain arm-none-eabi/12.2 mpacbti-bet1/bin/../lib/gcc/arm-none-eabi/12.2.0/thumb/v7e-m/nofp\libg.a(libc_a-fini.o)
 .debug_info    0x00020578      0x25f c:/progra~2/arm gnu toolchain arm-none-eabi/12.2 mpacbti-bet1/bin/../lib/gcc/arm-none-eabi/12.2.0/thumb/v7e-m/nofp\libg.a(libc_a-__atexit.o)

.debug_abbrev   0x00000000     0x419c
 .debug_abbrev  0x00000000       0xe9 CMakeFiles/SpaceInvaders.elf.dir/Core/Src/GameBoard.c.obj
 .debug_abbrev  0x000000e9       0x5b CMakeFiles/SpaceInvaders.elf.dir/Core/Src/GlobalVariables.c.obj
 .debug_abbrev  0x00000144      0x12f CMakeFiles/SpaceInvaders.elf.dir/Core/Src/HomeScreen.c.obj
 .debug_abbrev  0x00000273      0x1dd CMakeFiles/SpaceInvaders.elf.dir/Core/Src/Keypad.c.obj
 .debug_abbrev  0x00000450      0x107 CMakeFiles/SpaceInvaders.elf.dir/Core/Src/LCD.c.obj
 .debug_abbrev  0x00000557      0x364 CMakeFiles/SpaceInvaders.elf.dir/Core/Src/LiquidCrystal.c.obj
 .debug_abbrev  0x000008bb       0x79 CMakeFiles/SpaceInvaders.elf.dir/Core/Src/Utils.c.obj
 .debug_abbrev  0x00000934      0x32b CMakeFiles/SpaceInvaders.elf.dir/Core/Src/main.c.obj
 .debug_abbrev  0x00000c5f      0x242 CMakeFiles/SpaceInvaders.elf.dir/Core/Src/stm32f3xx_hal_msp.c.obj
 .debug_abbrev  0x00000ea1      0x2c0 CMakeFiles/SpaceInvaders.elf.dir/Core/Src/stm32f3xx_it.c.obj
 .debug_abbrev  0x00001161      0x120 CMakeFiles/SpaceInvaders.elf.dir/Core/Src/system_stm32f3xx.c.obj
 .debug_abbrev  0x00001281       0x1d CMakeFiles/SpaceInvaders.elf.dir/Core/Startup/startup_stm32f303vctx.s.obj
 .debug_abbrev  0x0000129e      0x241 CMakeFiles/SpaceInvaders.elf.dir/Drivers/STM32F3xx_HAL_Driver/Src/stm32f3xx_hal.c.obj
 .debug_abbrev  0x000014df      0x39d CMakeFiles/SpaceInvaders.elf.dir/Drivers/STM32F3xx_HAL_Driver/Src/stm32f3xx_hal_cortex.c.obj
 .debug_abbrev  0x0000187c      0x235 CMakeFiles/SpaceInvaders.elf.dir/Drivers/STM32F3xx_HAL_Driver/Src/stm32f3xx_hal_dma.c.obj
 .debug_abbrev  0x00001ab1      0x1f8 CMakeFiles/SpaceInvaders.elf.dir/Drivers/STM32F3xx_HAL_Driver/Src/stm32f3xx_hal_gpio.c.obj
 .debug_abbrev  0x00001ca9      0x291 CMakeFiles/SpaceInvaders.elf.dir/Drivers/STM32F3xx_HAL_Driver/Src/stm32f3xx_hal_i2c.c.obj
 .debug_abbrev  0x00001f3a      0x1c6 CMakeFiles/SpaceInvaders.elf.dir/Drivers/STM32F3xx_HAL_Driver/Src/stm32f3xx_hal_i2c_ex.c.obj
 .debug_abbrev  0x00002100      0x30d CMakeFiles/SpaceInvaders.elf.dir/Drivers/STM32F3xx_HAL_Driver/Src/stm32f3xx_hal_pcd.c.obj
 .debug_abbrev  0x0000240d      0x320 CMakeFiles/SpaceInvaders.elf.dir/Drivers/STM32F3xx_HAL_Driver/Src/stm32f3xx_hal_rcc.c.obj
 .debug_abbrev  0x0000272d      0x279 CMakeFiles/SpaceInvaders.elf.dir/Drivers/STM32F3xx_HAL_Driver/Src/stm32f3xx_hal_rcc_ex.c.obj
 .debug_abbrev  0x000029a6      0x27c CMakeFiles/SpaceInvaders.elf.dir/Drivers/STM32F3xx_HAL_Driver/Src/stm32f3xx_hal_spi.c.obj
 .debug_abbrev  0x00002c22      0x26a CMakeFiles/SpaceInvaders.elf.dir/Drivers/STM32F3xx_HAL_Driver/Src/stm32f3xx_hal_tim.c.obj
 .debug_abbrev  0x00002e8c      0x268 CMakeFiles/SpaceInvaders.elf.dir/Drivers/STM32F3xx_HAL_Driver/Src/stm32f3xx_hal_tim_ex.c.obj
 .debug_abbrev  0x000030f4      0x305 CMakeFiles/SpaceInvaders.elf.dir/Drivers/STM32F3xx_HAL_Driver/Src/stm32f3xx_hal_uart.c.obj
 .debug_abbrev  0x000033f9      0x30b CMakeFiles/SpaceInvaders.elf.dir/Drivers/STM32F3xx_HAL_Driver/Src/stm32f3xx_hal_uart_ex.c.obj
 .debug_abbrev  0x00003704      0x2c0 CMakeFiles/SpaceInvaders.elf.dir/Drivers/STM32F3xx_HAL_Driver/Src/stm32f3xx_ll_usb.c.obj
 .debug_abbrev  0x000039c4       0xb7 c:/progra~2/arm gnu toolchain arm-none-eabi/12.2 mpacbti-bet1/bin/../lib/gcc/arm-none-eabi/12.2.0/thumb/v7e-m/nofp\libg.a(libc_a-memset.o)
 .debug_abbrev  0x00003a7b       0xc9 c:/progra~2/arm gnu toolchain arm-none-eabi/12.2 mpacbti-bet1/bin/../lib/gcc/arm-none-eabi/12.2.0/thumb/v7e-m/nofp\libg.a(libc_a-init.o)
 .debug_abbrev  0x00003b44      0x115 c:/progra~2/arm gnu toolchain arm-none-eabi/12.2 mpacbti-bet1/bin/../lib/gcc/arm-none-eabi/12.2.0/thumb/v7e-m/nofp\libg.a(libc_a-lock.o)
 .debug_abbrev  0x00003c59       0x21 c:/progra~2/arm gnu toolchain arm-none-eabi/12.2 mpacbti-bet1/bin/../lib/gcc/arm-none-eabi/12.2.0/thumb/v7e-m/nofp\libg.a(libc_a-strlen.o)
 .debug_abbrev  0x00003c7a      0x20c c:/progra~2/arm gnu toolchain arm-none-eabi/12.2 mpacbti-bet1/bin/../lib/gcc/arm-none-eabi/12.2.0/thumb/v7e-m/nofp\libg.a(libc_a-__call_atexit.o)
 .debug_abbrev  0x00003e86       0xc1 c:/progra~2/arm gnu toolchain arm-none-eabi/12.2 mpacbti-bet1/bin/../lib/gcc/arm-none-eabi/12.2.0/thumb/v7e-m/nofp\libg.a(libc_a-atexit.o)
 .debug_abbrev  0x00003f47       0xcc c:/progra~2/arm gnu toolchain arm-none-eabi/12.2 mpacbti-bet1/bin/../lib/gcc/arm-none-eabi/12.2.0/thumb/v7e-m/nofp\libg.a(libc_a-fini.o)
 .debug_abbrev  0x00004013      0x189 c:/progra~2/arm gnu toolchain arm-none-eabi/12.2 mpacbti-bet1/bin/../lib/gcc/arm-none-eabi/12.2.0/thumb/v7e-m/nofp\libg.a(libc_a-__atexit.o)

.debug_loclists
                0x00000000    0x10607
 .debug_loclists
                0x00000000       0x7f CMakeFiles/SpaceInvaders.elf.dir/Core/Src/GameBoard.c.obj
 .debug_loclists
                0x0000007f       0x4c CMakeFiles/SpaceInvaders.elf.dir/Core/Src/Keypad.c.obj
 .debug_loclists
                0x000000cb      0x5ed CMakeFiles/SpaceInvaders.elf.dir/Core/Src/LiquidCrystal.c.obj
 .debug_loclists
                0x000006b8       0x6d CMakeFiles/SpaceInvaders.elf.dir/Core/Src/Utils.c.obj
 .debug_loclists
                0x00000725       0x3a CMakeFiles/SpaceInvaders.elf.dir/Core/Src/main.c.obj
 .debug_loclists
                0x0000075f      0x17a CMakeFiles/SpaceInvaders.elf.dir/Core/Src/stm32f3xx_hal_msp.c.obj
 .debug_loclists
                0x000008d9       0x37 CMakeFiles/SpaceInvaders.elf.dir/Core/Src/stm32f3xx_it.c.obj
 .debug_loclists
                0x00000910       0xbc CMakeFiles/SpaceInvaders.elf.dir/Core/Src/system_stm32f3xx.c.obj
 .debug_loclists
                0x000009cc       0xc9 CMakeFiles/SpaceInvaders.elf.dir/Drivers/STM32F3xx_HAL_Driver/Src/stm32f3xx_hal.c.obj
 .debug_loclists
                0x00000a95      0x439 CMakeFiles/SpaceInvaders.elf.dir/Drivers/STM32F3xx_HAL_Driver/Src/stm32f3xx_hal_cortex.c.obj
 .debug_loclists
                0x00000ece      0x4c8 CMakeFiles/SpaceInvaders.elf.dir/Drivers/STM32F3xx_HAL_Driver/Src/stm32f3xx_hal_dma.c.obj
 .debug_loclists
                0x00001396      0x267 CMakeFiles/SpaceInvaders.elf.dir/Drivers/STM32F3xx_HAL_Driver/Src/stm32f3xx_hal_gpio.c.obj
 .debug_loclists
                0x000015fd     0x2ce2 CMakeFiles/SpaceInvaders.elf.dir/Drivers/STM32F3xx_HAL_Driver/Src/stm32f3xx_hal_i2c.c.obj
 .debug_loclists
                0x000042df      0x11d CMakeFiles/SpaceInvaders.elf.dir/Drivers/STM32F3xx_HAL_Driver/Src/stm32f3xx_hal_i2c_ex.c.obj
 .debug_loclists
                0x000043fc      0xcc3 CMakeFiles/SpaceInvaders.elf.dir/Drivers/STM32F3xx_HAL_Driver/Src/stm32f3xx_hal_pcd.c.obj
 .debug_loclists
                0x000050bf      0x850 CMakeFiles/SpaceInvaders.elf.dir/Drivers/STM32F3xx_HAL_Driver/Src/stm32f3xx_hal_rcc.c.obj
 .debug_loclists
                0x0000590f      0x71f CMakeFiles/SpaceInvaders.elf.dir/Drivers/STM32F3xx_HAL_Driver/Src/stm32f3xx_hal_rcc_ex.c.obj
 .debug_loclists
                0x0000602e     0x1580 CMakeFiles/SpaceInvaders.elf.dir/Drivers/STM32F3xx_HAL_Driver/Src/stm32f3xx_hal_spi.c.obj
 .debug_loclists
                0x000075ae     0x364e CMakeFiles/SpaceInvaders.elf.dir/Drivers/STM32F3xx_HAL_Driver/Src/stm32f3xx_hal_tim.c.obj
 .debug_loclists
                0x0000abfc     0x151e CMakeFiles/SpaceInvaders.elf.dir/Drivers/STM32F3xx_HAL_Driver/Src/stm32f3xx_hal_tim_ex.c.obj
 .debug_loclists
                0x0000c11a     0x2b8f CMakeFiles/SpaceInvaders.elf.dir/Drivers/STM32F3xx_HAL_Driver/Src/stm32f3xx_hal_uart.c.obj
 .debug_loclists
                0x0000eca9      0x61a CMakeFiles/SpaceInvaders.elf.dir/Drivers/STM32F3xx_HAL_Driver/Src/stm32f3xx_hal_uart_ex.c.obj
 .debug_loclists
                0x0000f2c3      0xeb7 CMakeFiles/SpaceInvaders.elf.dir/Drivers/STM32F3xx_HAL_Driver/Src/stm32f3xx_ll_usb.c.obj
 .debug_loclists
                0x0001017a      0x1cf c:/progra~2/arm gnu toolchain arm-none-eabi/12.2 mpacbti-bet1/bin/../lib/gcc/arm-none-eabi/12.2.0/thumb/v7e-m/nofp\libg.a(libc_a-memset.o)
 .debug_loclists
                0x00010349       0x6f c:/progra~2/arm gnu toolchain arm-none-eabi/12.2 mpacbti-bet1/bin/../lib/gcc/arm-none-eabi/12.2.0/thumb/v7e-m/nofp\libg.a(libc_a-init.o)
 .debug_loclists
                0x000103b8       0x23 c:/progra~2/arm gnu toolchain arm-none-eabi/12.2 mpacbti-bet1/bin/../lib/gcc/arm-none-eabi/12.2.0/thumb/v7e-m/nofp\libg.a(libc_a-lock.o)
 .debug_loclists
                0x000103db      0x128 c:/progra~2/arm gnu toolchain arm-none-eabi/12.2 mpacbti-bet1/bin/../lib/gcc/arm-none-eabi/12.2.0/thumb/v7e-m/nofp\libg.a(libc_a-__call_atexit.o)
 .debug_loclists
                0x00010503       0x2a c:/progra~2/arm gnu toolchain arm-none-eabi/12.2 mpacbti-bet1/bin/../lib/gcc/arm-none-eabi/12.2.0/thumb/v7e-m/nofp\libg.a(libc_a-atexit.o)
 .debug_loclists
                0x0001052d       0x4c c:/progra~2/arm gnu toolchain arm-none-eabi/12.2 mpacbti-bet1/bin/../lib/gcc/arm-none-eabi/12.2.0/thumb/v7e-m/nofp\libg.a(libc_a-fini.o)
 .debug_loclists
                0x00010579       0x8e c:/progra~2/arm gnu toolchain arm-none-eabi/12.2 mpacbti-bet1/bin/../lib/gcc/arm-none-eabi/12.2.0/thumb/v7e-m/nofp\libg.a(libc_a-__atexit.o)

.debug_aranges  0x00000000     0x16f0
 .debug_aranges
                0x00000000       0x40 CMakeFiles/SpaceInvaders.elf.dir/Core/Src/GameBoard.c.obj
 .debug_aranges
                0x00000040       0x18 CMakeFiles/SpaceInvaders.elf.dir/Core/Src/GlobalVariables.c.obj
 .debug_aranges
                0x00000058       0x30 CMakeFiles/SpaceInvaders.elf.dir/Core/Src/HomeScreen.c.obj
 .debug_aranges
                0x00000088       0x30 CMakeFiles/SpaceInvaders.elf.dir/Core/Src/Keypad.c.obj
 .debug_aranges
                0x000000b8       0x20 CMakeFiles/SpaceInvaders.elf.dir/Core/Src/LCD.c.obj
 .debug_aranges
                0x000000d8       0xf8 CMakeFiles/SpaceInvaders.elf.dir/Core/Src/LiquidCrystal.c.obj
 .debug_aranges
                0x000001d0       0x28 CMakeFiles/SpaceInvaders.elf.dir/Core/Src/Utils.c.obj
 .debug_aranges
                0x000001f8       0x70 CMakeFiles/SpaceInvaders.elf.dir/Core/Src/main.c.obj
 .debug_aranges
                0x00000268       0x70 CMakeFiles/SpaceInvaders.elf.dir/Core/Src/stm32f3xx_hal_msp.c.obj
 .debug_aranges
                0x000002d8       0xa0 CMakeFiles/SpaceInvaders.elf.dir/Core/Src/stm32f3xx_it.c.obj
 .debug_aranges
                0x00000378       0x28 CMakeFiles/SpaceInvaders.elf.dir/Core/Src/system_stm32f3xx.c.obj
 .debug_aranges
                0x000003a0       0x28 CMakeFiles/SpaceInvaders.elf.dir/Core/Startup/startup_stm32f303vctx.s.obj
 .debug_aranges
                0x000003c8       0xe0 CMakeFiles/SpaceInvaders.elf.dir/Drivers/STM32F3xx_HAL_Driver/Src/stm32f3xx_hal.c.obj
 .debug_aranges
                0x000004a8       0xd8 CMakeFiles/SpaceInvaders.elf.dir/Drivers/STM32F3xx_HAL_Driver/Src/stm32f3xx_hal_cortex.c.obj
 .debug_aranges
                0x00000580       0x88 CMakeFiles/SpaceInvaders.elf.dir/Drivers/STM32F3xx_HAL_Driver/Src/stm32f3xx_hal_dma.c.obj
 .debug_aranges
                0x00000608       0x58 CMakeFiles/SpaceInvaders.elf.dir/Drivers/STM32F3xx_HAL_Driver/Src/stm32f3xx_hal_gpio.c.obj
 .debug_aranges
                0x00000660      0x290 CMakeFiles/SpaceInvaders.elf.dir/Drivers/STM32F3xx_HAL_Driver/Src/stm32f3xx_hal_i2c.c.obj
 .debug_aranges
                0x000008f0       0x48 CMakeFiles/SpaceInvaders.elf.dir/Drivers/STM32F3xx_HAL_Driver/Src/stm32f3xx_hal_i2c_ex.c.obj
 .debug_aranges
                0x00000938      0x138 CMakeFiles/SpaceInvaders.elf.dir/Drivers/STM32F3xx_HAL_Driver/Src/stm32f3xx_hal_pcd.c.obj
 .debug_aranges
                0x00000a70       0x88 CMakeFiles/SpaceInvaders.elf.dir/Drivers/STM32F3xx_HAL_Driver/Src/stm32f3xx_hal_rcc.c.obj
 .debug_aranges
                0x00000af8       0x38 CMakeFiles/SpaceInvaders.elf.dir/Drivers/STM32F3xx_HAL_Driver/Src/stm32f3xx_hal_rcc_ex.c.obj
 .debug_aranges
                0x00000b30      0x1d8 CMakeFiles/SpaceInvaders.elf.dir/Drivers/STM32F3xx_HAL_Driver/Src/stm32f3xx_hal_spi.c.obj
 .debug_aranges
                0x00000d08      0x3e0 CMakeFiles/SpaceInvaders.elf.dir/Drivers/STM32F3xx_HAL_Driver/Src/stm32f3xx_hal_tim.c.obj
 .debug_aranges
                0x000010e8      0x178 CMakeFiles/SpaceInvaders.elf.dir/Drivers/STM32F3xx_HAL_Driver/Src/stm32f3xx_hal_tim_ex.c.obj
 .debug_aranges
                0x00001260      0x228 CMakeFiles/SpaceInvaders.elf.dir/Drivers/STM32F3xx_HAL_Driver/Src/stm32f3xx_hal_uart.c.obj
 .debug_aranges
                0x00001488       0x68 CMakeFiles/SpaceInvaders.elf.dir/Drivers/STM32F3xx_HAL_Driver/Src/stm32f3xx_hal_uart_ex.c.obj
 .debug_aranges
                0x000014f0       0xb0 CMakeFiles/SpaceInvaders.elf.dir/Drivers/STM32F3xx_HAL_Driver/Src/stm32f3xx_ll_usb.c.obj
 .debug_aranges
                0x000015a0       0x20 c:/progra~2/arm gnu toolchain arm-none-eabi/12.2 mpacbti-bet1/bin/../lib/gcc/arm-none-eabi/12.2.0/thumb/v7e-m/nofp\libg.a(libc_a-memset.o)
 .debug_aranges
                0x000015c0       0x20 c:/progra~2/arm gnu toolchain arm-none-eabi/12.2 mpacbti-bet1/bin/../lib/gcc/arm-none-eabi/12.2.0/thumb/v7e-m/nofp\libg.a(libc_a-init.o)
 .debug_aranges
                0x000015e0       0x68 c:/progra~2/arm gnu toolchain arm-none-eabi/12.2 mpacbti-bet1/bin/../lib/gcc/arm-none-eabi/12.2.0/thumb/v7e-m/nofp\libg.a(libc_a-lock.o)
 .debug_aranges
                0x00001648       0x20 c:/progra~2/arm gnu toolchain arm-none-eabi/12.2 mpacbti-bet1/bin/../lib/gcc/arm-none-eabi/12.2.0/thumb/v7e-m/nofp\libg.a(libc_a-strlen.o)
 .debug_aranges
                0x00001668       0x28 c:/progra~2/arm gnu toolchain arm-none-eabi/12.2 mpacbti-bet1/bin/../lib/gcc/arm-none-eabi/12.2.0/thumb/v7e-m/nofp\libg.a(libc_a-__call_atexit.o)
 .debug_aranges
                0x00001690       0x20 c:/progra~2/arm gnu toolchain arm-none-eabi/12.2 mpacbti-bet1/bin/../lib/gcc/arm-none-eabi/12.2.0/thumb/v7e-m/nofp\libg.a(libc_a-atexit.o)
 .debug_aranges
                0x000016b0       0x20 c:/progra~2/arm gnu toolchain arm-none-eabi/12.2 mpacbti-bet1/bin/../lib/gcc/arm-none-eabi/12.2.0/thumb/v7e-m/nofp\libg.a(libc_a-fini.o)
 .debug_aranges
                0x000016d0       0x20 c:/progra~2/arm gnu toolchain arm-none-eabi/12.2 mpacbti-bet1/bin/../lib/gcc/arm-none-eabi/12.2.0/thumb/v7e-m/nofp\libg.a(libc_a-__atexit.o)

.debug_rnglists
                0x00000000     0x1353
 .debug_rnglists
                0x00000000       0x64 CMakeFiles/SpaceInvaders.elf.dir/Core/Src/GameBoard.c.obj
 .debug_rnglists
                0x00000064       0x20 CMakeFiles/SpaceInvaders.elf.dir/Core/Src/HomeScreen.c.obj
 .debug_rnglists
                0x00000084       0x20 CMakeFiles/SpaceInvaders.elf.dir/Core/Src/Keypad.c.obj
 .debug_rnglists
                0x000000a4       0x13 CMakeFiles/SpaceInvaders.elf.dir/Core/Src/LCD.c.obj
 .debug_rnglists
                0x000000b7       0xb7 CMakeFiles/SpaceInvaders.elf.dir/Core/Src/LiquidCrystal.c.obj
 .debug_rnglists
                0x0000016e       0x19 CMakeFiles/SpaceInvaders.elf.dir/Core/Src/Utils.c.obj
 .debug_rnglists
                0x00000187       0x51 CMakeFiles/SpaceInvaders.elf.dir/Core/Src/main.c.obj
 .debug_rnglists
                0x000001d8       0x4f CMakeFiles/SpaceInvaders.elf.dir/Core/Src/stm32f3xx_hal_msp.c.obj
 .debug_rnglists
                0x00000227       0x7f CMakeFiles/SpaceInvaders.elf.dir/Core/Src/stm32f3xx_it.c.obj
 .debug_rnglists
                0x000002a6       0x1a CMakeFiles/SpaceInvaders.elf.dir/Core/Src/system_stm32f3xx.c.obj
 .debug_rnglists
                0x000002c0       0x19 CMakeFiles/SpaceInvaders.elf.dir/Core/Startup/startup_stm32f303vctx.s.obj
 .debug_rnglists
                0x000002d9       0xa3 CMakeFiles/SpaceInvaders.elf.dir/Drivers/STM32F3xx_HAL_Driver/Src/stm32f3xx_hal.c.obj
 .debug_rnglists
                0x0000037c       0x9d CMakeFiles/SpaceInvaders.elf.dir/Drivers/STM32F3xx_HAL_Driver/Src/stm32f3xx_hal_cortex.c.obj
 .debug_rnglists
                0x00000419       0x63 CMakeFiles/SpaceInvaders.elf.dir/Drivers/STM32F3xx_HAL_Driver/Src/stm32f3xx_hal_dma.c.obj
 .debug_rnglists
                0x0000047c       0x3f CMakeFiles/SpaceInvaders.elf.dir/Drivers/STM32F3xx_HAL_Driver/Src/stm32f3xx_hal_gpio.c.obj
 .debug_rnglists
                0x000004bb      0x20d CMakeFiles/SpaceInvaders.elf.dir/Drivers/STM32F3xx_HAL_Driver/Src/stm32f3xx_hal_i2c.c.obj
 .debug_rnglists
                0x000006c8       0x31 CMakeFiles/SpaceInvaders.elf.dir/Drivers/STM32F3xx_HAL_Driver/Src/stm32f3xx_hal_i2c_ex.c.obj
 .debug_rnglists
                0x000006f9      0x166 CMakeFiles/SpaceInvaders.elf.dir/Drivers/STM32F3xx_HAL_Driver/Src/stm32f3xx_hal_pcd.c.obj
 .debug_rnglists
                0x0000085f       0x79 CMakeFiles/SpaceInvaders.elf.dir/Drivers/STM32F3xx_HAL_Driver/Src/stm32f3xx_hal_rcc.c.obj
 .debug_rnglists
                0x000008d8       0x28 CMakeFiles/SpaceInvaders.elf.dir/Drivers/STM32F3xx_HAL_Driver/Src/stm32f3xx_hal_rcc_ex.c.obj
 .debug_rnglists
                0x00000900      0x171 CMakeFiles/SpaceInvaders.elf.dir/Drivers/STM32F3xx_HAL_Driver/Src/stm32f3xx_hal_spi.c.obj
 .debug_rnglists
                0x00000a71      0x312 CMakeFiles/SpaceInvaders.elf.dir/Drivers/STM32F3xx_HAL_Driver/Src/stm32f3xx_hal_tim.c.obj
 .debug_rnglists
                0x00000d83      0x128 CMakeFiles/SpaceInvaders.elf.dir/Drivers/STM32F3xx_HAL_Driver/Src/stm32f3xx_hal_tim_ex.c.obj
 .debug_rnglists
                0x00000eab      0x1bc CMakeFiles/SpaceInvaders.elf.dir/Drivers/STM32F3xx_HAL_Driver/Src/stm32f3xx_hal_uart.c.obj
 .debug_rnglists
                0x00001067       0x4b CMakeFiles/SpaceInvaders.elf.dir/Drivers/STM32F3xx_HAL_Driver/Src/stm32f3xx_hal_uart_ex.c.obj
 .debug_rnglists
                0x000010b2      0x1c2 CMakeFiles/SpaceInvaders.elf.dir/Drivers/STM32F3xx_HAL_Driver/Src/stm32f3xx_ll_usb.c.obj
 .debug_rnglists
                0x00001274       0x14 c:/progra~2/arm gnu toolchain arm-none-eabi/12.2 mpacbti-bet1/bin/../lib/gcc/arm-none-eabi/12.2.0/thumb/v7e-m/nofp\libg.a(libc_a-memset.o)
 .debug_rnglists
                0x00001288       0x13 c:/progra~2/arm gnu toolchain arm-none-eabi/12.2 mpacbti-bet1/bin/../lib/gcc/arm-none-eabi/12.2.0/thumb/v7e-m/nofp\libg.a(libc_a-init.o)
 .debug_rnglists
                0x0000129b       0x49 c:/progra~2/arm gnu toolchain arm-none-eabi/12.2 mpacbti-bet1/bin/../lib/gcc/arm-none-eabi/12.2.0/thumb/v7e-m/nofp\libg.a(libc_a-lock.o)
 .debug_rnglists
                0x000012e4       0x35 c:/progra~2/arm gnu toolchain arm-none-eabi/12.2 mpacbti-bet1/bin/../lib/gcc/arm-none-eabi/12.2.0/thumb/v7e-m/nofp\libg.a(libc_a-__call_atexit.o)
 .debug_rnglists
                0x00001319       0x13 c:/progra~2/arm gnu toolchain arm-none-eabi/12.2 mpacbti-bet1/bin/../lib/gcc/arm-none-eabi/12.2.0/thumb/v7e-m/nofp\libg.a(libc_a-atexit.o)
 .debug_rnglists
                0x0000132c       0x13 c:/progra~2/arm gnu toolchain arm-none-eabi/12.2 mpacbti-bet1/bin/../lib/gcc/arm-none-eabi/12.2.0/thumb/v7e-m/nofp\libg.a(libc_a-fini.o)
 .debug_rnglists
                0x0000133f       0x14 c:/progra~2/arm gnu toolchain arm-none-eabi/12.2 mpacbti-bet1/bin/../lib/gcc/arm-none-eabi/12.2.0/thumb/v7e-m/nofp\libg.a(libc_a-__atexit.o)

.debug_line     0x00000000    0x1efc7
 .debug_line    0x00000000      0x19c CMakeFiles/SpaceInvaders.elf.dir/Core/Src/GameBoard.c.obj
 .debug_line    0x0000019c       0xc3 CMakeFiles/SpaceInvaders.elf.dir/Core/Src/GlobalVariables.c.obj
 .debug_line    0x0000025f      0x2fb CMakeFiles/SpaceInvaders.elf.dir/Core/Src/HomeScreen.c.obj
 .debug_line    0x0000055a      0x307 CMakeFiles/SpaceInvaders.elf.dir/Core/Src/Keypad.c.obj
 .debug_line    0x00000861      0x226 CMakeFiles/SpaceInvaders.elf.dir/Core/Src/LCD.c.obj
 .debug_line    0x00000a87      0xa9f CMakeFiles/SpaceInvaders.elf.dir/Core/Src/LiquidCrystal.c.obj
 .debug_line    0x00001526       0xab CMakeFiles/SpaceInvaders.elf.dir/Core/Src/Utils.c.obj
 .debug_line    0x000015d1      0x920 CMakeFiles/SpaceInvaders.elf.dir/Core/Src/main.c.obj
 .debug_line    0x00001ef1      0x5e9 CMakeFiles/SpaceInvaders.elf.dir/Core/Src/stm32f3xx_hal_msp.c.obj
 .debug_line    0x000024da      0x5bf CMakeFiles/SpaceInvaders.elf.dir/Core/Src/stm32f3xx_it.c.obj
 .debug_line    0x00002a99      0x29a CMakeFiles/SpaceInvaders.elf.dir/Core/Src/system_stm32f3xx.c.obj
 .debug_line    0x00002d33       0x7a CMakeFiles/SpaceInvaders.elf.dir/Core/Startup/startup_stm32f303vctx.s.obj
 .debug_line    0x00002dad      0x61c CMakeFiles/SpaceInvaders.elf.dir/Drivers/STM32F3xx_HAL_Driver/Src/stm32f3xx_hal.c.obj
 .debug_line    0x000033c9      0x8d9 CMakeFiles/SpaceInvaders.elf.dir/Drivers/STM32F3xx_HAL_Driver/Src/stm32f3xx_hal_cortex.c.obj
 .debug_line    0x00003ca2      0xad9 CMakeFiles/SpaceInvaders.elf.dir/Drivers/STM32F3xx_HAL_Driver/Src/stm32f3xx_hal_dma.c.obj
 .debug_line    0x0000477b      0x742 CMakeFiles/SpaceInvaders.elf.dir/Drivers/STM32F3xx_HAL_Driver/Src/stm32f3xx_hal_gpio.c.obj
 .debug_line    0x00004ebd     0x4a4f CMakeFiles/SpaceInvaders.elf.dir/Drivers/STM32F3xx_HAL_Driver/Src/stm32f3xx_hal_i2c.c.obj
 .debug_line    0x0000990c      0x5b5 CMakeFiles/SpaceInvaders.elf.dir/Drivers/STM32F3xx_HAL_Driver/Src/stm32f3xx_hal_i2c_ex.c.obj
 .debug_line    0x00009ec1     0x18c2 CMakeFiles/SpaceInvaders.elf.dir/Drivers/STM32F3xx_HAL_Driver/Src/stm32f3xx_hal_pcd.c.obj
 .debug_line    0x0000b783     0x12a3 CMakeFiles/SpaceInvaders.elf.dir/Drivers/STM32F3xx_HAL_Driver/Src/stm32f3xx_hal_rcc.c.obj
 .debug_line    0x0000ca26      0xbd5 CMakeFiles/SpaceInvaders.elf.dir/Drivers/STM32F3xx_HAL_Driver/Src/stm32f3xx_hal_rcc_ex.c.obj
 .debug_line    0x0000d5fb     0x2a21 CMakeFiles/SpaceInvaders.elf.dir/Drivers/STM32F3xx_HAL_Driver/Src/stm32f3xx_hal_spi.c.obj
 .debug_line    0x0001001c     0x4f52 CMakeFiles/SpaceInvaders.elf.dir/Drivers/STM32F3xx_HAL_Driver/Src/stm32f3xx_hal_tim.c.obj
 .debug_line    0x00014f6e     0x1ec2 CMakeFiles/SpaceInvaders.elf.dir/Drivers/STM32F3xx_HAL_Driver/Src/stm32f3xx_hal_tim_ex.c.obj
 .debug_line    0x00016e30     0x5156 CMakeFiles/SpaceInvaders.elf.dir/Drivers/STM32F3xx_HAL_Driver/Src/stm32f3xx_hal_uart.c.obj
 .debug_line    0x0001bf86      0xaaa CMakeFiles/SpaceInvaders.elf.dir/Drivers/STM32F3xx_HAL_Driver/Src/stm32f3xx_hal_uart_ex.c.obj
 .debug_line    0x0001ca30     0x189f CMakeFiles/SpaceInvaders.elf.dir/Drivers/STM32F3xx_HAL_Driver/Src/stm32f3xx_ll_usb.c.obj
 .debug_line    0x0001e2cf      0x245 c:/progra~2/arm gnu toolchain arm-none-eabi/12.2 mpacbti-bet1/bin/../lib/gcc/arm-none-eabi/12.2.0/thumb/v7e-m/nofp\libg.a(libc_a-memset.o)
 .debug_line    0x0001e514      0x196 c:/progra~2/arm gnu toolchain arm-none-eabi/12.2 mpacbti-bet1/bin/../lib/gcc/arm-none-eabi/12.2.0/thumb/v7e-m/nofp\libg.a(libc_a-init.o)
 .debug_line    0x0001e6aa      0x1ad c:/progra~2/arm gnu toolchain arm-none-eabi/12.2 mpacbti-bet1/bin/../lib/gcc/arm-none-eabi/12.2.0/thumb/v7e-m/nofp\libg.a(libc_a-lock.o)
 .debug_line    0x0001e857       0x86 c:/progra~2/arm gnu toolchain arm-none-eabi/12.2 mpacbti-bet1/bin/../lib/gcc/arm-none-eabi/12.2.0/thumb/v7e-m/nofp\libg.a(libc_a-strlen.o)
 .debug_line    0x0001e8dd      0x2ca c:/progra~2/arm gnu toolchain arm-none-eabi/12.2 mpacbti-bet1/bin/../lib/gcc/arm-none-eabi/12.2.0/thumb/v7e-m/nofp\libg.a(libc_a-__call_atexit.o)
 .debug_line    0x0001eba7      0x114 c:/progra~2/arm gnu toolchain arm-none-eabi/12.2 mpacbti-bet1/bin/../lib/gcc/arm-none-eabi/12.2.0/thumb/v7e-m/nofp\libg.a(libc_a-atexit.o)
 .debug_line    0x0001ecbb      0x146 c:/progra~2/arm gnu toolchain arm-none-eabi/12.2 mpacbti-bet1/bin/../lib/gcc/arm-none-eabi/12.2.0/thumb/v7e-m/nofp\libg.a(libc_a-fini.o)
 .debug_line    0x0001ee01      0x1c6 c:/progra~2/arm gnu toolchain arm-none-eabi/12.2 mpacbti-bet1/bin/../lib/gcc/arm-none-eabi/12.2.0/thumb/v7e-m/nofp\libg.a(libc_a-__atexit.o)

.debug_str      0x00000000     0x6d3f
 .debug_str     0x00000000      0x207 CMakeFiles/SpaceInvaders.elf.dir/Core/Src/GameBoard.c.obj
                                0x247 (size before relaxing)
 .debug_str     0x00000207       0xdc CMakeFiles/SpaceInvaders.elf.dir/Core/Src/GlobalVariables.c.obj
                                0x1e8 (size before relaxing)
 .debug_str     0x000002e3       0xe9 CMakeFiles/SpaceInvaders.elf.dir/Core/Src/HomeScreen.c.obj
                                0x30b (size before relaxing)
 .debug_str     0x000003cc      0x12e CMakeFiles/SpaceInvaders.elf.dir/Core/Src/Keypad.c.obj
                                0x370 (size before relaxing)
 .debug_str     0x000004fa       0xa8 CMakeFiles/SpaceInvaders.elf.dir/Core/Src/LCD.c.obj
                                0x291 (size before relaxing)
 .debug_str     0x000005a2      0x2ae CMakeFiles/SpaceInvaders.elf.dir/Core/Src/LiquidCrystal.c.obj
                                0x558 (size before relaxing)
 .debug_str     0x00000850       0x5e CMakeFiles/SpaceInvaders.elf.dir/Core/Src/Utils.c.obj
                                0x20a (size before relaxing)
 .debug_str     0x000008ae     0x176c CMakeFiles/SpaceInvaders.elf.dir/Core/Src/main.c.obj
                               0x1b61 (size before relaxing)
 .debug_str     0x0000201a      0x173 CMakeFiles/SpaceInvaders.elf.dir/Core/Src/stm32f3xx_hal_msp.c.obj
                               0x16ca (size before relaxing)
 .debug_str     0x0000218d      0x1d2 CMakeFiles/SpaceInvaders.elf.dir/Core/Src/stm32f3xx_it.c.obj
                                0xb7b (size before relaxing)
 .debug_str     0x0000235f       0xc2 CMakeFiles/SpaceInvaders.elf.dir/Core/Src/system_stm32f3xx.c.obj
                                0x2c9 (size before relaxing)
 .debug_str     0x00002421       0x7c CMakeFiles/SpaceInvaders.elf.dir/Core/Startup/startup_stm32f303vctx.s.obj
                                 0xc8 (size before relaxing)
 .debug_str     0x0000249d      0x304 CMakeFiles/SpaceInvaders.elf.dir/Drivers/STM32F3xx_HAL_Driver/Src/stm32f3xx_hal.c.obj
                                0xa07 (size before relaxing)
 .debug_str     0x000027a1      0x4b2 CMakeFiles/SpaceInvaders.elf.dir/Drivers/STM32F3xx_HAL_Driver/Src/stm32f3xx_hal_cortex.c.obj
                                0xbb7 (size before relaxing)
 .debug_str     0x00002c53      0x27f CMakeFiles/SpaceInvaders.elf.dir/Drivers/STM32F3xx_HAL_Driver/Src/stm32f3xx_hal_dma.c.obj
                                0x66f (size before relaxing)
 .debug_str     0x00002ed2      0x104 CMakeFiles/SpaceInvaders.elf.dir/Drivers/STM32F3xx_HAL_Driver/Src/stm32f3xx_hal_gpio.c.obj
                                0x482 (size before relaxing)
 .debug_str     0x00002fd6      0x898 CMakeFiles/SpaceInvaders.elf.dir/Drivers/STM32F3xx_HAL_Driver/Src/stm32f3xx_hal_i2c.c.obj
                                0xfd5 (size before relaxing)
 .debug_str     0x0000386e       0xef CMakeFiles/SpaceInvaders.elf.dir/Drivers/STM32F3xx_HAL_Driver/Src/stm32f3xx_hal_i2c_ex.c.obj
                                0x832 (size before relaxing)
 .debug_str     0x0000395d      0x50d CMakeFiles/SpaceInvaders.elf.dir/Drivers/STM32F3xx_HAL_Driver/Src/stm32f3xx_hal_pcd.c.obj
                                0xadb (size before relaxing)
 .debug_str     0x00003e6a      0x219 CMakeFiles/SpaceInvaders.elf.dir/Drivers/STM32F3xx_HAL_Driver/Src/stm32f3xx_hal_rcc.c.obj
                                0x6cf (size before relaxing)
 .debug_str     0x00004083       0xf5 CMakeFiles/SpaceInvaders.elf.dir/Drivers/STM32F3xx_HAL_Driver/Src/stm32f3xx_hal_rcc_ex.c.obj
                                0x58b (size before relaxing)
 .debug_str     0x00004178      0x590 CMakeFiles/SpaceInvaders.elf.dir/Drivers/STM32F3xx_HAL_Driver/Src/stm32f3xx_hal_spi.c.obj
                                0xc34 (size before relaxing)
 .debug_str     0x00004708      0xecd CMakeFiles/SpaceInvaders.elf.dir/Drivers/STM32F3xx_HAL_Driver/Src/stm32f3xx_hal_tim.c.obj
                               0x174e (size before relaxing)
 .debug_str     0x000055d5      0x56e CMakeFiles/SpaceInvaders.elf.dir/Drivers/STM32F3xx_HAL_Driver/Src/stm32f3xx_hal_tim_ex.c.obj
                                0xfa4 (size before relaxing)
 .debug_str     0x00005b43      0x774 CMakeFiles/SpaceInvaders.elf.dir/Drivers/STM32F3xx_HAL_Driver/Src/stm32f3xx_hal_uart.c.obj
                                0xf2a (size before relaxing)
 .debug_str     0x000062b7      0x1d5 CMakeFiles/SpaceInvaders.elf.dir/Drivers/STM32F3xx_HAL_Driver/Src/stm32f3xx_hal_uart_ex.c.obj
                                0x90d (size before relaxing)
 .debug_str     0x0000648c      0x103 CMakeFiles/SpaceInvaders.elf.dir/Drivers/STM32F3xx_HAL_Driver/Src/stm32f3xx_ll_usb.c.obj
                                0x68d (size before relaxing)
 .debug_str     0x0000658f      0x172 c:/progra~2/arm gnu toolchain arm-none-eabi/12.2 mpacbti-bet1/bin/../lib/gcc/arm-none-eabi/12.2.0/thumb/v7e-m/nofp\libg.a(libc_a-memset.o)
                                0x21c (size before relaxing)
 .debug_str     0x00006701       0xbf c:/progra~2/arm gnu toolchain arm-none-eabi/12.2 mpacbti-bet1/bin/../lib/gcc/arm-none-eabi/12.2.0/thumb/v7e-m/nofp\libg.a(libc_a-init.o)
                                0x269 (size before relaxing)
 .debug_str     0x000067c0      0x26f c:/progra~2/arm gnu toolchain arm-none-eabi/12.2 mpacbti-bet1/bin/../lib/gcc/arm-none-eabi/12.2.0/thumb/v7e-m/nofp\libg.a(libc_a-lock.o)
                                0x37b (size before relaxing)
 .debug_str     0x00006a2f       0x6e c:/progra~2/arm gnu toolchain arm-none-eabi/12.2 mpacbti-bet1/bin/../lib/gcc/arm-none-eabi/12.2.0/thumb/v7e-m/nofp\libg.a(libc_a-strlen.o)
                                0x105 (size before relaxing)
 .debug_str     0x00006a9d      0x109 c:/progra~2/arm gnu toolchain arm-none-eabi/12.2 mpacbti-bet1/bin/../lib/gcc/arm-none-eabi/12.2.0/thumb/v7e-m/nofp\libg.a(libc_a-__call_atexit.o)
                                0x345 (size before relaxing)
 .debug_str     0x00006ba6       0xa7 c:/progra~2/arm gnu toolchain arm-none-eabi/12.2 mpacbti-bet1/bin/../lib/gcc/arm-none-eabi/12.2.0/thumb/v7e-m/nofp\libg.a(libc_a-atexit.o)
                                0x245 (size before relaxing)